Component: Arm Compiler for Embedded 6.21 Tool: armlink [5ec1fa00]

==============================================================================

Section Cross References

    main.o(.text.main) refers to stm32h7xx_hal.o(.text.HAL_Init) for HAL_Init
    main.o(.text.main) refers to main.o(.text.MPU_Config) for MPU_Config
    main.o(.text.main) refers to main.o(.text.SystemClock_Config) for SystemClock_Config
    main.o(.text.main) refers to gpio.o(.text.MX_GPIO_Init) for MX_GPIO_Init
    main.o(.text.main) refers to tim.o(.text.MX_TIM7_Init) for MX_TIM7_Init
    main.o(.text.main) refers to usart.o(.text.MX_USART1_UART_Init) for MX_USART1_UART_Init
    main.o(.text.main) refers to tim.o(.text.MX_TIM1_Init) for MX_TIM1_Init
    main.o(.text.main) refers to tim.o(.text.MX_TIM3_Init) for MX_TIM3_Init
    main.o(.text.main) refers to tim.o(.text.MX_TIM5_Init) for MX_TIM5_Init
    main.o(.text.main) refers to tim.o(.text.MX_TIM6_Init) for MX_TIM6_Init
    main.o(.text.main) refers to usart.o(.text.MX_USART2_UART_Init) for MX_USART2_UART_Init
    main.o(.text.main) refers to usart.o(.text.MX_USART3_UART_Init) for MX_USART3_UART_Init
    main.o(.text.main) refers to i2c.o(.text.MX_I2C1_Init) for MX_I2C1_Init
    main.o(.text.main) refers to usart.o(.text.MX_USART6_UART_Init) for MX_USART6_UART_Init
    main.o(.text.main) refers to i2c.o(.text.MX_I2C2_Init) for MX_I2C2_Init
    main.o(.text.main) refers to stm32h7xx_hal.o(.text.HAL_Delay) for HAL_Delay
    main.o(.text.main) refers to atk_ms601m.o(.text.atk_ms601m_init) for atk_ms601m_init
    main.o(.text.main) refers to initialize.o(.text.MECInit) for MECInit
    main.o(.text.main) refers to stm32h7xx_hal.o(.text.HAL_GetTick) for HAL_GetTick
    main.o(.text.main) refers to oled.o(.text.OLED_Init) for OLED_Init
    main.o(.text.main) refers to oled.o(.text.OLED_Clear) for OLED_Clear
    main.o(.text.main) refers to initialize.o(.text.UpdateData_Car) for UpdateData_Car
    main.o(.text.main) refers to kinematics.o(.text.runCircle) for runCircle
    main.o(.text.main) refers to initialize.o(.text.Break) for Break
    main.o(.text.main) refers to initialize.o(.bss.car) for car
    main.o(.text.main) refers to main.o(.bss.message) for message
    main.o(.text.main) refers to main.o(.rodata.str1.1) for .L.str
    main.o(.text.main) refers to printfa.o(i.__0sprintf) for sprintf
    main.o(.text.main) refers to oled.o(.text.OLED_ShowString) for OLED_ShowString
    main.o(.ARM.exidx.text.main) refers to main.o(.text.main) for [Anonymous Symbol]
    main.o(.text.MPU_Config) refers to stm32h7xx_hal_cortex.o(.text.HAL_MPU_Disable) for HAL_MPU_Disable
    main.o(.text.MPU_Config) refers to stm32h7xx_hal_cortex.o(.text.HAL_MPU_ConfigRegion) for HAL_MPU_ConfigRegion
    main.o(.text.MPU_Config) refers to stm32h7xx_hal_cortex.o(.text.HAL_MPU_Enable) for HAL_MPU_Enable
    main.o(.ARM.exidx.text.MPU_Config) refers to main.o(.text.MPU_Config) for [Anonymous Symbol]
    main.o(.text.SystemClock_Config) refers to memseta.o(.text) for __aeabi_memclr4
    main.o(.text.SystemClock_Config) refers to stm32h7xx_hal_pwr_ex.o(.text.HAL_PWREx_ConfigSupply) for HAL_PWREx_ConfigSupply
    main.o(.text.SystemClock_Config) refers to stm32h7xx_hal_rcc.o(.text.HAL_RCC_OscConfig) for HAL_RCC_OscConfig
    main.o(.text.SystemClock_Config) refers to main.o(.text.Error_Handler) for Error_Handler
    main.o(.text.SystemClock_Config) refers to stm32h7xx_hal_rcc.o(.text.HAL_RCC_ClockConfig) for HAL_RCC_ClockConfig
    main.o(.ARM.exidx.text.SystemClock_Config) refers to main.o(.text.SystemClock_Config) for [Anonymous Symbol]
    main.o(.text.Error_Handler) refers to initialize.o(.text.error_handler) for error_handler
    main.o(.ARM.exidx.text.Error_Handler) refers to main.o(.text.Error_Handler) for [Anonymous Symbol]
    main.o(.text.delay_us_hal) refers to tim.o(.bss.htim6) for htim6
    main.o(.text.delay_us_hal) refers to stm32h7xx_hal_tim.o(.text.HAL_TIM_Base_Start) for HAL_TIM_Base_Start
    main.o(.text.delay_us_hal) refers to stm32h7xx_hal_tim.o(.text.HAL_TIM_Base_Stop) for HAL_TIM_Base_Stop
    main.o(.ARM.exidx.text.delay_us_hal) refers to main.o(.text.delay_us_hal) for [Anonymous Symbol]
    main.o(.text.HAL_TIM_PeriodElapsedCallback) refers to hall_encoder.o(.text.UpdateAllSpeed) for UpdateAllSpeed
    main.o(.ARM.exidx.text.HAL_TIM_PeriodElapsedCallback) refers to main.o(.text.HAL_TIM_PeriodElapsedCallback) for [Anonymous Symbol]
    main.o(.ARM.exidx.text.HAL_UARTEx_RxEventCallback) refers to main.o(.text.HAL_UARTEx_RxEventCallback) for [Anonymous Symbol]
    gpio.o(.text.MX_GPIO_Init) refers to stm32h7xx_hal_gpio.o(.text.HAL_GPIO_WritePin) for HAL_GPIO_WritePin
    gpio.o(.text.MX_GPIO_Init) refers to stm32h7xx_hal_gpio.o(.text.HAL_GPIO_Init) for HAL_GPIO_Init
    gpio.o(.ARM.exidx.text.MX_GPIO_Init) refers to gpio.o(.text.MX_GPIO_Init) for [Anonymous Symbol]
    i2c.o(.text.MX_I2C1_Init) refers to i2c.o(.bss.hi2c1) for hi2c1
[...]
    g_atk_ms601m_gyro_fsr_table              0x0800db54   Data           8  atk_ms601m.o(.rodata.g_atk_ms601m_gyro_fsr_table)
    [Anonymous Symbol]                       0x0800db54   Section        0  atk_ms601m.o(.rodata.g_atk_ms601m_gyro_fsr_table)
    .L.str                                   0x0800db5c   Data          30  main.o(.rodata.str1.1)
    [Anonymous Symbol]                       0x0800db5c   Section        0  main.o(.rodata.str1.1)
    .L.str                                   0x0800db7a   Data          56  kinematics.o(.rodata.str1.1)
    [Anonymous Symbol]                       0x0800db7a   Section        0  kinematics.o(.rodata.str1.1)
    _errno                                   0x24000000   Data           4  errno.o(.data)
    .data                                    0x24000000   Section        4  errno.o(.data)
    UpdateData.first_run                     0x24000028   Data           1  initialize.o(.data.UpdateData.first_run)
    [Anonymous Symbol]                       0x24000028   Section        0  initialize.o(.data.UpdateData.first_run)
    runCircle.first_run                      0x2400002c   Data           4  kinematics.o(.data.runCircle.first_run)
    [Anonymous Symbol]                       0x2400002c   Section        0  kinematics.o(.data.runCircle.first_run)
    PID_Move.last_target                     0x24000098   Data           8  kinematics.o(.bss.PID_Move.last_target)
    [Anonymous Symbol]                       0x24000098   Section        0  kinematics.o(.bss.PID_Move.last_target)
    PID_Move.pidAngular                      0x240000a0   Data          12  kinematics.o(.bss.PID_Move.pidAngular)
    [Anonymous Symbol]                       0x240000a0   Section        0  kinematics.o(.bss.PID_Move.pidAngular)
    PID_Move.pidSpeed                        0x240000ac   Data          12  kinematics.o(.bss.PID_Move.pidSpeed)
    [Anonymous Symbol]                       0x240000ac   Section        0  kinematics.o(.bss.PID_Move.pidSpeed)
    UpdateData.last_time                     0x240000f0   Data           4  initialize.o(.bss.UpdateData.last_time)
    [Anonymous Symbol]                       0x240000f0   Section        0  initialize.o(.bss.UpdateData.last_time)
    UpdateData.last_yaw                      0x240000f4   Data           4  initialize.o(.bss.UpdateData.last_yaw)
    [Anonymous Symbol]                       0x240000f4   Section        0  initialize.o(.bss.UpdateData.last_yaw)
    g_atk_ms601m_fsr                         0x240002cc   Data           2  atk_ms601m.o(.bss.g_atk_ms601m_fsr)
    [Anonymous Symbol]                       0x240002cc   Section        0  atk_ms601m.o(.bss.g_atk_ms601m_fsr)
    g_uart_handle                            0x240002d0   Data         148  atk_ms601m_uart.o(.bss.g_uart_handle)
    [Anonymous Symbol]                       0x240002d0   Section        0  atk_ms601m_uart.o(.bss.g_uart_handle)
    g_uart_rx_fifo                           0x24000364   Data         134  atk_ms601m_uart.o(.bss.g_uart_rx_fifo)
    [Anonymous Symbol]                       0x24000364   Section        0  atk_ms601m_uart.o(.bss.g_uart_rx_fifo)
    runCircle.last_time                      0x24000964   Data           4  kinematics.o(.bss.runCircle.last_time)
    [Anonymous Symbol]                       0x24000964   Section        0  kinematics.o(.bss.runCircle.last_time)
    runCircle.start_theta                    0x24000968   Data           4  kinematics.o(.bss.runCircle.start_theta)
    [Anonymous Symbol]                       0x24000968   Section        0  kinematics.o(.bss.runCircle.start_theta)
    STACK                                    0x24000970   Section    29696  startup_stm32h743xx.o(STACK)

    Global Symbols

    Symbol Name                              Value     Ov Type        Size  Object(Section)

    BuildAttributes$$THM_ISAv4$E$P$D$K$B$S$7EM$VFPv5_D16$PE$PLD8$A:L22UL41UL21$X:L11$S22US41US21$IEEE1$IW$~IW$USESV6$~STKCKD$USESV7$~SHL$OTIME$ROPI$IEEEX$EBA8$MICROLIB$REQ8$PRES8$EABIv2 0x00000000   Number         0  anon$$obj.o ABSOLUTE
    __cpp_initialize__aeabi_                  - Undefined Weak Reference
    __cxa_finalize                            - Undefined Weak Reference
    __decompress                              - Undefined Weak Reference
    _clock_init                               - Undefined Weak Reference
    _microlib_exit                            - Undefined Weak Reference
    __Vectors_Size                           0x00000298   Number         0  startup_stm32h743xx.o ABSOLUTE
    __Vectors                                0x08000000   Data           4  startup_stm32h743xx.o(RESET)
    __Vectors_End                            0x08000298   Data           0  startup_stm32h743xx.o(RESET)
    __main                                   0x08000299   Thumb Code     0  entry.o(.ARM.Collect$$$$00000000)
    _main_stk                                0x08000299   Thumb Code     0  entry2.o(.ARM.Collect$$$$00000001)
    _main_scatterload                        0x0800029d   Thumb Code     0  entry5.o(.ARM.Collect$$$$00000004)
    __main_after_scatterload                 0x080002a1   Thumb Code     0  entry5.o(.ARM.Collect$$$$00000004)
    _main_clock                              0x080002a1   Thumb Code     0  entry7b.o(.ARM.Collect$$$$00000008)
    _main_cpp_init                           0x080002a1   Thumb Code     0  entry8b.o(.ARM.Collect$$$$0000000A)
    _main_init                               0x080002a1   Thumb Code     0  entry9a.o(.ARM.Collect$$$$0000000B)
    __rt_final_cpp                           0x080002a9   Thumb Code     0  entry10a.o(.ARM.Collect$$$$0000000D)
    __rt_final_exit                          0x080002a9   Thumb Code     0  entry11a.o(.ARM.Collect$$$$0000000F)
    Reset_Handler                            0x080002ad   Thumb Code     8  startup_stm32h743xx.o(.text)
    ADC3_IRQHandler                          0x080002c7   Thumb Code     0  startup_stm32h743xx.o(.text)
    ADC_IRQHandler                           0x080002c7   Thumb Code     0  startup_stm32h743xx.o(.text)
    BDMA_Channel0_IRQHandler                 0x080002c7   Thumb Code     0  startup_stm32h743xx.o(.text)
    BDMA_Channel1_IRQHandler                 0x080002c7   Thumb Code     0  startup_stm32h743xx.o(.text)
    BDMA_Channel2_IRQHandler                 0x080002c7   Thumb Code     0  startup_stm32h743xx.o(.text)
    BDMA_Channel3_IRQHandler                 0x080002c7   Thumb Code     0  startup_stm32h743xx.o(.text)
    BDMA_Channel4_IRQHandler                 0x080002c7   Thumb Code     0  startup_stm32h743xx.o(.text)
    BDMA_Channel5_IRQHandler                 0x080002c7   Thumb Code     0  startup_stm32h743xx.o(.text)
    BDMA_Channel6_IRQHandler                 0x080002c7   Thumb Code     0  startup_stm32h743xx.o(.text)
    BDMA_Channel7_IRQHandler                 0x080002c7   Thumb Code     0  startup_stm32h743xx.o(.text)
    CEC_IRQHandler                           0x080002c7   Thumb Code     0  startup_stm32h743xx.o(.text)
    COMP1_IRQHandler                         0x080002c7   Thumb Code     0  startup_stm32h743xx.o(.text)
    CRS_IRQHandler                           0x080002c7   Thumb Code     0  startup_stm32h743xx.o(.text)
    DCMI_IRQHandler                          0x080002c7   Thumb Code     0  startup_stm32h743xx.o(.text)
    DFSDM1_FLT0_IRQHandler                   0x080002c7   Thumb Code     0  startup_stm32h743xx.o(.text)
    DFSDM1_FLT1_IRQHandler                   0x080002c7   Thumb Code     0  startup_stm32h743xx.o(.text)
    DFSDM1_FLT2_IRQHandler                   0x080002c7   Thumb Code     0  startup_stm32h743xx.o(.text)
    DFSDM1_FLT3_IRQHandler                   0x080002c7   Thumb Code     0  startup_stm32h743xx.o(.text)
    DMA1_Stream0_IRQHandler                  0x080002c7   Thumb Code     0  startup_stm32h743xx.o(.text)
    DMA1_Stream1_IRQHandler                  0x080002c7   Thumb Code     0  startup_stm32h743xx.o(.text)
    DMA1_Stream2_IRQHandler                  0x080002c7   Thumb Code     0  startup_stm32h743xx.o(.text)
    DMA1_Stream3_IRQHandler                  0x080002c7   Thumb Code     0  startup_stm32h743xx.o(.text)
    DMA1_Stream4_IRQHandler                  0x080002c7   Thumb Code     0  startup_stm32h743xx.o(.text)
    DMA1_Stream5_IRQHandler                  0x080002c7   Thumb Code     0  startup_stm32h743xx.o(.text)
    DMA1_Stream6_IRQHandler                  0x080002c7   Thumb Code     0  startup_stm32h743xx.o(.text)
    DMA1_Stream7_IRQHandler                  0x080002c7   Thumb Code     0  startup_stm32h743xx.o(.text)
    DMA2D_IRQHandler                         0x080002c7   Thumb Code     0  startup_stm32h743xx.o(.text)
    DMA2_Stream0_IRQHandler                  0x080002c7   Thumb Code     0  startup_stm32h743xx.o(.text)
    DMA2_Stream1_IRQHandler                  0x080002c7   Thumb Code     0  startup_stm32h743xx.o(.text)
    DMA2_Stream2_IRQHandler                  0x080002c7   Thumb Code     0  startup_stm32h743xx.o(.text)
    DMA2_Stream3_IRQHandler                  0x080002c7   Thumb Code     0  startup_stm32h743xx.o(.text)
    DMA2_Stream4_IRQHandler                  0x080002c7   Thumb Code     0  startup_stm32h743xx.o(.text)
    DMA2_Stream5_IRQHandler                  0x080002c7   Thumb Code     0  startup_stm32h743xx.o(.text)
    DMA2_Stream6_IRQHandler                  0x080002c7   Thumb Code     0  startup_stm32h743xx.o(.text)
    DMA2_Stream7_IRQHandler                  0x080002c7   Thumb Code     0  startup_stm32h743xx.o(.text)
    DMAMUX1_OVR_IRQHandler                   0x080002c7   Thumb Code     0  startup_stm32h743xx.o(.text)
    DMAMUX2_OVR_IRQHandler                   0x080002c7   Thumb Code     0  startup_stm32h743xx.o(.text)
    ECC_IRQHandler                           0x080002c7   Thumb Code     0  startup_stm32h743xx.o(.text)
    ETH_IRQHandler                           0x080002c7   Thumb Code     0  startup_stm32h743xx.o(.text)
    ETH_WKUP_IRQHandler                      0x080002c7   Thumb Code     0  startup_stm32h743xx.o(.text)
    EXTI0_IRQHandler                         0x080002c7   Thumb Code     0  startup_stm32h743xx.o(.text)
    EXTI15_10_IRQHandler                     0x080002c7   Thumb Code     0  startup_stm32h743xx.o(.text)
    EXTI1_IRQHandler                         0x080002c7   Thumb Code     0  startup_stm32h743xx.o(.text)
    EXTI2_IRQHandler                         0x080002c7   Thumb Code     0  startup_stm32h743xx.o(.text)
    EXTI3_IRQHandler                         0x080002c7   Thumb Code     0  startup_stm32h743xx.o(.text)
    EXTI4_IRQHandler                         0x080002c7   Thumb Code     0  startup_stm32h743xx.o(.text)
    EXTI9_5_IRQHandler                       0x080002c7   Thumb Code     0  startup_stm32h743xx.o(.text)
    FDCAN1_IT0_IRQHandler                    0x080002c7   Thumb Code     0  startup_stm32h743xx.o(.text)
    FDCAN1_IT1_IRQHandler                    0x080002c7   Thumb Code     0  startup_stm32h743xx.o(.text)
    FDCAN2_IT0_IRQHandler                    0x080002c7   Thumb Code     0  startup_stm32h743xx.o(.text)
    FDCAN2_IT1_IRQHandler                    0x080002c7   Thumb Code     0  startup_stm32h743xx.o(.text)
    FDCAN_CAL_IRQHandler                     0x080002c7   Thumb Code     0  startup_stm32h743xx.o(.text)
    FLASH_IRQHandler                         0x080002c7   Thumb Code     0  startup_stm32h743xx.o(.text)
    FMC_IRQHandler                           0x080002c7   Thumb Code     0  startup_stm32h743xx.o(.text)
    FPU_IRQHandler                           0x080002c7   Thumb Code     0  startup_stm32h743xx.o(.text)
    HRTIM1_FLT_IRQHandler                    0x080002c7   Thumb Code     0  startup_stm32h743xx.o(.text)
    HRTIM1_Master_IRQHandler                 0x080002c7   Thumb Code     0  startup_stm32h743xx.o(.text)
    HRTIM1_TIMA_IRQHandler                   0x080002c7   Thumb Code     0  startup_stm32h743xx.o(.text)
    HRTIM1_TIMB_IRQHandler                   0x080002c7   Thumb Code     0  startup_stm32h743xx.o(.text)
    HRTIM1_TIMC_IRQHandler                   0x080002c7   Thumb Code     0  startup_stm32h743xx.o(.text)
    HRTIM1_TIMD_IRQHandler                   0x080002c7   Thumb Code     0  startup_stm32h743xx.o(.text)
    HRTIM1_TIME_IRQHandler                   0x080002c7   Thumb Code     0  startup_stm32h743xx.o(.text)
    HSEM1_IRQHandler                         0x080002c7   Thumb Code     0  startup_stm32h743xx.o(.text)
    I2C1_ER_IRQHandler                       0x080002c7   Thumb Code     0  startup_stm32h743xx.o(.text)
    I2C1_EV_IRQHandler                       0x080002c7   Thumb Code     0  startup_stm32h743xx.o(.text)
    I2C2_ER_IRQHandler                       0x080002c7   Thumb Code     0  startup_stm32h743xx.o(.text)
    I2C2_EV_IRQHandler                       0x080002c7   Thumb Code     0  startup_stm32h743xx.o(.text)
    I2C3_ER_IRQHandler                       0x080002c7   Thumb Code     0  startup_stm32h743xx.o(.text)
    I2C3_EV_IRQHandler                       0x080002c7   Thumb Code     0  startup_stm32h743xx.o(.text)
    I2C4_ER_IRQHandler                       0x080002c7   Thumb Code     0  startup_stm32h743xx.o(.text)
    I2C4_EV_IRQHandler                       0x080002c7   Thumb Code     0  startup_stm32h743xx.o(.text)
    JPEG_IRQHandler                          0x080002c7   Thumb Code     0  startup_stm32h743xx.o(.text)
    LPTIM1_IRQHandler                        0x080002c7   Thumb Code     0  startup_stm32h743xx.o(.text)
    LPTIM2_IRQHandler                        0x080002c7   Thumb Code     0  startup_stm32h743xx.o(.text)
    LPTIM3_IRQHandler                        0x080002c7   Thumb Code     0  startup_stm32h743xx.o(.text)
    LPTIM4_IRQHandler                        0x080002c7   Thumb Code     0  startup_stm32h743xx.o(.text)
    LPTIM5_IRQHandler                        0x080002c7   Thumb Code     0  startup_stm32h743xx.o(.text)
    LPUART1_IRQHandler                       0x080002c7   Thumb Code     0  startup_stm32h743xx.o(.text)
    LTDC_ER_IRQHandler                       0x080002c7   Thumb Code     0  startup_stm32h743xx.o(.text)
    LTDC_IRQHandler                          0x080002c7   Thumb Code     0  startup_stm32h743xx.o(.text)
    MDIOS_IRQHandler                         0x080002c7   Thumb Code     0  startup_stm32h743xx.o(.text)
    MDIOS_WKUP_IRQHandler                    0x080002c7   Thumb Code     0  startup_stm32h743xx.o(.text)
    MDMA_IRQHandler                          0x080002c7   Thumb Code     0  startup_stm32h743xx.o(.text)
    OTG_FS_EP1_IN_IRQHandler                 0x080002c7   Thumb Code     0  startup_stm32h743xx.o(.text)
    OTG_FS_EP1_OUT_IRQHandler                0x080002c7   Thumb Code     0  startup_stm32h743xx.o(.text)
    OTG_FS_IRQHandler                        0x080002c7   Thumb Code     0  startup_stm32h743xx.o(.text)
    OTG_FS_WKUP_IRQHandler                   0x080002c7   Thumb Code     0  startup_stm32h743xx.o(.text)
    OTG_HS_EP1_IN_IRQHandler                 0x080002c7   Thumb Code     0  startup_stm32h743xx.o(.text)
    OTG_HS_EP1_OUT_IRQHandler                0x080002c7   Thumb Code     0  startup_stm32h743xx.o(.text)
    OTG_HS_IRQHandler                        0x080002c7   Thumb Code     0  startup_stm32h743xx.o(.text)
    OTG_HS_WKUP_IRQHandler                   0x080002c7   Thumb Code     0  startup_stm32h743xx.o(.text)
    PVD_AVD_IRQHandler                       0x080002c7   Thumb Code     0  startup_stm32h743xx.o(.text)
    QUADSPI_IRQHandler                       0x080002c7   Thumb Code     0  startup_stm32h743xx.o(.text)
    RCC_IRQHandler                           0x080002c7   Thumb Code     0  startup_stm32h743xx.o(.text)
    RNG_IRQHandler                           0x080002c7   Thumb Code     0  startup_stm32h743xx.o(.text)
    RTC_Alarm_IRQHandler                     0x080002c7   Thumb Code     0  startup_stm32h743xx.o(.text)
    RTC_WKUP_IRQHandler                      0x080002c7   Thumb Code     0  startup_stm32h743xx.o(.text)
    SAI1_IRQHandler                          0x080002c7   Thumb Code     0  startup_stm32h743xx.o(.text)
    SAI2_IRQHandler                          0x080002c7   Thumb Code     0  startup_stm32h743xx.o(.text)
    SAI3_IRQHandler                          0x080002c7   Thumb Code     0  startup_stm32h743xx.o(.text)
    SAI4_IRQHandler                          0x080002c7   Thumb Code     0  startup_stm32h743xx.o(.text)
    SDMMC1_IRQHandler                        0x080002c7   Thumb Code     0  startup_stm32h743xx.o(.text)
    SDMMC2_IRQHandler                        0x080002c7   Thumb Code     0  startup_stm32h743xx.o(.text)
    SPDIF_RX_IRQHandler                      0x080002c7   Thumb Code     0  startup_stm32h743xx.o(.text)
    SPI1_IRQHandler                          0x080002c7   Thumb Code     0  startup_stm32h743xx.o(.text)
    SPI2_IRQHandler                          0x080002c7   Thumb Code     0  startup_stm32h743xx.o(.text)
    SPI3_IRQHandler                          0x080002c7   Thumb Code     0  startup_stm32h743xx.o(.text)
    SPI4_IRQHandler                          0x080002c7   Thumb Code     0  startup_stm32h743xx.o(.text)
    SPI5_IRQHandler                          0x080002c7   Thumb Code     0  startup_stm32h743xx.o(.text)
    SPI6_IRQHandler                          0x080002c7   Thumb Code     0  startup_stm32h743xx.o(.text)
    SWPMI1_IRQHandler                        0x080002c7   Thumb Code     0  startup_stm32h743xx.o(.text)
    TAMP_STAMP_IRQHandler                    0x080002c7   Thumb Code     0  startup_stm32h743xx.o(.text)
    TIM15_IRQHandler                         0x080002c7   Thumb Code     0  startup_stm32h743xx.o(.text)
    TIM16_IRQHandler                         0x080002c7   Thumb Code     0  startup_stm32h743xx.o(.text)
    TIM17_IRQHandler                         0x080002c7   Thumb Code     0  startup_stm32h743xx.o(.text)
    TIM1_BRK_IRQHandler                      0x080002c7   Thumb Code     0  startup_stm32h743xx.o(.text)
    TIM1_CC_IRQHandler                       0x080002c7   Thumb Code     0  startup_stm32h743xx.o(.text)
    TIM1_TRG_COM_IRQHandler                  0x080002c7   Thumb Code     0  startup_stm32h743xx.o(.text)
    TIM2_IRQHandler                          0x080002c7   Thumb Code     0  startup_stm32h743xx.o(.text)
    TIM4_IRQHandler                          0x080002c7   Thumb Code     0  startup_stm32h743xx.o(.text)
    TIM5_IRQHandler                          0x080002c7   Thumb Code     0  startup_stm32h743xx.o(.text)
    TIM6_DAC_IRQHandler                      0x080002c7   Thumb Code     0  startup_stm32h743xx.o(.text)
    TIM8_BRK_TIM12_IRQHandler                0x080002c7   Thumb Code     0  startup_stm32h743xx.o(.text)
    TIM8_CC_IRQHandler                       0x080002c7   Thumb Code     0  startup_stm32h743xx.o(.text)
    TIM8_TRG_COM_TIM14_IRQHandler            0x080002c7   Thumb Code     0  startup_stm32h743xx.o(.text)
    TIM8_UP_TIM13_IRQHandler                 0x080002c7   Thumb Code     0  startup_stm32h743xx.o(.text)
    UART4_IRQHandler                         0x080002c7   Thumb Code     0  startup_stm32h743xx.o(.text)
    UART5_IRQHandler                         0x080002c7   Thumb Code     0  startup_stm32h743xx.o(.text)
    UART7_IRQHandler                         0x080002c7   Thumb Code     0  startup_stm32h743xx.o(.text)
    UART8_IRQHandler                         0x080002c7   Thumb Code     0  startup_stm32h743xx.o(.text)
    WAKEUP_PIN_IRQHandler                    0x080002c7   Thumb Code     0  startup_stm32h743xx.o(.text)
    WWDG_IRQHandler                          0x080002c7   Thumb Code     0  startup_stm32h743xx.o(.text)
    __aeabi_uldivmod                         0x080002d1   Thumb Code    98  uldiv.o(.text)
    __aeabi_memset                           0x08000333   Thumb Code    14  memseta.o(.text)
    __aeabi_memset4                          0x08000333   Thumb Code     0  memseta.o(.text)
    __aeabi_memset8                          0x08000333   Thumb Code     0  memseta.o(.text)
    __aeabi_memclr                           0x08000341   Thumb Code     4  memseta.o(.text)
    __aeabi_memclr4                          0x08000341   Thumb Code     0  memseta.o(.text)
    __aeabi_memclr8                          0x08000341   Thumb Code     0  memseta.o(.text)
    _memset$wrapper                          0x08000345   Thumb Code    18  memseta.o(.text)
    __aeabi_uidiv                            0x08000357   Thumb Code     0  uidiv.o(.text)
    __aeabi_uidivmod                         0x08000357   Thumb Code    44  uidiv.o(.text)
    __aeabi_llsl                             0x08000383   Thumb Code    30  llshl.o(.text)
    _ll_shift_l                              0x08000383   Thumb Code     0  llshl.o(.text)
    __aeabi_llsr                             0x080003a1   Thumb Code    32  llushr.o(.text)
    _ll_ushift_r                             0x080003a1   Thumb Code     0  llushr.o(.text)
    __I$use$fp                               0x080003c1   Thumb Code     0  iusefp.o(.text)
    __aeabi_dadd                             0x080003c1   Thumb Code   322  dadd.o(.text)
    __aeabi_dsub                             0x08000503   Thumb Code     6  dadd.o(.text)
    __aeabi_drsub                            0x08000509   Thumb Code     6  dadd.o(.text)
    __aeabi_dmul                             0x0800050f   Thumb Code   228  dmul.o(.text)
    __aeabi_ddiv                             0x080005f3   Thumb Code   222  ddiv.o(.text)
    __aeabi_d2ulz                            0x080006d1   Thumb Code    48  dfixul.o(.text)
    __aeabi_cdrcmple                         0x08000701   Thumb Code    48  cdrcmple.o(.text)
    __scatterload                            0x08000731   Thumb Code    38  init.o(.text)
    __scatterload_rt2                        0x08000731   Thumb Code     0  init.o(.text)
    __aeabi_lasr                             0x08000761   Thumb Code    36  llsshr.o(.text)
    _ll_sshift_r                             0x08000761   Thumb Code     0  llsshr.o(.text)
    _double_round                            0x08000785   Thumb Code    30  depilogue.o(.text)
    _double_epilogue                         0x080007a3   Thumb Code   156  depilogue.o(.text)
    ATK_MS601M_UART_IRQHandler               0x08000841   Thumb Code   120  atk_ms601m_uart.o(.text.ATK_MS601M_UART_IRQHandler)
    Break                                    0x080008b9   Thumb Code    28  initialize.o(.text.Break)
    BusFault_Handler                         0x080008d9   Thumb Code     4  stm32h7xx_it.o(.text.BusFault_Handler)
    CalibrateYawOffset                       0x080008e1   Thumb Code    90  initialize.o(.text.CalibrateYawOffset)
    CarState_Init                            0x08000941   Thumb Code    64  kinematics.o(.text.CarState_Init)
    CarState_Update                          0x08000981   Thumb Code   208  kinematics.o(.text.CarState_Update)
    DebugMon_Handler                         0x08000a59   Thumb Code     2  stm32h7xx_it.o(.text.DebugMon_Handler)
    EncoderInit                              0x08000a61   Thumb Code   210  hall_encoder.o(.text.EncoderInit)
    EncoderParamInit                         0x08000b39   Thumb Code    34  hall_encoder.o(.text.EncoderParamInit)
    Error_Handler                            0x08000b61   Thumb Code    20  main.o(.text.Error_Handler)
    HAL_DMA_Abort                            0x08000b79   Thumb Code  2424  stm32h7xx_hal_dma.o(.text.HAL_DMA_Abort)
    HAL_DMA_Abort_IT                         0x080014f1   Thumb Code  1706  stm32h7xx_hal_dma.o(.text.HAL_DMA_Abort_IT)
    HAL_Delay                                0x08001ba1   Thumb Code    66  stm32h7xx_hal.o(.text.HAL_Delay)
    HAL_GPIO_Init                            0x08001be9   Thumb Code   964  stm32h7xx_hal_gpio.o(.text.HAL_GPIO_Init)
    HAL_GPIO_WritePin                        0x08001fb1   Thumb Code    46  stm32h7xx_hal_gpio.o(.text.HAL_GPIO_WritePin)
    HAL_GetREVID                             0x08001fe1   Thumb Code    14  stm32h7xx_hal.o(.text.HAL_GetREVID)
    HAL_GetTick                              0x08001ff1   Thumb Code    12  stm32h7xx_hal.o(.text.HAL_GetTick)
    HAL_I2CEx_ConfigAnalogFilter             0x08002001   Thumb Code   152  stm32h7xx_hal_i2c_ex.o(.text.HAL_I2CEx_ConfigAnalogFilter)
    HAL_I2CEx_ConfigDigitalFilter            0x08002099   Thumb Code   162  stm32h7xx_hal_i2c_ex.o(.text.HAL_I2CEx_ConfigDigitalFilter)
    HAL_I2C_Init                             0x08002141   Thumb Code   260  stm32h7xx_hal_i2c.o(.text.HAL_I2C_Init)
    HAL_I2C_Mem_Read                         0x08002249   Thumb Code   650  stm32h7xx_hal_i2c.o(.text.HAL_I2C_Mem_Read)
    HAL_I2C_Mem_Write                        0x080024d9   Thumb Code   628  stm32h7xx_hal_i2c.o(.text.HAL_I2C_Mem_Write)
    HAL_I2C_MspInit                          0x08002751   Thumb Code   310  i2c.o(.text.HAL_I2C_MspInit)
    HAL_IncTick                              0x08002889   Thumb Code    26  stm32h7xx_hal.o(.text.HAL_IncTick)
    HAL_Init                                 0x080028a9   Thumb Code   122  stm32h7xx_hal.o(.text.HAL_Init)
    HAL_InitTick                             0x08002929   Thumb Code   134  stm32h7xx_hal.o(.text.HAL_InitTick)
    HAL_MPU_ConfigRegion                     0x080029b1   Thumb Code   158  stm32h7xx_hal_cortex.o(.text.HAL_MPU_ConfigRegion)
    HAL_MPU_Disable                          0x08002a51   Thumb Code    34  stm32h7xx_hal_cortex.o(.text.HAL_MPU_Disable)
    HAL_MPU_Enable                           0x08002a79   Thumb Code    48  stm32h7xx_hal_cortex.o(.text.HAL_MPU_Enable)
    HAL_MspInit                              0x08002aa9   Thumb Code    36  stm32h7xx_hal_msp.o(.text.HAL_MspInit)
    HAL_NVIC_EnableIRQ                       0x08002ad1   Thumb Code    20  stm32h7xx_hal_cortex.o(.text.HAL_NVIC_EnableIRQ)
    HAL_NVIC_SetPriority                     0x08002ae9   Thumb Code    46  stm32h7xx_hal_cortex.o(.text.HAL_NVIC_SetPriority)
    HAL_NVIC_SetPriorityGrouping             0x08002b19   Thumb Code    16  stm32h7xx_hal_cortex.o(.text.HAL_NVIC_SetPriorityGrouping)
    HAL_PWREx_ConfigSupply                   0x08002b29   Thumb Code   162  stm32h7xx_hal_pwr_ex.o(.text.HAL_PWREx_ConfigSupply)
    HAL_RCCEx_GetD3PCLK1Freq                 0x08002bd1   Thumb Code    38  stm32h7xx_hal_rcc_ex.o(.text.HAL_RCCEx_GetD3PCLK1Freq)
    HAL_RCCEx_GetPLL2ClockFreq               0x08002bf9   Thumb Code   668  stm32h7xx_hal_rcc_ex.o(.text.HAL_RCCEx_GetPLL2ClockFreq)
    HAL_RCCEx_GetPLL3ClockFreq               0x08002ea9   Thumb Code   668  stm32h7xx_hal_rcc_ex.o(.text.HAL_RCCEx_GetPLL3ClockFreq)
    HAL_RCCEx_PeriphCLKConfig                0x08003159   Thumb Code  4256  stm32h7xx_hal_rcc_ex.o(.text.HAL_RCCEx_PeriphCLKConfig)
    HAL_RCC_ClockConfig                      0x080041f9   Thumb Code  1176  stm32h7xx_hal_rcc.o(.text.HAL_RCC_ClockConfig)
    HAL_RCC_GetHCLKFreq                      0x08004691   Thumb Code    86  stm32h7xx_hal_rcc.o(.text.HAL_RCC_GetHCLKFreq)
    HAL_RCC_GetPCLK1Freq                     0x080046e9   Thumb Code    38  stm32h7xx_hal_rcc.o(.text.HAL_RCC_GetPCLK1Freq)
    HAL_RCC_GetPCLK2Freq                     0x08004711   Thumb Code    38  stm32h7xx_hal_rcc.o(.text.HAL_RCC_GetPCLK2Freq)
    HAL_RCC_GetSysClockFreq                  0x08004739   Thumb Code   768  stm32h7xx_hal_rcc.o(.text.HAL_RCC_GetSysClockFreq)
    HAL_RCC_OscConfig                        0x08004a49   Thumb Code  2904  stm32h7xx_hal_rcc.o(.text.HAL_RCC_OscConfig)
    HAL_SYSTICK_Config                       0x080055a1   Thumb Code    16  stm32h7xx_hal_cortex.o(.text.HAL_SYSTICK_Config)
    HAL_TIMEx_Break2Callback                 0x080055b1   Thumb Code     8  stm32h7xx_hal_tim_ex.o(.text.HAL_TIMEx_Break2Callback)
    HAL_TIMEx_BreakCallback                  0x080055b9   Thumb Code     8  stm32h7xx_hal_tim_ex.o(.text.HAL_TIMEx_BreakCallback)
    HAL_TIMEx_CommutCallback                 0x080055c1   Thumb Code     8  stm32h7xx_hal_tim_ex.o(.text.HAL_TIMEx_CommutCallback)
    HAL_TIMEx_MasterConfigSynchronization    0x080055c9   Thumb Code   344  stm32h7xx_hal_tim_ex.o(.text.HAL_TIMEx_MasterConfigSynchronization)
    HAL_TIM_Base_Init                        0x08005721   Thumb Code   168  stm32h7xx_hal_tim.o(.text.HAL_TIM_Base_Init)
    HAL_TIM_Base_MspInit                     0x080057c9   Thumb Code   182  tim.o(.text.HAL_TIM_Base_MspInit)
    HAL_TIM_Base_Start                       0x08005881   Thumb Code   248  stm32h7xx_hal_tim.o(.text.HAL_TIM_Base_Start)
    HAL_TIM_Base_Start_IT                    0x08005979   Thumb Code   260  stm32h7xx_hal_tim.o(.text.HAL_TIM_Base_Start_IT)
    HAL_TIM_Base_Stop                        0x08005a81   Thumb Code    70  stm32h7xx_hal_tim.o(.text.HAL_TIM_Base_Stop)
    HAL_TIM_ConfigClockSource                0x08005ac9   Thumb Code   464  stm32h7xx_hal_tim.o(.text.HAL_TIM_ConfigClockSource)
    HAL_TIM_Encoder_Init                     0x08005c99   Thumb Code   308  stm32h7xx_hal_tim.o(.text.HAL_TIM_Encoder_Init)
    HAL_TIM_Encoder_MspInit                  0x08005dd1   Thumb Code   284  tim.o(.text.HAL_TIM_Encoder_MspInit)
    HAL_TIM_IC_CaptureCallback               0x08005ef1   Thumb Code     8  stm32h7xx_hal_tim.o(.text.HAL_TIM_IC_CaptureCallback)
    HAL_TIM_IRQHandler                       0x08005ef9   Thumb Code   692  stm32h7xx_hal_tim.o(.text.HAL_TIM_IRQHandler)
    HAL_TIM_MspPostInit                      0x080061b1   Thumb Code   100  tim.o(.text.HAL_TIM_MspPostInit)
    HAL_TIM_OC_DelayElapsedCallback          0x08006219   Thumb Code     8  stm32h7xx_hal_tim.o(.text.HAL_TIM_OC_DelayElapsedCallback)
    HAL_TIM_PWM_ConfigChannel                0x08006221   Thumb Code   432  stm32h7xx_hal_tim.o(.text.HAL_TIM_PWM_ConfigChannel)
    HAL_TIM_PWM_Init                         0x080063d1   Thumb Code   168  stm32h7xx_hal_tim.o(.text.HAL_TIM_PWM_Init)
    HAL_TIM_PWM_MspInit                      0x08006479   Thumb Code     8  stm32h7xx_hal_tim.o(.text.HAL_TIM_PWM_MspInit)
    HAL_TIM_PWM_PulseFinishedCallback        0x08006481   Thumb Code     8  stm32h7xx_hal_tim.o(.text.HAL_TIM_PWM_PulseFinishedCallback)
    HAL_TIM_PWM_Start                        0x08006489   Thumb Code   638  stm32h7xx_hal_tim.o(.text.HAL_TIM_PWM_Start)
    HAL_TIM_PeriodElapsedCallback            0x08006709   Thumb Code    16  main.o(.text.HAL_TIM_PeriodElapsedCallback)
    HAL_TIM_TriggerCallback                  0x08006719   Thumb Code     8  stm32h7xx_hal_tim.o(.text.HAL_TIM_TriggerCallback)
    HAL_UARTEx_DisableFifoMode               0x08006721   Thumb Code   124  stm32h7xx_hal_uart_ex.o(.text.HAL_UARTEx_DisableFifoMode)
    HAL_UARTEx_RxEventCallback               0x080067a1   Thumb Code    12  main.o(.text.HAL_UARTEx_RxEventCallback)
    HAL_UARTEx_RxFifoFullCallback            0x080067b1   Thumb Code     8  stm32h7xx_hal_uart_ex.o(.text.HAL_UARTEx_RxFifoFullCallback)
    HAL_UARTEx_SetRxFifoThreshold            0x080067b9   Thumb Code   140  stm32h7xx_hal_uart_ex.o(.text.HAL_UARTEx_SetRxFifoThreshold)
    HAL_UARTEx_SetTxFifoThreshold            0x08006849   Thumb Code   140  stm32h7xx_hal_uart_ex.o(.text.HAL_UARTEx_SetTxFifoThreshold)
    HAL_UARTEx_TxFifoEmptyCallback           0x080068d9   Thumb Code     8  stm32h7xx_hal_uart_ex.o(.text.HAL_UARTEx_TxFifoEmptyCallback)
    HAL_UARTEx_WakeupCallback                0x080068e1   Thumb Code     8  stm32h7xx_hal_uart_ex.o(.text.HAL_UARTEx_WakeupCallback)
    HAL_UART_ErrorCallback                   0x080068e9   Thumb Code     8  stm32h7xx_hal_uart.o(.text.HAL_UART_ErrorCallback)
    HAL_UART_IRQHandler                      0x080068f1   Thumb Code  1736  stm32h7xx_hal_uart.o(.text.HAL_UART_IRQHandler)
    HAL_UART_Init                            0x08006fb9   Thumb Code   170  stm32h7xx_hal_uart.o(.text.HAL_UART_Init)
    HAL_UART_MspInit                         0x08007069   Thumb Code   668  usart.o(.text.HAL_UART_MspInit)
    HAL_UART_Receive                         0x08007309   Thumb Code   438  stm32h7xx_hal_uart.o(.text.HAL_UART_Receive)
    HAL_UART_Transmit                        0x080074c1   Thumb Code   312  stm32h7xx_hal_uart.o(.text.HAL_UART_Transmit)
    HAL_UART_TxCpltCallback                  0x080075f9   Thumb Code     8  stm32h7xx_hal_uart.o(.text.HAL_UART_TxCpltCallback)
    HardFault_Handler                        0x08007601   Thumb Code     4  stm32h7xx_it.o(.text.HardFault_Handler)
    IIC_Get_Digital                          0x08007c29   Thumb Code    66  ganwei_i2c.o(.text.IIC_Get_Digital)
    IIC_ReadBytes                            0x08007c71   Thumb Code    72  ganwei_i2c.o(.text.IIC_ReadBytes)
    LMotorSet                                0x08007cb9   Thumb Code    36  initialize.o(.text.LMotorSet)
    LRInit                                   0x08007ce1   Thumb Code   104  hall_encoder.o(.text.LRInit)
    LSet                                     0x08007d49   Thumb Code    82  initialize.o(.text.LSet)
    MECInit                                  0x08007da1   Thumb Code   186  initialize.o(.text.MECInit)
    MX_GPIO_Init                             0x08007f31   Thumb Code   408  gpio.o(.text.MX_GPIO_Init)
    MX_I2C1_Init                             0x080080c9   Thumb Code   118  i2c.o(.text.MX_I2C1_Init)
    MX_I2C2_Init                             0x08008141   Thumb Code   118  i2c.o(.text.MX_I2C2_Init)
    MX_TIM1_Init                             0x080081b9   Thumb Code   130  tim.o(.text.MX_TIM1_Init)
    MX_TIM3_Init                             0x08008241   Thumb Code   126  tim.o(.text.MX_TIM3_Init)
    MX_TIM5_Init                             0x080082c1   Thumb Code   244  tim.o(.text.MX_TIM5_Init)
    MX_TIM6_Init                             0x080083b9   Thumb Code    92  tim.o(.text.MX_TIM6_Init)
    MX_TIM7_Init                             0x08008419   Thumb Code    92  tim.o(.text.MX_TIM7_Init)
    MX_USART1_UART_Init                      0x08008479   Thumb Code   142  usart.o(.text.MX_USART1_UART_Init)
    MX_USART2_UART_Init                      0x08008509   Thumb Code   142  usart.o(.text.MX_USART2_UART_Init)
    MX_USART3_UART_Init                      0x08008599   Thumb Code   142  usart.o(.text.MX_USART3_UART_Init)
    MX_USART6_UART_Init                      0x08008629   Thumb Code   142  usart.o(.text.MX_USART6_UART_Init)
    MemManage_Handler                        0x080086b9   Thumb Code     4  stm32h7xx_it.o(.text.MemManage_Handler)
    Motor_UI_Init                            0x080086c1   Thumb Code   304  tb6612fng.o(.text.Motor_UI_Init)
    Motor_UI_Set                             0x080087f1   Thumb Code   332  tb6612fng.o(.text.Motor_UI_Set)
    NMI_Handler                              0x08008941   Thumb Code     4  stm32h7xx_it.o(.text.NMI_Handler)
    OLED_Clear                               0x080089b9   Thumb Code   104  oled.o(.text.OLED_Clear)
    OLED_Init                                0x08008a21   Thumb Code    14  oled.o(.text.OLED_Init)
    OLED_Set_Pos                             0x08008a31   Thumb Code    52  oled.o(.text.OLED_Set_Pos)
    OLED_ShowChar                            0x08008a69   Thumb Code   306  oled.o(.text.OLED_ShowChar)
    OLED_ShowString                          0x08008ba1   Thumb Code   116  oled.o(.text.OLED_ShowString)
    OLED_WR_CMD                              0x08008c19   Thumb Code    46  oled.o(.text.OLED_WR_CMD)
    OLED_WR_DATA                             0x08008c49   Thumb Code    46  oled.o(.text.OLED_WR_DATA)
    PID_Compute                              0x08008c79   Thumb Code   152  pid.o(.text.PID_Compute)
    PID_Init                                 0x08008d19   Thumb Code    32  pid.o(.text.PID_Init)
    PID_Move                                 0x08008d39   Thumb Code   400  kinematics.o(.text.PID_Move)
    PID_Update                               0x08008ed1   Thumb Code   118  pid.o(.text.PID_Update)
    PendSV_Handler                           0x08008f49   Thumb Code     2  stm32h7xx_it.o(.text.PendSV_Handler)
    RED_up                                   0x080092f1   Thumb Code    22  led.o(.text.RED_up)
    RMotorSet                                0x08009309   Thumb Code    36  initialize.o(.text.RMotorSet)
    RSet                                     0x08009331   Thumb Code    82  initialize.o(.text.RSet)
    ReloadTime                               0x08009389   Thumb Code    80  hall_encoder.o(.text.ReloadTime)
    SVC_Handler                              0x080093d9   Thumb Code     2  stm32h7xx_it.o(.text.SVC_Handler)
    SpeedToWheelSpeed                        0x080093e1   Thumb Code   128  kinematics.o(.text.SpeedToWheelSpeed)
    StoDis                                   0x08009481   Thumb Code    88  hall_encoder.o(.text.StoDis)
    SysTick_Handler                          0x08009541   Thumb Code     8  stm32h7xx_it.o(.text.SysTick_Handler)
    SystemClock_Config                       0x08009549   Thumb Code   344  main.o(.text.SystemClock_Config)
    SystemInit                               0x080096a1   Thumb Code   352  system_stm32h7xx.o(.text.SystemInit)
    TIM1_UP_IRQHandler                       0x08009801   Thumb Code    16  stm32h7xx_it.o(.text.TIM1_UP_IRQHandler)
    TIM3_IRQHandler                          0x08009811   Thumb Code    16  stm32h7xx_it.o(.text.TIM3_IRQHandler)
    TIM7_IRQHandler                          0x08009821   Thumb Code    16  stm32h7xx_it.o(.text.TIM7_IRQHandler)
    TIM_Base_SetConfig                       0x08009831   Thumb Code   410  stm32h7xx_hal_tim.o(.text.TIM_Base_SetConfig)
    TIM_CCxChannelCmd                        0x080099d1   Thumb Code    54  stm32h7xx_hal_tim.o(.text.TIM_CCxChannelCmd)
    TIM_ETR_SetConfig                        0x08009a09   Thumb Code    52  stm32h7xx_hal_tim.o(.text.TIM_ETR_SetConfig)
    TIM_OC2_SetConfig                        0x08009bc1   Thumb Code   364  stm32h7xx_hal_tim.o(.text.TIM_OC2_SetConfig)
    UART_AdvFeatureConfig                    0x0800a259   Thumb Code   328  stm32h7xx_hal_uart.o(.text.UART_AdvFeatureConfig)
    UART_CheckIdleState                      0x0800a3a1   Thumb Code   326  stm32h7xx_hal_uart.o(.text.UART_CheckIdleState)
    UART_SetConfig                           0x0800a5f9   Thumb Code  2338  stm32h7xx_hal_uart.o(.text.UART_SetConfig)
    UART_WaitOnFlagUntilTimeout              0x0800af21   Thumb Code   252  stm32h7xx_hal_uart.o(.text.UART_WaitOnFlagUntilTimeout)
    USART1_IRQHandler                        0x0800b021   Thumb Code    16  stm32h7xx_it.o(.text.USART1_IRQHandler)
    USART2_IRQHandler                        0x0800b031   Thumb Code    20  stm32h7xx_it.o(.text.USART2_IRQHandler)
    USART3_IRQHandler                        0x0800b049   Thumb Code    16  stm32h7xx_it.o(.text.USART3_IRQHandler)
    USART6_IRQHandler                        0x0800b059   Thumb Code    16  stm32h7xx_it.o(.text.USART6_IRQHandler)
    UpdateAllSpeed                           0x0800b069   Thumb Code    52  hall_encoder.o(.text.UpdateAllSpeed)
    UpdateData                               0x0800b0a1   Thumb Code   280  initialize.o(.text.UpdateData)
    UpdateData_Car                           0x0800b1c9   Thumb Code    44  initialize.o(.text.UpdateData_Car)
    UpdateSpeed                              0x0800b1f9   Thumb Code   230  hall_encoder.o(.text.UpdateSpeed)
    UsageFault_Handler                       0x0800b2e1   Thumb Code     4  stm32h7xx_it.o(.text.UsageFault_Handler)
    WriteCmd                                 0x0800b2e9   Thumb Code    88  oled.o(.text.WriteCmd)
    atk_ms601m_get_attitude                  0x0800b409   Thumb Code   200  atk_ms601m.o(.text.atk_ms601m_get_attitude)
    atk_ms601m_get_gyro_accelerometer        0x0800b741   Thumb Code   480  atk_ms601m.o(.text.atk_ms601m_get_gyro_accelerometer)
    atk_ms601m_init                          0x0800b929   Thumb Code   102  atk_ms601m.o(.text.atk_ms601m_init)
    atk_ms601m_read_reg_by_id                0x0800b991   Thumb Code   208  atk_ms601m.o(.text.atk_ms601m_read_reg_by_id)
    atk_ms601m_uart_init                     0x0800ba61   Thumb Code    92  atk_ms601m_uart.o(.text.atk_ms601m_uart_init)
    atk_ms601m_uart_rx_fifo_read             0x0800bac1   Thumb Code   196  atk_ms601m_uart.o(.text.atk_ms601m_uart_rx_fifo_read)
    atk_ms601m_uart_rx_fifo_write            0x0800bb89   Thumb Code    94  atk_ms601m_uart.o(.text.atk_ms601m_uart_rx_fifo_write)
    atk_ms601m_uart_send                     0x0800bbe9   Thumb Code    36  atk_ms601m_uart.o(.text.atk_ms601m_uart_send)
    cSpeed                                   0x0800bc11   Thumb Code    76  hall_encoder.o(.text.cSpeed)
    delay_us_hal                             0x0800bc61   Thumb Code    68  main.o(.text.delay_us_hal)
    error_handler                            0x0800bca9   Thumb Code    36  initialize.o(.text.error_handler)
    getSpeed                                 0x0800bcd1   Thumb Code    88  hall_encoder.o(.text.getSpeed)
    getWz                                    0x0800bd39   Thumb Code    22  initialize.o(.text.getWz)
    getYaw                                   0x0800bd51   Thumb Code    20  initialize.o(.text.getYaw)
    main                                     0x0800bd69   Thumb Code   444  main.o(.text.main)
    runCircle                                0x0800bf31   Thumb Code   384  kinematics.o(.text.runCircle)
    sumTheta                                 0x0800c0b9   Thumb Code   252  kinematics.o(.text.sumTheta)
    __0snprintf                              0x0800c1c5   Thumb Code    48  printfa.o(i.__0snprintf)
    __1snprintf                              0x0800c1c5   Thumb Code     0  printfa.o(i.__0snprintf)
    __2snprintf                              0x0800c1c5   Thumb Code     0  printfa.o(i.__0snprintf)
    __c89snprintf                            0x0800c1c5   Thumb Code     0  printfa.o(i.__0snprintf)
    snprintf                                 0x0800c1c5   Thumb Code     0  printfa.o(i.__0snprintf)
    __0sprintf                               0x0800c1f9   Thumb Code    34  printfa.o(i.__0sprintf)
    __1sprintf                               0x0800c1f9   Thumb Code     0  printfa.o(i.__0sprintf)
    __2sprintf                               0x0800c1f9   Thumb Code     0  printfa.o(i.__0sprintf)
    __c89sprintf                             0x0800c1f9   Thumb Code     0  printfa.o(i.__0sprintf)
    sprintf                                  0x0800c1f9   Thumb Code     0  printfa.o(i.__0sprintf)
    __ARM_fpclassify                         0x0800c221   Thumb Code    48  fpclassify.o(i.__ARM_fpclassify)
    __hardfp_cos                             0x0800c251   Thumb Code   158  cos.o(i.__hardfp_cos)
    __hardfp_sin                             0x0800c301   Thumb Code   158  sin.o(i.__hardfp_sin)
    __ieee754_rem_pio2                       0x0800c3b1   Thumb Code   646  rred.o(i.__ieee754_rem_pio2)
    __kernel_cos                             0x0800c6b9   Thumb Code   182  cos_i.o(i.__kernel_cos)
    __kernel_poly                            0x0800c77d   Thumb Code   112  poly.o(i.__kernel_poly)
    __kernel_sin                             0x0800c7f1   Thumb Code   144  sin_i.o(i.__kernel_sin)
    __mathlib_dbl_invalid                    0x0800c891   Thumb Code    10  dunder.o(i.__mathlib_dbl_invalid)
    __mathlib_dbl_underflow                  0x0800c8a9   Thumb Code    10  dunder.o(i.__mathlib_dbl_underflow)
    __scatterload_copy                       0x0800c8c1   Thumb Code    14  handlers.o(i.__scatterload_copy)
    __scatterload_null                       0x0800c8cf   Thumb Code     2  handlers.o(i.__scatterload_null)
    __scatterload_zeroinit                   0x0800c8d1   Thumb Code    14  handlers.o(i.__scatterload_zeroinit)
    __set_errno                              0x0800c8e1   Thumb Code     6  errno.o(i.__set_errno)
    fabs                                     0x0800d1bf   Thumb Code    24  fabs.o(i.fabs)
    D1CorePrescTable                         0x0800d300   Data          16  system_stm32h7xx.o(.rodata.D1CorePrescTable)
    F6x8                                     0x0800d310   Data         552  oled.o(.rodata.F6x8)
    F8x16                                    0x0800d538   Data        1520  oled.o(.rodata.F8x16)
    UARTPrescTable                           0x0800db38   Data          24  stm32h7xx_hal_uart.o(.rodata.UARTPrescTable)
    Region$$Table$$Base                      0x0800dbb4   Number         0  anon$$obj.o(Region$$Table)
    Region$$Table$$Limit                     0x0800dbd4   Number         0  anon$$obj.o(Region$$Table)
    CMD_Data                                 0x24000004   Data          27  oled.o(.data.CMD_Data)
    SystemCoreClock                          0x24000020   Data           4  system_stm32h7xx.o(.data.SystemCoreClock)
    SystemD2Clock                            0x24000024   Data           4  system_stm32h7xx.o(.data.SystemD2Clock)
    uwTickFreq                               0x24000030   Data           1  stm32h7xx_hal.o(.data.uwTickFreq)
    uwTickPrio                               0x24000034   Data           4  stm32h7xx_hal.o(.data.uwTickPrio)
    Digital                                  0x24000038   Data          32  initialize.o(.bss.Digital)
    LRFlag                                   0x24000058   Data           4  hall_encoder.o(.bss.LRFlag)
    Le                                       0x24000060   Data          56  initialize.o(.bss.Le)
    Ri                                       0x240000b8   Data          56  initialize.o(.bss.Ri)
    car                                      0x240000f8   Data          32  initialize.o(.bss.car)
    current_data                             0x24000118   Data          16  initialize.o(.bss.current_data)
    encoders                                 0x24000128   Data         320  hall_encoder.o(.bss.encoders)
    error_message                            0x24000268   Data         100  initialize.o(.bss.error_message)
    hi2c1                                    0x240003ec   Data          84  i2c.o(.bss.hi2c1)
    hi2c2                                    0x24000440   Data          84  i2c.o(.bss.hi2c2)
    htim1                                    0x24000494   Data          76  tim.o(.bss.htim1)
    htim3                                    0x240004e0   Data          76  tim.o(.bss.htim3)
    htim5                                    0x2400052c   Data          76  tim.o(.bss.htim5)
    htim6                                    0x24000578   Data          76  tim.o(.bss.htim6)
    htim7                                    0x240005c4   Data          76  tim.o(.bss.htim7)
    huart1                                   0x24000610   Data         148  usart.o(.bss.huart1)
    huart2                                   0x240006a4   Data         148  usart.o(.bss.huart2)
    huart3                                   0x24000738   Data         148  usart.o(.bss.huart3)
    huart6                                   0x240007cc   Data         148  usart.o(.bss.huart6)
    message                                  0x24000860   Data         256  main.o(.bss.message)
    numEncoders                              0x24000960   Data           4  hall_encoder.o(.bss.numEncoders)
    uwTick                                   0x2400096c   Data           4  stm32h7xx_hal.o(.bss.uwTick)
    __initial_sp                             0x24007d70   Data           0  startup_stm32h743xx.o(STACK)



==============================================================================

Memory Map of the image

  Image Entry point : 0x08000299

  Load Region LR_IROM1 (Base: 0x08000000, Size: 0x0000dc10, Max: 0x00200000, ABSOLUTE)

    Execution Region ER_IROM1 (Exec base: 0x08000000, Load base: 0x08000000, Size: 0x0000dbd4, Max: 0x00200000, ABSOLUTE)

    Exec Addr    Load Addr    Size         Type   Attr      Idx    E Section Name        Object

    0x08000000   0x08000000   0x00000298   Data   RO          158    RESET               startup_stm32h743xx.o
    0x08000298   0x08000298   0x00000000   Code   RO         2051  * .ARM.Collect$$$$00000000  mc_w.l(entry.o)
    0x08000298   0x08000298   0x00000004   Code   RO         2170    .ARM.Collect$$$$00000001  mc_w.l(entry2.o)
    0x0800029c   0x0800029c   0x00000004   Code   RO         2173    .ARM.Collect$$$$00000004  mc_w.l(entry5.o)
    0x080002a0   0x080002a0   0x00000000   Code   RO         2175    .ARM.Collect$$$$00000008  mc_w.l(entry7b.o)
    0x080002a0   0x080002a0   0x00000000   Code   RO         2177    .ARM.Collect$$$$0000000A  mc_w.l(entry8b.o)
    0x080002a0   0x080002a0   0x00000008   Code   RO         2178    .ARM.Collect$$$$0000000B  mc_w.l(entry9a.o)
    0x080002a8   0x080002a8   0x00000000   Code   RO         2180    .ARM.Collect$$$$0000000D  mc_w.l(entry10a.o)
    0x080002a8   0x080002a8   0x00000000   Code   RO         2182    .ARM.Collect$$$$0000000F  mc_w.l(entry11a.o)
    0x080002a8   0x080002a8   0x00000004   Code   RO         2171    .ARM.Collect$$$$00002712  mc_w.l(entry2.o)
    0x080002ac   0x080002ac   0x00000024   Code   RO          159    .text               startup_stm32h743xx.o
    0x080002d0   0x080002d0   0x00000062   Code   RO         2054    .text               mc_w.l(uldiv.o)
    0x08000332   0x08000332   0x00000024   Code   RO         2056    .text               mc_w.l(memseta.o)
    0x08000356   0x08000356   0x0000002c   Code   RO         2198    .text               mc_w.l(uidiv.o)
    0x08000382   0x08000382   0x0000001e   Code   RO         2200    .text               mc_w.l(llshl.o)
    0x080003a0   0x080003a0   0x00000020   Code   RO         2202    .text               mc_w.l(llushr.o)
    0x080003c0   0x080003c0   0x00000000   Code   RO         2217    .text               mc_w.l(iusefp.o)
    0x080003c0   0x080003c0   0x0000014e   Code   RO         2218    .text               mf_w.l(dadd.o)
    0x0800050e   0x0800050e   0x000000e4   Code   RO         2220    .text               mf_w.l(dmul.o)
    0x080005f2   0x080005f2   0x000000de   Code   RO         2222    .text               mf_w.l(ddiv.o)
    0x080006d0   0x080006d0   0x00000030   Code   RO         2224    .text               mf_w.l(dfixul.o)
    0x08000700   0x08000700   0x00000030   Code   RO         2226    .text               mf_w.l(cdrcmple.o)
    0x08000730   0x08000730   0x00000030   Code   RO         2228    .text               mc_w.l(init.o)
    0x08000760   0x08000760   0x00000024   Code   RO         2231    .text               mc_w.l(llsshr.o)
    0x08000784   0x08000784   0x000000ba   Code   RO         2234    .text               mf_w.l(depilogue.o)
    0x0800083e   0x0800083e   0x00000002   PAD
    0x08000840   0x08000840   0x00000078   Code   RO         1658    .text.ATK_MS601M_UART_IRQHandler  atk_ms601m_uart.o
    0x080008b8   0x080008b8   0x0000001c   Code   RO         1945    .text.Break         initialize.o
    0x080008d4   0x080008d4   0x00000004   PAD
    0x080008d8   0x080008d8   0x00000004   Code   RO          116    .text.BusFault_Handler  stm32h7xx_it.o
    0x080008dc   0x080008dc   0x00000004   PAD
    0x080008e0   0x080008e0   0x0000005a   Code   RO         1951    .text.CalibrateYawOffset  initialize.o
    0x0800093a   0x0800093a   0x00000006   PAD
    0x08000940   0x08000940   0x00000040   Code   RO         1843    .text.CarState_Init  kinematics.o
    0x08000980   0x08000980   0x000000d8   Code   RO         1845    .text.CarState_Update  kinematics.o
    0x08000a58   0x08000a58   0x00000002   Code   RO          122    .text.DebugMon_Handler  stm32h7xx_it.o
    0x08000a5a   0x08000a5a   0x00000006   PAD
    0x08000a60   0x08000a60   0x000000d2   Code   RO         1669    .text.EncoderInit   hall_encoder.o
    0x08000b32   0x08000b32   0x00000006   PAD
    0x08000b38   0x08000b38   0x00000022   Code   RO         1673    .text.EncoderParamInit  hall_encoder.o
    0x08000b5a   0x08000b5a   0x00000006   PAD
    0x08000b60   0x08000b60   0x00000014   Code   RO            8    .text.Error_Handler  main.o
    0x08000b74   0x08000b74   0x00000004   PAD
    0x08000b78   0x08000b78   0x00000978   Code   RO          506    .text.HAL_DMA_Abort  stm32h7xx_hal_dma.o
    0x080014f0   0x080014f0   0x000006aa   Code   RO          508    .text.HAL_DMA_Abort_IT  stm32h7xx_hal_dma.o
    0x08001b9a   0x08001b9a   0x00000006   PAD
    0x08001ba0   0x08001ba0   0x00000042   Code   RO          752    .text.HAL_Delay     stm32h7xx_hal.o
    0x08001be2   0x08001be2   0x00000006   PAD
    0x08001be8   0x08001be8   0x000003c4   Code   RO          436    .text.HAL_GPIO_Init  stm32h7xx_hal_gpio.o
    0x08001fac   0x08001fac   0x00000004   PAD
    0x08001fb0   0x08001fb0   0x0000002e   Code   RO          442    .text.HAL_GPIO_WritePin  stm32h7xx_hal_gpio.o
    0x08001fde   0x08001fde   0x00000002   PAD
    0x08001fe0   0x08001fe0   0x0000000e   Code   RO          760    .text.HAL_GetREVID  stm32h7xx_hal.o
    0x08001fee   0x08001fee   0x00000002   PAD
    0x08001ff0   0x08001ff0   0x0000000c   Code   RO          744    .text.HAL_GetTick   stm32h7xx_hal.o
    0x08001ffc   0x08001ffc   0x00000004   PAD
    0x08002000   0x08002000   0x00000098   Code   RO         1007    .text.HAL_I2CEx_ConfigAnalogFilter  stm32h7xx_hal_i2c_ex.o
    0x08002098   0x08002098   0x000000a2   Code   RO         1009    .text.HAL_I2CEx_ConfigDigitalFilter  stm32h7xx_hal_i2c_ex.o
    0x0800213a   0x0800213a   0x00000006   PAD
    0x08002140   0x08002140   0x00000104   Code   RO          838    .text.HAL_I2C_Init  stm32h7xx_hal_i2c.o
    0x08002244   0x08002244   0x00000004   PAD
    0x08002248   0x08002248   0x0000028a   Code   RO          906    .text.HAL_I2C_Mem_Read  stm32h7xx_hal_i2c.o
    0x080024d2   0x080024d2   0x00000006   PAD
    0x080024d8   0x080024d8   0x00000274   Code   RO          902    .text.HAL_I2C_Mem_Write  stm32h7xx_hal_i2c.o
    0x0800274c   0x0800274c   0x00000004   PAD
    0x08002750   0x08002750   0x00000136   Code   RO           42    .text.HAL_I2C_MspInit  i2c.o
    0x08002886   0x08002886   0x00000002   PAD
    0x08002888   0x08002888   0x0000001a   Code   RO          742    .text.HAL_IncTick   stm32h7xx_hal.o
    0x080028a2   0x080028a2   0x00000006   PAD
    0x080028a8   0x080028a8   0x0000007a   Code   RO          732    .text.HAL_Init      stm32h7xx_hal.o
    0x08002922   0x08002922   0x00000006   PAD
    0x08002928   0x08002928   0x00000086   Code   RO          734    .text.HAL_InitTick  stm32h7xx_hal.o
    0x080029ae   0x080029ae   0x00000002   PAD
    0x080029b0   0x080029b0   0x0000009e   Code   RO          198    .text.HAL_MPU_ConfigRegion  stm32h7xx_hal_cortex.o
    0x08002a4e   0x08002a4e   0x00000002   PAD
    0x08002a50   0x08002a50   0x00000022   Code   RO          194    .text.HAL_MPU_Disable  stm32h7xx_hal_cortex.o
    0x08002a72   0x08002a72   0x00000006   PAD
    0x08002a78   0x08002a78   0x00000030   Code   RO          196    .text.HAL_MPU_Enable  stm32h7xx_hal_cortex.o
    0x08002aa8   0x08002aa8   0x00000024   Code   RO          149    .text.HAL_MspInit   stm32h7xx_hal_msp.o
    0x08002acc   0x08002acc   0x00000004   PAD
    0x08002ad0   0x08002ad0   0x00000014   Code   RO          178    .text.HAL_NVIC_EnableIRQ  stm32h7xx_hal_cortex.o
    0x08002ae4   0x08002ae4   0x00000004   PAD
    0x08002ae8   0x08002ae8   0x0000002e   Code   RO          170    .text.HAL_NVIC_SetPriority  stm32h7xx_hal_cortex.o
    0x08002b16   0x08002b16   0x00000002   PAD
    0x08002b18   0x08002b18   0x00000010   Code   RO          166    .text.HAL_NVIC_SetPriorityGrouping  stm32h7xx_hal_cortex.o
    0x08002b28   0x08002b28   0x000000a2   Code   RO          645    .text.HAL_PWREx_ConfigSupply  stm32h7xx_hal_pwr_ex.o
    0x08002bca   0x08002bca   0x00000006   PAD
    0x08002bd0   0x08002bd0   0x00000026   Code   RO          290    .text.HAL_RCCEx_GetD3PCLK1Freq  stm32h7xx_hal_rcc_ex.o
    0x08002bf6   0x08002bf6   0x00000002   PAD
    0x08002bf8   0x08002bf8   0x000002ac   Code   RO          286    .text.HAL_RCCEx_GetPLL2ClockFreq  stm32h7xx_hal_rcc_ex.o
    0x08002ea4   0x08002ea4   0x00000004   PAD
    0x08002ea8   0x08002ea8   0x000002ac   Code   RO          288    .text.HAL_RCCEx_GetPLL3ClockFreq  stm32h7xx_hal_rcc_ex.o
    0x08003154   0x08003154   0x00000004   PAD
    0x08003158   0x08003158   0x000010a0   Code   RO          274    .text.HAL_RCCEx_PeriphCLKConfig  stm32h7xx_hal_rcc_ex.o
    0x080041f8   0x080041f8   0x00000498   Code   RO          243    .text.HAL_RCC_ClockConfig  stm32h7xx_hal_rcc.o
    0x08004690   0x08004690   0x00000056   Code   RO          253    .text.HAL_RCC_GetHCLKFreq  stm32h7xx_hal_rcc.o
    0x080046e6   0x080046e6   0x00000002   PAD
    0x080046e8   0x080046e8   0x00000026   Code   RO          255    .text.HAL_RCC_GetPCLK1Freq  stm32h7xx_hal_rcc.o
    0x0800470e   0x0800470e   0x00000002   PAD
    0x08004710   0x08004710   0x00000026   Code   RO          257    .text.HAL_RCC_GetPCLK2Freq  stm32h7xx_hal_rcc.o
    0x08004736   0x08004736   0x00000002   PAD
    0x08004738   0x08004738   0x00000310   Code   RO          245    .text.HAL_RCC_GetSysClockFreq  stm32h7xx_hal_rcc.o
    0x08004a48   0x08004a48   0x00000b58   Code   RO          241    .text.HAL_RCC_OscConfig  stm32h7xx_hal_rcc.o
    0x080055a0   0x080055a0   0x00000010   Code   RO          190    .text.HAL_SYSTICK_Config  stm32h7xx_hal_cortex.o
    0x080055b0   0x080055b0   0x00000008   Code   RO         1386    .text.HAL_TIMEx_Break2Callback  stm32h7xx_hal_tim_ex.o
    0x080055b8   0x080055b8   0x00000008   Code   RO         1384    .text.HAL_TIMEx_BreakCallback  stm32h7xx_hal_tim_ex.o
    0x080055c0   0x080055c0   0x00000008   Code   RO         1380    .text.HAL_TIMEx_CommutCallback  stm32h7xx_hal_tim_ex.o
    0x080055c8   0x080055c8   0x00000158   Code   RO         1368    .text.HAL_TIMEx_MasterConfigSynchronization  stm32h7xx_hal_tim_ex.o
    0x08005720   0x08005720   0x000000a8   Code   RO         1051    .text.HAL_TIM_Base_Init  stm32h7xx_hal_tim.o
    0x080057c8   0x080057c8   0x000000b6   Code   RO           69    .text.HAL_TIM_Base_MspInit  tim.o
    0x0800587e   0x0800587e   0x00000002   PAD
    0x08005880   0x08005880   0x000000f8   Code   RO         1061    .text.HAL_TIM_Base_Start  stm32h7xx_hal_tim.o
    0x08005978   0x08005978   0x00000104   Code   RO         1065    .text.HAL_TIM_Base_Start_IT  stm32h7xx_hal_tim.o
    0x08005a7c   0x08005a7c   0x00000004   PAD
    0x08005a80   0x08005a80   0x00000046   Code   RO         1063    .text.HAL_TIM_Base_Stop  stm32h7xx_hal_tim.o
    0x08005ac6   0x08005ac6   0x00000002   PAD
    0x08005ac8   0x08005ac8   0x000001d0   Code   RO         1247    .text.HAL_TIM_ConfigClockSource  stm32h7xx_hal_tim.o
    0x08005c98   0x08005c98   0x00000134   Code   RO         1165    .text.HAL_TIM_Encoder_Init  stm32h7xx_hal_tim.o
    0x08005dcc   0x08005dcc   0x00000004   PAD
    0x08005dd0   0x08005dd0   0x0000011c   Code   RO           67    .text.HAL_TIM_Encoder_MspInit  tim.o
    0x08005eec   0x08005eec   0x00000004   PAD
    0x08005ef0   0x08005ef0   0x00000008   Code   RO         1187    .text.HAL_TIM_IC_CaptureCallback  stm32h7xx_hal_tim.o
    0x08005ef8   0x08005ef8   0x000002b4   Code   RO         1185    .text.HAL_TIM_IRQHandler  stm32h7xx_hal_tim.o
    0x080061ac   0x080061ac   0x00000004   PAD
    0x080061b0   0x080061b0   0x00000064   Code   RO           61    .text.HAL_TIM_MspPostInit  tim.o
    0x08006214   0x08006214   0x00000004   PAD
    0x08006218   0x08006218   0x00000008   Code   RO         1189    .text.HAL_TIM_OC_DelayElapsedCallback  stm32h7xx_hal_tim.o
    0x08006220   0x08006220   0x000001b0   Code   RO         1221    .text.HAL_TIM_PWM_ConfigChannel  stm32h7xx_hal_tim.o
    0x080063d0   0x080063d0   0x000000a8   Code   RO         1105    .text.HAL_TIM_PWM_Init  stm32h7xx_hal_tim.o
    0x08006478   0x08006478   0x00000008   Code   RO         1107    .text.HAL_TIM_PWM_MspInit  stm32h7xx_hal_tim.o
    0x08006480   0x08006480   0x00000008   Code   RO         1191    .text.HAL_TIM_PWM_PulseFinishedCallback  stm32h7xx_hal_tim.o
    0x08006488   0x08006488   0x0000027e   Code   RO         1113    .text.HAL_TIM_PWM_Start  stm32h7xx_hal_tim.o
    0x08006706   0x08006706   0x00000002   PAD
    0x08006708   0x08006708   0x00000010   Code   RO           12    .text.HAL_TIM_PeriodElapsedCallback  main.o
    0x08006718   0x08006718   0x00000008   Code   RO         1195    .text.HAL_TIM_TriggerCallback  stm32h7xx_hal_tim.o
    0x08006720   0x08006720   0x0000007c   Code   RO         1569    .text.HAL_UARTEx_DisableFifoMode  stm32h7xx_hal_uart_ex.o
    0x0800679c   0x0800679c   0x00000004   PAD
    0x080067a0   0x080067a0   0x0000000c   Code   RO           14    .text.HAL_UARTEx_RxEventCallback  main.o
    0x080067ac   0x080067ac   0x00000004   PAD
    0x080067b0   0x080067b0   0x00000008   Code   RO         1551    .text.HAL_UARTEx_RxFifoFullCallback  stm32h7xx_hal_uart_ex.o
    0x080067b8   0x080067b8   0x0000008c   Code   RO         1573    .text.HAL_UARTEx_SetRxFifoThreshold  stm32h7xx_hal_uart_ex.o
    0x08006844   0x08006844   0x00000004   PAD
    0x08006848   0x08006848   0x0000008c   Code   RO         1571    .text.HAL_UARTEx_SetTxFifoThreshold  stm32h7xx_hal_uart_ex.o
    0x080068d4   0x080068d4   0x00000004   PAD
    0x080068d8   0x080068d8   0x00000008   Code   RO         1553    .text.HAL_UARTEx_TxFifoEmptyCallback  stm32h7xx_hal_uart_ex.o
    0x080068e0   0x080068e0   0x00000008   Code   RO         1549    .text.HAL_UARTEx_WakeupCallback  stm32h7xx_hal_uart_ex.o
    0x080068e8   0x080068e8   0x00000008   Code   RO         1491    .text.HAL_UART_ErrorCallback  stm32h7xx_hal_uart.o
    0x080068f0   0x080068f0   0x000006c8   Code   RO         1487    .text.HAL_UART_IRQHandler  stm32h7xx_hal_uart.o
    0x08006fb8   0x08006fb8   0x000000aa   Code   RO         1399    .text.HAL_UART_Init  stm32h7xx_hal_uart.o
    0x08007062   0x08007062   0x00000006   PAD
    0x08007068   0x08007068   0x0000029c   Code   RO           95    .text.HAL_UART_MspInit  usart.o
    0x08007304   0x08007304   0x00000004   PAD
    0x08007308   0x08007308   0x000001b6   Code   RO         1423    .text.HAL_UART_Receive  stm32h7xx_hal_uart.o
    0x080074be   0x080074be   0x00000002   PAD
    0x080074c0   0x080074c0   0x00000138   Code   RO         1419    .text.HAL_UART_Transmit  stm32h7xx_hal_uart.o
    0x080075f8   0x080075f8   0x00000008   Code   RO         1497    .text.HAL_UART_TxCpltCallback  stm32h7xx_hal_uart.o
    0x08007600   0x08007600   0x00000004   Code   RO          112    .text.HardFault_Handler  stm32h7xx_it.o
    0x08007604   0x08007604   0x00000004   PAD
    0x08007608   0x08007608   0x00000040   Code   RO          862    .text.I2C_Flush_TXDR  stm32h7xx_hal_i2c.o
    0x08007648   0x08007648   0x000001fe   Code   RO          998    .text.I2C_IsErrorOccurred  stm32h7xx_hal_i2c.o
    0x08007846   0x08007846   0x00000002   PAD
    0x08007848   0x08007848   0x000000be   Code   RO          908    .text.I2C_RequestMemoryRead  stm32h7xx_hal_i2c.o
    0x08007906   0x08007906   0x00000002   PAD
    0x08007908   0x08007908   0x000000c0   Code   RO          904    .text.I2C_RequestMemoryWrite  stm32h7xx_hal_i2c.o
    0x080079c8   0x080079c8   0x00000054   Code   RO          850    .text.I2C_TransferConfig  stm32h7xx_hal_i2c.o
    0x08007a1c   0x08007a1c   0x00000004   PAD
    0x08007a20   0x08007a20   0x000000ae   Code   RO          848    .text.I2C_WaitOnFlagUntilTimeout  stm32h7xx_hal_i2c.o
    0x08007ace   0x08007ace   0x00000002   PAD
    0x08007ad0   0x08007ad0   0x000000a2   Code   RO          854    .text.I2C_WaitOnSTOPFlagUntilTimeout  stm32h7xx_hal_i2c.o
    0x08007b72   0x08007b72   0x00000006   PAD
    0x08007b78   0x08007b78   0x000000ac   Code   RO          852    .text.I2C_WaitOnTXISFlagUntilTimeout  stm32h7xx_hal_i2c.o
    0x08007c24   0x08007c24   0x00000004   PAD
    0x08007c28   0x08007c28   0x00000042   Code   RO         1760    .text.IIC_Get_Digital  ganwei_i2c.o
    0x08007c6a   0x08007c6a   0x00000006   PAD
    0x08007c70   0x08007c70   0x00000048   Code   RO         1752    .text.IIC_ReadBytes  ganwei_i2c.o
    0x08007cb8   0x08007cb8   0x00000024   Code   RO         1937    .text.LMotorSet     initialize.o
    0x08007cdc   0x08007cdc   0x00000004   PAD
    0x08007ce0   0x08007ce0   0x00000068   Code   RO         1675    .text.LRInit        hall_encoder.o
    0x08007d48   0x08007d48   0x00000052   Code   RO         1941    .text.LSet          initialize.o
    0x08007d9a   0x08007d9a   0x00000006   PAD
    0x08007da0   0x08007da0   0x000000ba   Code   RO         1935    .text.MECInit       initialize.o
    0x08007e5a   0x08007e5a   0x00000006   PAD
    0x08007e60   0x08007e60   0x000000ca   Code   RO            4    .text.MPU_Config    main.o
    0x08007f2a   0x08007f2a   0x00000006   PAD
    0x08007f30   0x08007f30   0x00000198   Code   RO           30    .text.MX_GPIO_Init  gpio.o
    0x080080c8   0x080080c8   0x00000076   Code   RO           38    .text.MX_I2C1_Init  i2c.o
    0x0800813e   0x0800813e   0x00000002   PAD
    0x08008140   0x08008140   0x00000076   Code   RO           40    .text.MX_I2C2_Init  i2c.o
    0x080081b6   0x080081b6   0x00000002   PAD
    0x080081b8   0x080081b8   0x00000082   Code   RO           55    .text.MX_TIM1_Init  tim.o
    0x0800823a   0x0800823a   0x00000006   PAD
    0x08008240   0x08008240   0x0000007e   Code   RO           57    .text.MX_TIM3_Init  tim.o
    0x080082be   0x080082be   0x00000002   PAD
    0x080082c0   0x080082c0   0x000000f4   Code   RO           59    .text.MX_TIM5_Init  tim.o
    0x080083b4   0x080083b4   0x00000004   PAD
    0x080083b8   0x080083b8   0x0000005c   Code   RO           63    .text.MX_TIM6_Init  tim.o
    0x08008414   0x08008414   0x00000004   PAD
    0x08008418   0x08008418   0x0000005c   Code   RO           65    .text.MX_TIM7_Init  tim.o
    0x08008474   0x08008474   0x00000004   PAD
    0x08008478   0x08008478   0x0000008e   Code   RO           87    .text.MX_USART1_UART_Init  usart.o
    0x08008506   0x08008506   0x00000002   PAD
    0x08008508   0x08008508   0x0000008e   Code   RO           89    .text.MX_USART2_UART_Init  usart.o
    0x08008596   0x08008596   0x00000002   PAD
    0x08008598   0x08008598   0x0000008e   Code   RO           91    .text.MX_USART3_UART_Init  usart.o
    0x08008626   0x08008626   0x00000002   PAD
    0x08008628   0x08008628   0x0000008e   Code   RO           93    .text.MX_USART6_UART_Init  usart.o
    0x080086b6   0x080086b6   0x00000002   PAD
    0x080086b8   0x080086b8   0x00000004   Code   RO          114    .text.MemManage_Handler  stm32h7xx_it.o
    0x080086bc   0x080086bc   0x00000004   PAD
    0x080086c0   0x080086c0   0x00000130   Code   RO         1735    .text.Motor_UI_Init  tb6612fng.o
    0x080087f0   0x080087f0   0x0000014c   Code   RO         1737    .text.Motor_UI_Set  tb6612fng.o
    0x0800893c   0x0800893c   0x00000004   PAD
    0x08008940   0x08008940   0x00000004   Code   RO          110    .text.NMI_Handler   stm32h7xx_it.o
    0x08008944   0x08008944   0x00000004   PAD
    0x08008948   0x08008948   0x0000006c   Code   RO          176    .text.NVIC_EncodePriority  stm32h7xx_hal_cortex.o
    0x080089b4   0x080089b4   0x00000004   PAD
    0x080089b8   0x080089b8   0x00000068   Code   RO         1810    .text.OLED_Clear    oled.o
    0x08008a20   0x08008a20   0x0000000e   Code   RO         1808    .text.OLED_Init     oled.o
    0x08008a2e   0x08008a2e   0x00000002   PAD
    0x08008a30   0x08008a30   0x00000034   Code   RO         1818    .text.OLED_Set_Pos  oled.o
    0x08008a64   0x08008a64   0x00000004   PAD
    0x08008a68   0x08008a68   0x00000132   Code   RO         1824    .text.OLED_ShowChar  oled.o
    0x08008b9a   0x08008b9a   0x00000006   PAD
    0x08008ba0   0x08008ba0   0x00000074   Code   RO         1828    .text.OLED_ShowString  oled.o
    0x08008c14   0x08008c14   0x00000004   PAD
    0x08008c18   0x08008c18   0x0000002e   Code   RO         1804    .text.OLED_WR_CMD   oled.o
    0x08008c46   0x08008c46   0x00000002   PAD
    0x08008c48   0x08008c48   0x0000002e   Code   RO         1806    .text.OLED_WR_DATA  oled.o
    0x08008c76   0x08008c76   0x00000002   PAD
    0x08008c78   0x08008c78   0x000000a0   Code   RO         1926    .text.PID_Compute   pid.o
    0x08008d18   0x08008d18   0x00000020   Code   RO         1922    .text.PID_Init      pid.o
    0x08008d38   0x08008d38   0x00000198   Code   RO         1851    .text.PID_Move      kinematics.o
    0x08008ed0   0x08008ed0   0x00000076   Code   RO         1924    .text.PID_Update    pid.o
    0x08008f46   0x08008f46   0x00000002   PAD
    0x08008f48   0x08008f48   0x00000002   Code   RO          124    .text.PendSV_Handler  stm32h7xx_it.o
    0x08008f4a   0x08008f4a   0x00000006   PAD
    0x08008f50   0x08008f50   0x000001ca   Code   RO          276    .text.RCCEx_PLL2_Config  stm32h7xx_hal_rcc_ex.o
    0x0800911a   0x0800911a   0x00000006   PAD
    0x08009120   0x08009120   0x000001ca   Code   RO          278    .text.RCCEx_PLL3_Config  stm32h7xx_hal_rcc_ex.o
    0x080092ea   0x080092ea   0x00000006   PAD
    0x080092f0   0x080092f0   0x00000016   Code   RO         1779    .text.RED_up        led.o
    0x08009306   0x08009306   0x00000002   PAD
    0x08009308   0x08009308   0x00000024   Code   RO         1939    .text.RMotorSet     initialize.o
    0x0800932c   0x0800932c   0x00000004   PAD
    0x08009330   0x08009330   0x00000052   Code   RO         1943    .text.RSet          initialize.o
    0x08009382   0x08009382   0x00000006   PAD
    0x08009388   0x08009388   0x00000050   Code   RO         1671    .text.ReloadTime    hall_encoder.o
    0x080093d8   0x080093d8   0x00000002   Code   RO          120    .text.SVC_Handler   stm32h7xx_it.o
    0x080093da   0x080093da   0x00000006   PAD
    0x080093e0   0x080093e0   0x0000009c   Code   RO         1849    .text.SpeedToWheelSpeed  kinematics.o
    0x0800947c   0x0800947c   0x00000004   PAD
    0x08009480   0x08009480   0x00000068   Code   RO         1679    .text.StoDis        hall_encoder.o
    0x080094e8   0x080094e8   0x00000052   Code   RO          192    .text.SysTick_Config  stm32h7xx_hal_cortex.o
    0x0800953a   0x0800953a   0x00000006   PAD
    0x08009540   0x08009540   0x00000008   Code   RO          126    .text.SysTick_Handler  stm32h7xx_it.o
    0x08009548   0x08009548   0x00000158   Code   RO            6    .text.SystemClock_Config  main.o
    0x080096a0   0x080096a0   0x00000160   Code   RO         1592    .text.SystemInit    system_stm32h7xx.o
    0x08009800   0x08009800   0x00000010   Code   RO          128    .text.TIM1_UP_IRQHandler  stm32h7xx_it.o
    0x08009810   0x08009810   0x00000010   Code   RO          130    .text.TIM3_IRQHandler  stm32h7xx_it.o
    0x08009820   0x08009820   0x00000010   Code   RO          138    .text.TIM7_IRQHandler  stm32h7xx_it.o
    0x08009830   0x08009830   0x0000019a   Code   RO         1055    .text.TIM_Base_SetConfig  stm32h7xx_hal_tim.o
    0x080099ca   0x080099ca   0x00000006   PAD
    0x080099d0   0x080099d0   0x00000036   Code   RO         1089    .text.TIM_CCxChannelCmd  stm32h7xx_hal_tim.o
    0x08009a06   0x08009a06   0x00000002   PAD
    0x08009a08   0x08009a08   0x00000034   Code   RO         1245    .text.TIM_ETR_SetConfig  stm32h7xx_hal_tim.o
    0x08009a3c   0x08009a3c   0x00000004   PAD
    0x08009a40   0x08009a40   0x00000030   Code   RO         1251    .text.TIM_ITRx_SetConfig  stm32h7xx_hal_tim.o
    0x08009a70   0x08009a70   0x00000150   Code   RO         1199    .text.TIM_OC1_SetConfig  stm32h7xx_hal_tim.o
    0x08009bc0   0x08009bc0   0x0000016c   Code   RO         1201    .text.TIM_OC2_SetConfig  stm32h7xx_hal_tim.o
    0x08009d2c   0x08009d2c   0x00000004   PAD
    0x08009d30   0x08009d30   0x0000016a   Code   RO         1203    .text.TIM_OC3_SetConfig  stm32h7xx_hal_tim.o
    0x08009e9a   0x08009e9a   0x00000006   PAD
    0x08009ea0   0x08009ea0   0x000000da   Code   RO         1205    .text.TIM_OC4_SetConfig  stm32h7xx_hal_tim.o
    0x08009f7a   0x08009f7a   0x00000006   PAD
    0x08009f80   0x08009f80   0x000000d0   Code   RO         1207    .text.TIM_OC5_SetConfig  stm32h7xx_hal_tim.o
    0x0800a050   0x0800a050   0x000000d2   Code   RO         1209    .text.TIM_OC6_SetConfig  stm32h7xx_hal_tim.o
    0x0800a122   0x0800a122   0x00000006   PAD
    0x0800a128   0x0800a128   0x00000050   Code   RO         1249    .text.TIM_TI1_ConfigInputStage  stm32h7xx_hal_tim.o
    0x0800a178   0x0800a178   0x00000052   Code   RO         1253    .text.TIM_TI2_ConfigInputStage  stm32h7xx_hal_tim.o
    0x0800a1ca   0x0800a1ca   0x00000006   PAD
    0x0800a1d0   0x0800a1d0   0x00000086   Code   RO         1567    .text.UARTEx_SetNbDataToProcess  stm32h7xx_hal_uart_ex.o
    0x0800a256   0x0800a256   0x00000002   PAD
    0x0800a258   0x0800a258   0x00000148   Code   RO         1405    .text.UART_AdvFeatureConfig  stm32h7xx_hal_uart.o
    0x0800a3a0   0x0800a3a0   0x00000146   Code   RO         1407    .text.UART_CheckIdleState  stm32h7xx_hal_uart.o
    0x0800a4e6   0x0800a4e6   0x00000002   PAD
    0x0800a4e8   0x0800a4e8   0x00000024   Code   RO         1489    .text.UART_DMAAbortOnError  stm32h7xx_hal_uart.o
    0x0800a50c   0x0800a50c   0x00000004   PAD
    0x0800a510   0x0800a510   0x0000009e   Code   RO         1459    .text.UART_EndRxTransfer  stm32h7xx_hal_uart.o
    0x0800a5ae   0x0800a5ae   0x00000002   PAD
    0x0800a5b0   0x0800a5b0   0x00000044   Code   RO         1495    .text.UART_EndTransmit_IT  stm32h7xx_hal_uart.o
    0x0800a5f4   0x0800a5f4   0x00000004   PAD
    0x0800a5f8   0x0800a5f8   0x00000922   Code   RO         1403    .text.UART_SetConfig  stm32h7xx_hal_uart.o
    0x0800af1a   0x0800af1a   0x00000006   PAD
    0x0800af20   0x0800af20   0x000000fc   Code   RO         1421    .text.UART_WaitOnFlagUntilTimeout  stm32h7xx_hal_uart.o
    0x0800b01c   0x0800b01c   0x00000004   PAD
    0x0800b020   0x0800b020   0x00000010   Code   RO          132    .text.USART1_IRQHandler  stm32h7xx_it.o
    0x0800b030   0x0800b030   0x00000014   Code   RO          134    .text.USART2_IRQHandler  stm32h7xx_it.o
    0x0800b044   0x0800b044   0x00000004   PAD
    0x0800b048   0x0800b048   0x00000010   Code   RO          136    .text.USART3_IRQHandler  stm32h7xx_it.o
    0x0800b058   0x0800b058   0x00000010   Code   RO          140    .text.USART6_IRQHandler  stm32h7xx_it.o
    0x0800b068   0x0800b068   0x00000034   Code   RO         1681    .text.UpdateAllSpeed  hall_encoder.o
    0x0800b09c   0x0800b09c   0x00000004   PAD
    0x0800b0a0   0x0800b0a0   0x00000124   Code   RO         1953    .text.UpdateData    initialize.o
    0x0800b1c4   0x0800b1c4   0x00000004   PAD
    0x0800b1c8   0x0800b1c8   0x0000002c   Code   RO         1955    .text.UpdateData_Car  initialize.o
    0x0800b1f4   0x0800b1f4   0x00000004   PAD
    0x0800b1f8   0x0800b1f8   0x000000e6   Code   RO         1677    .text.UpdateSpeed   hall_encoder.o
    0x0800b2de   0x0800b2de   0x00000002   PAD
    0x0800b2e0   0x0800b2e0   0x00000004   Code   RO          118    .text.UsageFault_Handler  stm32h7xx_it.o
    0x0800b2e4   0x0800b2e4   0x00000004   PAD
    0x0800b2e8   0x0800b2e8   0x00000058   Code   RO         1802    .text.WriteCmd      oled.o
    0x0800b340   0x0800b340   0x00000030   Code   RO          180    .text.__NVIC_EnableIRQ  stm32h7xx_hal_cortex.o
    0x0800b370   0x0800b370   0x00000010   Code   RO          172    .text.__NVIC_GetPriorityGrouping  stm32h7xx_hal_cortex.o
    0x0800b380   0x0800b380   0x00000042   Code   RO          174    .text.__NVIC_SetPriority  stm32h7xx_hal_cortex.o
    0x0800b3c2   0x0800b3c2   0x00000006   PAD
    0x0800b3c8   0x0800b3c8   0x0000003c   Code   RO          168    .text.__NVIC_SetPriorityGrouping  stm32h7xx_hal_cortex.o
    0x0800b404   0x0800b404   0x00000004   PAD
    0x0800b408   0x0800b408   0x000000d0   Code   RO         1614    .text.atk_ms601m_get_attitude  atk_ms601m.o
    0x0800b4d8   0x0800b4d8   0x00000262   Code   RO         1608    .text.atk_ms601m_get_frame_by_id  atk_ms601m.o
    0x0800b73a   0x0800b73a   0x00000006   PAD
    0x0800b740   0x0800b740   0x000001e4   Code   RO         1618    .text.atk_ms601m_get_gyro_accelerometer  atk_ms601m.o
    0x0800b924   0x0800b924   0x00000004   PAD
    0x0800b928   0x0800b928   0x00000066   Code   RO         1612    .text.atk_ms601m_init  atk_ms601m.o
    0x0800b98e   0x0800b98e   0x00000002   PAD
    0x0800b990   0x0800b990   0x000000d0   Code   RO         1606    .text.atk_ms601m_read_reg_by_id  atk_ms601m.o
    0x0800ba60   0x0800ba60   0x0000005c   Code   RO         1656    .text.atk_ms601m_uart_init  atk_ms601m_uart.o
    0x0800babc   0x0800babc   0x00000004   PAD
    0x0800bac0   0x0800bac0   0x000000c4   Code   RO         1650    .text.atk_ms601m_uart_rx_fifo_read  atk_ms601m_uart.o
    0x0800bb84   0x0800bb84   0x00000004   PAD
    0x0800bb88   0x0800bb88   0x0000005e   Code   RO         1648    .text.atk_ms601m_uart_rx_fifo_write  atk_ms601m_uart.o
    0x0800bbe6   0x0800bbe6   0x00000002   PAD
    0x0800bbe8   0x0800bbe8   0x00000024   Code   RO         1654    .text.atk_ms601m_uart_send  atk_ms601m_uart.o
    0x0800bc0c   0x0800bc0c   0x00000004   PAD
    0x0800bc10   0x0800bc10   0x0000004c   Code   RO         1687    .text.cSpeed        hall_encoder.o
    0x0800bc5c   0x0800bc5c   0x00000004   PAD
    0x0800bc60   0x0800bc60   0x00000044   Code   RO           10    .text.delay_us_hal  main.o
    0x0800bca4   0x0800bca4   0x00000004   PAD
    0x0800bca8   0x0800bca8   0x00000024   Code   RO         1957    .text.error_handler  initialize.o
    0x0800bccc   0x0800bccc   0x00000004   PAD
    0x0800bcd0   0x0800bcd0   0x00000068   Code   RO         1683    .text.getSpeed      hall_encoder.o
    0x0800bd38   0x0800bd38   0x00000016   Code   RO         1949    .text.getWz         initialize.o
    0x0800bd4e   0x0800bd4e   0x00000002   PAD
    0x0800bd50   0x0800bd50   0x00000014   Code   RO         1947    .text.getYaw        initialize.o
    0x0800bd64   0x0800bd64   0x00000004   PAD
    0x0800bd68   0x0800bd68   0x000001c4   Code   RO            2    .text.main          main.o
    0x0800bf2c   0x0800bf2c   0x00000004   PAD
    0x0800bf30   0x0800bf30   0x00000188   Code   RO         1855    .text.runCircle     kinematics.o
    0x0800c0b8   0x0800c0b8   0x0000010c   Code   RO         1847    .text.sumTheta      kinematics.o
    0x0800c1c4   0x0800c1c4   0x00000034   Code   RO         2062    i.__0snprintf       mc_w.l(printfa.o)
    0x0800c1f8   0x0800c1f8   0x00000028   Code   RO         2063    i.__0sprintf        mc_w.l(printfa.o)
    0x0800c220   0x0800c220   0x00000030   Code   RO         2139    i.__ARM_fpclassify  m_wv.l(fpclassify.o)
    0x0800c250   0x0800c250   0x000000b0   Code   RO         2021    i.__hardfp_cos      m_wv.l(cos.o)
    0x0800c300   0x0800c300   0x000000b0   Code   RO         2033    i.__hardfp_sin      m_wv.l(sin.o)
    0x0800c3b0   0x0800c3b0   0x00000308   Code   RO         2159    i.__ieee754_rem_pio2  m_wv.l(rred.o)
    0x0800c6b8   0x0800c6b8   0x000000c4   Code   RO         2116    i.__kernel_cos      m_wv.l(cos_i.o)
    0x0800c77c   0x0800c77c   0x00000070   Code   RO         2157    i.__kernel_poly     m_wv.l(poly.o)
    0x0800c7ec   0x0800c7ec   0x00000004   PAD
    0x0800c7f0   0x0800c7f0   0x000000a0   Code   RO         2167    i.__kernel_sin      m_wv.l(sin_i.o)
    0x0800c890   0x0800c890   0x00000018   Code   RO         2122    i.__mathlib_dbl_invalid  m_wv.l(dunder.o)
    0x0800c8a8   0x0800c8a8   0x00000018   Code   RO         2125    i.__mathlib_dbl_underflow  m_wv.l(dunder.o)
    0x0800c8c0   0x0800c8c0   0x0000000e   Code   RO         2238    i.__scatterload_copy  mc_w.l(handlers.o)
    0x0800c8ce   0x0800c8ce   0x00000002   Code   RO         2239    i.__scatterload_null  mc_w.l(handlers.o)
    0x0800c8d0   0x0800c8d0   0x0000000e   Code   RO         2240    i.__scatterload_zeroinit  mc_w.l(handlers.o)
    0x0800c8de   0x0800c8de   0x00000002   PAD
    0x0800c8e0   0x0800c8e0   0x0000000c   Code   RO         2212    i.__set_errno       mc_w.l(errno.o)
    0x0800c8ec   0x0800c8ec   0x00000184   Code   RO         2068    i._fp_digits        mc_w.l(printfa.o)
    0x0800ca70   0x0800ca70   0x000006dc   Code   RO         2069    i._printf_core      mc_w.l(printfa.o)
    0x0800d14c   0x0800d14c   0x00000024   Code   RO         2070    i._printf_post_padding  mc_w.l(printfa.o)
    0x0800d170   0x0800d170   0x0000002e   Code   RO         2071    i._printf_pre_padding  mc_w.l(printfa.o)
    0x0800d19e   0x0800d19e   0x00000016   Code   RO         2072    i._snputc           mc_w.l(printfa.o)
    0x0800d1b4   0x0800d1b4   0x0000000a   Code   RO         2073    i._sputc            mc_w.l(printfa.o)
    0x0800d1be   0x0800d1be   0x00000018   Code   RO         2135    i.fabs              m_wv.l(fabs.o)
    0x0800d1d6   0x0800d1d6   0x00000002   PAD
    0x0800d1d8   0x0800d1d8   0x00000030   Data   RO         2117    .constdata          m_wv.l(cos_i.o)
    0x0800d208   0x0800d208   0x000000cc   Data   RO         2161    .constdata          m_wv.l(rred.o)
    0x0800d2d4   0x0800d2d4   0x00000004   PAD
    0x0800d2d8   0x0800d2d8   0x00000028   Data   RO         2168    .constdata          m_wv.l(sin_i.o)
    0x0800d300   0x0800d300   0x00000010   Data   RO         1598    .rodata.D1CorePrescTable  system_stm32h7xx.o
    0x0800d310   0x0800d310   0x00000228   Data   RO         1832    .rodata.F6x8        oled.o
    0x0800d538   0x0800d538   0x000005f0   Data   RO         1833    .rodata.F8x16       oled.o
    0x0800db28   0x0800db28   0x00000008   Data   RO         1584    .rodata.UARTEx_SetNbDataToProcess.denominator  stm32h7xx_hal_uart_ex.o
    0x0800db30   0x0800db30   0x00000008   Data   RO         1583    .rodata.UARTEx_SetNbDataToProcess.numerator  stm32h7xx_hal_uart_ex.o
    0x0800db38   0x0800db38   0x00000018   Data   RO         1539    .rodata.UARTPrescTable  stm32h7xx_hal_uart.o
    0x0800db50   0x0800db50   0x00000004   Data   RO         1640    .rodata.g_atk_ms601m_accelerometer_fsr_table  atk_ms601m.o
    0x0800db54   0x0800db54   0x00000008   Data   RO         1639    .rodata.g_atk_ms601m_gyro_fsr_table  atk_ms601m.o
    0x0800db5c   0x0800db5c   0x0000001e   Data   RO           18    .rodata.str1.1      main.o
    0x0800db7a   0x0800db7a   0x00000038   Data   RO         1859    .rodata.str1.1      kinematics.o
    0x0800dbb2   0x0800dbb2   0x00000002   PAD
    0x0800dbb4   0x0800dbb4   0x00000020   Data   RO         2237    Region$$Table       anon$$obj.o


    Execution Region RW_IRAM1 (Exec base: 0x20000000, Load base: 0x0800dbd4, Size: 0x00000000, Max: 0x00020000, ABSOLUTE)

    **** No section assigned to this execution region ****


    Execution Region RW_IRAM2 (Exec base: 0x24000000, Load base: 0x0800dbd8, Size: 0x00007d70, Max: 0x00080000, ABSOLUTE)

    Exec Addr    Load Addr    Size         Type   Attr      Idx    E Section Name        Object

    0x24000000   0x0800dbd8   0x00000004   Data   RW         2213    .data               mc_w.l(errno.o)
    0x24000004   0x0800dbdc   0x0000001b   Data   RW         1834    .data.CMD_Data      oled.o
    0x2400001f   0x0800dbf7   0x00000001   PAD
    0x24000020   0x0800dbf8   0x00000004   Data   RW         1596    .data.SystemCoreClock  system_stm32h7xx.o
    0x24000024   0x0800dbfc   0x00000004   Data   RW         1597    .data.SystemD2Clock  system_stm32h7xx.o
    0x24000028   0x0800dc00   0x00000001   Data   RW         1963    .data.UpdateData.first_run  initialize.o
    0x24000029   0x0800dc01   0x00000003   PAD
    0x2400002c   0x0800dc04   0x00000004   Data   RW         1867    .data.runCircle.first_run  kinematics.o
    0x24000030   0x0800dc08   0x00000001   Data   RW          829    .data.uwTickFreq    stm32h7xx_hal.o
    0x24000031   0x0800dc09   0x00000003   PAD
    0x24000034   0x0800dc0c   0x00000004   Data   RW          828    .data.uwTickPrio    stm32h7xx_hal.o
    0x24000038        -       0x00000020   Zero   RW         1966    .bss.Digital        initialize.o
    0x24000058        -       0x00000004   Zero   RW         1698    .bss.LRFlag         hall_encoder.o
    0x2400005c   0x0800dc10   0x00000004   PAD
    0x24000060        -       0x00000038   Zero   RW         1959    .bss.Le             initialize.o
    0x24000098        -       0x00000008   Zero   RW         1862    .bss.PID_Move.last_target  kinematics.o
    0x240000a0        -       0x0000000c   Zero   RW         1861    .bss.PID_Move.pidAngular  kinematics.o
    0x240000ac        -       0x0000000c   Zero   RW         1860    .bss.PID_Move.pidSpeed  kinematics.o
    0x240000b8        -       0x00000038   Zero   RW         1960    .bss.Ri             initialize.o
    0x240000f0        -       0x00000004   Zero   RW         1962    .bss.UpdateData.last_time  initialize.o
    0x240000f4        -       0x00000004   Zero   RW         1964    .bss.UpdateData.last_yaw  initialize.o
    0x240000f8        -       0x00000020   Zero   RW         1961    .bss.car            initialize.o
    0x24000118        -       0x00000010   Zero   RW         1965    .bss.current_data   initialize.o
    0x24000128        -       0x00000140   Zero   RW         1699    .bss.encoders       hall_encoder.o
    0x24000268        -       0x00000064   Zero   RW         1967    .bss.error_message  initialize.o
    0x240002cc        -       0x00000002   Zero   RW         1638    .bss.g_atk_ms601m_fsr  atk_ms601m.o
    0x240002ce   0x0800dc10   0x00000002   PAD
    0x240002d0        -       0x00000094   Zero   RW         1661    .bss.g_uart_handle  atk_ms601m_uart.o
    0x24000364        -       0x00000086   Zero   RW         1660    .bss.g_uart_rx_fifo  atk_ms601m_uart.o
    0x240003ea   0x0800dc10   0x00000002   PAD
    0x240003ec        -       0x00000054   Zero   RW           46    .bss.hi2c1          i2c.o
    0x24000440        -       0x00000054   Zero   RW           47    .bss.hi2c2          i2c.o
    0x24000494        -       0x0000004c   Zero   RW           75    .bss.htim1          tim.o
    0x240004e0        -       0x0000004c   Zero   RW           76    .bss.htim3          tim.o
    0x2400052c        -       0x0000004c   Zero   RW           77    .bss.htim5          tim.o
    0x24000578        -       0x0000004c   Zero   RW           78    .bss.htim6          tim.o
    0x240005c4        -       0x0000004c   Zero   RW           79    .bss.htim7          tim.o
    0x24000610        -       0x00000094   Zero   RW           99    .bss.huart1         usart.o
    0x240006a4        -       0x00000094   Zero   RW          100    .bss.huart2         usart.o
    0x24000738        -       0x00000094   Zero   RW          101    .bss.huart3         usart.o
    0x240007cc        -       0x00000094   Zero   RW          102    .bss.huart6         usart.o
    0x24000860        -       0x00000100   Zero   RW           17    .bss.message        main.o
    0x24000960        -       0x00000004   Zero   RW         1697    .bss.numEncoders    hall_encoder.o
    0x24000964        -       0x00000004   Zero   RW         1869    .bss.runCircle.last_time  kinematics.o
    0x24000968        -       0x00000004   Zero   RW         1868    .bss.runCircle.start_theta  kinematics.o
    0x2400096c        -       0x00000004   Zero   RW          830    .bss.uwTick         stm32h7xx_hal.o
    0x24000970        -       0x00007400   Zero   RW          156    STACK               startup_stm32h743xx.o


==============================================================================

Image component sizes


      Code (inc. data)   RO Data    RW Data    ZI Data      Debug   Object Name

      1612         36         12          0          2       8326   atk_ms601m.o
       538          0          0          0        282       5259   atk_ms601m_uart.o
       138          0          0          0          0       2359   ganwei_i2c.o
       408          0          0          0          0       3053   gpio.o
       994         32          0          0        328       8641   hall_encoder.o
       546          0          0          0        168       8298   i2c.o
       954         12          0          1        300       7869   initialize.o
      1504         68         56          4         40       4210   kinematics.o
        22          0          0          0          0       1760   led.o
      1114          8         30          0        256      12758   main.o
       772          0       2072         27          0       3625   oled.o
       310          8          0          0          0       1155   pid.o
        36          8        664          0      29696        836   startup_stm32h743xx.o
       374          0          0          5          4      13763   stm32h7xx_hal.o
       718          0          0          0          0      11340   stm32h7xx_hal_cortex.o
      4130          0          0          0          0      12789   stm32h7xx_hal_dma.o
      1010          0          0          0          0       6990   stm32h7xx_hal_gpio.o
      3086          0          0          0          0      36115   stm32h7xx_hal_i2c.o
       314          0          0          0          0       7343   stm32h7xx_hal_i2c_ex.o
        36          0          0          0          0       2225   stm32h7xx_hal_msp.o
       162          0          0          0          0      10330   stm32h7xx_hal_pwr_ex.o
      5026         66          0          0          0      11892   stm32h7xx_hal_rcc.o
      6578         96          0          0          0      19273   stm32h7xx_hal_rcc_ex.o
      5912         22          0          0          0      37536   stm32h7xx_hal_tim.o
       368          0          0          0          0      17529   stm32h7xx_hal_tim_ex.o
      6178        258         24          0          0      29200   stm32h7xx_hal_uart.o
       562          0         16          0          0       8884   stm32h7xx_hal_uart_ex.o
       150          0          0          0          0       1671   stm32h7xx_it.o
       352          0         16          8          0       5802   system_stm32h7xx.o
       636          6          0          0          0       6378   tb6612fng.o
      1250          0          0          0        380      12356   tim.o
      1236          0          0          0        592      12285   usart.o

    ----------------------------------------------------------------------
     47528        644       2924         52      32056     331850   Object Totals
         0          0         32          0          0          0   (incl. Generated)
       502         24          2          7          8          0   (incl. Padding)

    ----------------------------------------------------------------------

      Code (inc. data)   RO Data    RW Data    ZI Data      Debug   Library Member Name

       176         18          0          0          0        156   cos.o
       196         14         48          0          0        176   cos_i.o
        48         28          0          0          0        232   dunder.o
        24          0          0          0          0        124   fabs.o
        48          0          0          0          0        124   fpclassify.o
       112          0          0          0          0        116   poly.o
       776        130        204          0          0        172   rred.o
       176         18          0          0          0        160   sin.o
       160         16         40          0          0        196   sin_i.o
         0          0          0          0          0          0   entry.o
         0          0          0          0          0          0   entry10a.o
         0          0          0          0          0          0   entry11a.o
         8          4          0          0          0          0   entry2.o
         4          0          0          0          0          0   entry5.o
         0          0          0          0          0          0   entry7b.o
         0          0          0          0          0          0   entry8b.o
         8          4          0          0          0          0   entry9a.o
        12          6          0          4          0         68   errno.o
        30          0          0          0          0          0   handlers.o
        48         10          0          0          0         68   init.o
         0          0          0          0          0          0   iusefp.o
        30          0          0          0          0         68   llshl.o
        36          0          0          0          0         68   llsshr.o
        32          0          0          0          0         68   llushr.o
        36          0          0          0          0        108   memseta.o
      2350         90          0          0          0        676   printfa.o
        44          0          0          0          0         80   uidiv.o
        98          0          0          0          0         92   uldiv.o
        48          0          0          0          0         68   cdrcmple.o
       334          0          0          0          0        148   dadd.o
       222          0          0          0          0        100   ddiv.o
       186          0          0          0          0        176   depilogue.o
        48          0          0          0          0         68   dfixul.o
       228          0          0          0          0         96   dmul.o

    ----------------------------------------------------------------------
      5528        338        296          4          0       3408   Library Totals
        10          0          4          0          0          0   (incl. Padding)

    ----------------------------------------------------------------------

      Code (inc. data)   RO Data    RW Data    ZI Data      Debug   Library Name

      1716        224        292          0          0       1456   m_wv.l
      2736        114          0          4          0       1296   mc_w.l
      1066          0          0          0          0        656   mf_w.l

    ----------------------------------------------------------------------
      5528        338        296          4          0       3408   Library Totals

    ----------------------------------------------------------------------

==============================================================================


      Code (inc. data)   RO Data    RW Data    ZI Data      Debug   

     53056        982       3220         56      32056     332974   Grand Totals
     53056        982       3220         56      32056     332974   ELF Image Totals
     53056        982       3220         56          0          0   ROM Totals

==============================================================================

    Total RO  Size (Code + RO Data)                56276 (  54.96kB)
    Total RW  Size (RW Data + ZI Data)             32112 (  31.36kB)
    Total ROM Size (Code + RO Data + RW Data)      56332 (  55.01kB)

==============================================================================

