Component: Arm Compiler for Embedded 6.21 Tool: armlink [5ec1fa00]

==============================================================================

Section Cross References

    main.o(.text.main) refers to stm32h7xx_hal.o(.text.HAL_Init) for HAL_Init
    main.o(.text.main) refers to main.o(.text.MPU_Config) for MPU_Config
    main.o(.text.main) refers to main.o(.text.SystemClock_Config) for SystemClock_Config
    main.o(.text.main) refers to gpio.o(.text.MX_GPIO_Init) for MX_GPIO_Init
    main.o(.text.main) refers to tim.o(.text.MX_TIM7_Init) for MX_TIM7_Init
    main.o(.text.main) refers to usart.o(.text.MX_USART1_UART_Init) for MX_USART1_UART_Init
    main.o(.text.main) refers to tim.o(.text.MX_TIM1_Init) for MX_TIM1_Init
    main.o(.text.main) refers to tim.o(.text.MX_TIM3_Init) for MX_TIM3_Init
    main.o(.text.main) refers to tim.o(.text.MX_TIM5_Init) for MX_TIM5_Init
    main.o(.text.main) refers to tim.o(.text.MX_TIM6_Init) for MX_TIM6_Init
    main.o(.text.main) refers to usart.o(.text.MX_USART2_UART_Init) for MX_USART2_UART_Init
    main.o(.text.main) refers to usart.o(.text.MX_USART3_UART_Init) for MX_USART3_UART_Init
    main.o(.text.main) refers to i2c.o(.text.MX_I2C1_Init) for MX_I2C1_Init
    main.o(.text.main) refers to usart.o(.text.MX_USART6_UART_Init) for MX_USART6_UART_Init
    main.o(.text.main) refers to i2c.o(.text.MX_I2C2_Init) for MX_I2C2_Init
    main.o(.text.main) refers to usart.o(.bss.huart2) for huart2
    main.o(.text.main) refers to wit_c_sdk.o(.text.JY61P_Init) for JY61P_Init
    main.o(.text.main) refers to initialize.o(.text.MECInit) for MECInit
    main.o(.text.main) refers to stm32h7xx_hal.o(.text.HAL_GetTick) for HAL_GetTick
    main.o(.text.main) refers to oled.o(.text.OLED_Init) for OLED_Init
    main.o(.text.main) refers to oled.o(.text.OLED_Clear) for OLED_Clear
    main.o(.text.main) refers to initialize.o(.text.UpdateData_Car) for UpdateData_Car
    main.o(.text.main) refers to initialize.o(.text.getWz) for getWz
    main.o(.text.main) refers to initialize.o(.bss.current_data) for current_data
    main.o(.text.main) refers to main.o(.bss.message) for message
    main.o(.text.main) refers to main.o(.rodata.str1.1) for .L.str
    main.o(.text.main) refers to printfa.o(i.__0sprintf) for sprintf
    main.o(.text.main) refers to oled.o(.text.OLED_ShowString) for OLED_ShowString
    main.o(.ARM.exidx.text.main) refers to main.o(.text.main) for [Anonymous Symbol]
    main.o(.text.MPU_Config) refers to stm32h7xx_hal_cortex.o(.text.HAL_MPU_Disable) for HAL_MPU_Disable
    main.o(.text.MPU_Config) refers to stm32h7xx_hal_cortex.o(.text.HAL_MPU_ConfigRegion) for HAL_MPU_ConfigRegion
    main.o(.text.MPU_Config) refers to stm32h7xx_hal_cortex.o(.text.HAL_MPU_Enable) for HAL_MPU_Enable
    main.o(.ARM.exidx.text.MPU_Config) refers to main.o(.text.MPU_Config) for [Anonymous Symbol]
    main.o(.text.SystemClock_Config) refers to memseta.o(.text) for __aeabi_memclr4
    main.o(.text.SystemClock_Config) refers to stm32h7xx_hal_pwr_ex.o(.text.HAL_PWREx_ConfigSupply) for HAL_PWREx_ConfigSupply
    main.o(.text.SystemClock_Config) refers to stm32h7xx_hal_rcc.o(.text.HAL_RCC_OscConfig) for HAL_RCC_OscConfig
    main.o(.text.SystemClock_Config) refers to main.o(.text.Error_Handler) for Error_Handler
    main.o(.text.SystemClock_Config) refers to stm32h7xx_hal_rcc.o(.text.HAL_RCC_ClockConfig) for HAL_RCC_ClockConfig
    main.o(.ARM.exidx.text.SystemClock_Config) refers to main.o(.text.SystemClock_Config) for [Anonymous Symbol]
    main.o(.text.Error_Handler) refers to initialize.o(.text.error_handler) for error_handler
    main.o(.ARM.exidx.text.Error_Handler) refers to main.o(.text.Error_Handler) for [Anonymous Symbol]
    main.o(.text.delay_us_hal) refers to tim.o(.bss.htim6) for htim6
    main.o(.text.delay_us_hal) refers to stm32h7xx_hal_tim.o(.text.HAL_TIM_Base_Start) for HAL_TIM_Base_Start
    main.o(.text.delay_us_hal) refers to stm32h7xx_hal_tim.o(.text.HAL_TIM_Base_Stop) for HAL_TIM_Base_Stop
    main.o(.ARM.exidx.text.delay_us_hal) refers to main.o(.text.delay_us_hal) for [Anonymous Symbol]
    main.o(.text.HAL_TIM_PeriodElapsedCallback) refers to hall_encoder.o(.text.UpdateAllSpeed) for UpdateAllSpeed
    main.o(.ARM.exidx.text.HAL_TIM_PeriodElapsedCallback) refers to main.o(.text.HAL_TIM_PeriodElapsedCallback) for [Anonymous Symbol]
    main.o(.text.HAL_UART_RxCpltCallback) refers to wit_c_sdk.o(.text.IT_JY61P) for IT_JY61P
    main.o(.ARM.exidx.text.HAL_UART_RxCpltCallback) refers to main.o(.text.HAL_UART_RxCpltCallback) for [Anonymous Symbol]
    main.o(.text.HAL_UART_ErrorCallback) refers to usart.o(.bss.huart2) for huart2
    main.o(.text.HAL_UART_ErrorCallback) refers to main.o(.text.HAL_UART_RxCpltCallback) for HAL_UART_RxCpltCallback
    main.o(.ARM.exidx.text.HAL_UART_ErrorCallback) refers to main.o(.text.HAL_UART_ErrorCallback) for [Anonymous Symbol]
[...]
    [Anonymous Symbol]                       0x0800b9b0   Section        0  oled.o(.text.WriteCmd)
    __NVIC_EnableIRQ                         0x0800ba09   Thumb Code    48  stm32h7xx_hal_cortex.o(.text.__NVIC_EnableIRQ)
    [Anonymous Symbol]                       0x0800ba08   Section        0  stm32h7xx_hal_cortex.o(.text.__NVIC_EnableIRQ)
    __NVIC_GetPriorityGrouping               0x0800ba39   Thumb Code    16  stm32h7xx_hal_cortex.o(.text.__NVIC_GetPriorityGrouping)
    [Anonymous Symbol]                       0x0800ba38   Section        0  stm32h7xx_hal_cortex.o(.text.__NVIC_GetPriorityGrouping)
    __NVIC_SetPriority                       0x0800ba49   Thumb Code    66  stm32h7xx_hal_cortex.o(.text.__NVIC_SetPriority)
    [Anonymous Symbol]                       0x0800ba48   Section        0  stm32h7xx_hal_cortex.o(.text.__NVIC_SetPriority)
    __NVIC_SetPriorityGrouping               0x0800ba91   Thumb Code    60  stm32h7xx_hal_cortex.o(.text.__NVIC_SetPriorityGrouping)
    [Anonymous Symbol]                       0x0800ba90   Section        0  stm32h7xx_hal_cortex.o(.text.__NVIC_SetPriorityGrouping)
    [Anonymous Symbol]                       0x0800bad0   Section        0  hall_encoder.o(.text.cSpeed)
    [Anonymous Symbol]                       0x0800bb20   Section        0  initialize.o(.text.error_handler)
    [Anonymous Symbol]                       0x0800bb48   Section        0  hall_encoder.o(.text.getSpeed)
    [Anonymous Symbol]                       0x0800bbb0   Section        0  initialize.o(.text.getWz)
    [Anonymous Symbol]                       0x0800bbc8   Section        0  initialize.o(.text.getYaw)
    [Anonymous Symbol]                       0x0800bbe0   Section        0  main.o(.text.main)
    [Anonymous Symbol]                       0x0800bd80   Section        0  kinematics.o(.text.sumTheta)
    i.__0snprintf                            0x0800be8c   Section        0  printfa.o(i.__0snprintf)
    i.__0sprintf                             0x0800bec0   Section        0  printfa.o(i.__0sprintf)
    i.__ARM_fpclassify                       0x0800bee8   Section        0  fpclassify.o(i.__ARM_fpclassify)
    i.__hardfp_cos                           0x0800bf18   Section        0  cos.o(i.__hardfp_cos)
    i.__hardfp_sin                           0x0800bfc8   Section        0  sin.o(i.__hardfp_sin)
    i.__ieee754_rem_pio2                     0x0800c078   Section        0  rred.o(i.__ieee754_rem_pio2)
    i.__kernel_cos                           0x0800c380   Section        0  cos_i.o(i.__kernel_cos)
    i.__kernel_poly                          0x0800c444   Section        0  poly.o(i.__kernel_poly)
    i.__kernel_sin                           0x0800c4b8   Section        0  sin_i.o(i.__kernel_sin)
    i.__mathlib_dbl_invalid                  0x0800c558   Section        0  dunder.o(i.__mathlib_dbl_invalid)
    i.__mathlib_dbl_underflow                0x0800c570   Section        0  dunder.o(i.__mathlib_dbl_underflow)
    i.__scatterload_copy                     0x0800c588   Section       14  handlers.o(i.__scatterload_copy)
    i.__scatterload_null                     0x0800c596   Section        2  handlers.o(i.__scatterload_null)
    i.__scatterload_zeroinit                 0x0800c598   Section       14  handlers.o(i.__scatterload_zeroinit)
    i.__set_errno                            0x0800c5a8   Section        0  errno.o(i.__set_errno)
    _fp_digits                               0x0800c5b5   Thumb Code   366  printfa.o(i._fp_digits)
    i._fp_digits                             0x0800c5b4   Section        0  printfa.o(i._fp_digits)
    _printf_core                             0x0800c739   Thumb Code  1744  printfa.o(i._printf_core)
    i._printf_core                           0x0800c738   Section        0  printfa.o(i._printf_core)
    _printf_post_padding                     0x0800ce15   Thumb Code    36  printfa.o(i._printf_post_padding)
    i._printf_post_padding                   0x0800ce14   Section        0  printfa.o(i._printf_post_padding)
    _printf_pre_padding                      0x0800ce39   Thumb Code    46  printfa.o(i._printf_pre_padding)
    i._printf_pre_padding                    0x0800ce38   Section        0  printfa.o(i._printf_pre_padding)
    _snputc                                  0x0800ce67   Thumb Code    22  printfa.o(i._snputc)
    i._snputc                                0x0800ce66   Section        0  printfa.o(i._snputc)
    _sputc                                   0x0800ce7d   Thumb Code    10  printfa.o(i._sputc)
    i._sputc                                 0x0800ce7c   Section        0  printfa.o(i._sputc)
    i.fabs                                   0x0800ce86   Section        0  fabs.o(i.fabs)
    C                                        0x0800cea0   Data          48  cos_i.o(.constdata)
    .constdata                               0x0800cea0   Section       48  cos_i.o(.constdata)
    pio2s                                    0x0800ced0   Data          48  rred.o(.constdata)
    .constdata                               0x0800ced0   Section      204  rred.o(.constdata)
    twooverpi                                0x0800cf00   Data         156  rred.o(.constdata)
    S                                        0x0800cfa0   Data          40  sin_i.o(.constdata)
    .constdata                               0x0800cfa0   Section       40  sin_i.o(.constdata)
    UARTEx_SetNbDataToProcess.denominator    0x0800d7f0   Data           8  stm32h7xx_hal_uart_ex.o(.rodata.UARTEx_SetNbDataToProcess.denominator)
    [Anonymous Symbol]                       0x0800d7f0   Section        0  stm32h7xx_hal_uart_ex.o(.rodata.UARTEx_SetNbDataToProcess.denominator)
    UARTEx_SetNbDataToProcess.numerator      0x0800d7f8   Data           8  stm32h7xx_hal_uart_ex.o(.rodata.UARTEx_SetNbDataToProcess.numerator)
    [Anonymous Symbol]                       0x0800d7f8   Section        0  stm32h7xx_hal_uart_ex.o(.rodata.UARTEx_SetNbDataToProcess.numerator)
    .L.str                                   0x0800d818   Data          31  main.o(.rodata.str1.1)
    [Anonymous Symbol]                       0x0800d818   Section        0  main.o(.rodata.str1.1)
    .L.str                                   0x0800d837   Data          56  kinematics.o(.rodata.str1.1)
    [Anonymous Symbol]                       0x0800d837   Section        0  kinematics.o(.rodata.str1.1)
    _errno                                   0x24000000   Data           4  errno.o(.data)
    .data                                    0x24000000   Section        4  errno.o(.data)
    UpdateData.first_run                     0x24000028   Data           1  initialize.o(.data.UpdateData.first_run)
    [Anonymous Symbol]                       0x24000028   Section        0  initialize.o(.data.UpdateData.first_run)
    UpdateData.last_time                     0x24000138   Data           4  initialize.o(.bss.UpdateData.last_time)
    [Anonymous Symbol]                       0x24000138   Section        0  initialize.o(.bss.UpdateData.last_time)
    UpdateData.last_yaw                      0x2400013c   Data           4  initialize.o(.bss.UpdateData.last_yaw)
    [Anonymous Symbol]                       0x2400013c   Section        0  initialize.o(.bss.UpdateData.last_yaw)
    STACK                                    0x24000890   Section    29696  startup_stm32h743xx.o(STACK)

    Global Symbols

    Symbol Name                              Value     Ov Type        Size  Object(Section)

    BuildAttributes$$THM_ISAv4$E$P$D$K$B$S$7EM$VFPv5_D16$PE$PLD8$A:L22UL41UL21$X:L11$S22US41US21$IEEE1$IW$~IW$USESV6$~STKCKD$USESV7$~SHL$OTIME$ROPI$IEEEX$EBA8$MICROLIB$REQ8$PRES8$EABIv2 0x00000000   Number         0  anon$$obj.o ABSOLUTE
    __cpp_initialize__aeabi_                  - Undefined Weak Reference
    __cxa_finalize                            - Undefined Weak Reference
    __decompress                              - Undefined Weak Reference
    _clock_init                               - Undefined Weak Reference
    _microlib_exit                            - Undefined Weak Reference
    __Vectors_Size                           0x00000298   Number         0  startup_stm32h743xx.o ABSOLUTE
    __Vectors                                0x08000000   Data           4  startup_stm32h743xx.o(RESET)
    __Vectors_End                            0x08000298   Data           0  startup_stm32h743xx.o(RESET)
    __main                                   0x08000299   Thumb Code     0  entry.o(.ARM.Collect$$$$00000000)
    _main_stk                                0x08000299   Thumb Code     0  entry2.o(.ARM.Collect$$$$00000001)
    _main_scatterload                        0x0800029d   Thumb Code     0  entry5.o(.ARM.Collect$$$$00000004)
    __main_after_scatterload                 0x080002a1   Thumb Code     0  entry5.o(.ARM.Collect$$$$00000004)
    _main_clock                              0x080002a1   Thumb Code     0  entry7b.o(.ARM.Collect$$$$00000008)
    _main_cpp_init                           0x080002a1   Thumb Code     0  entry8b.o(.ARM.Collect$$$$0000000A)
    _main_init                               0x080002a1   Thumb Code     0  entry9a.o(.ARM.Collect$$$$0000000B)
    __rt_final_cpp                           0x080002a9   Thumb Code     0  entry10a.o(.ARM.Collect$$$$0000000D)
    __rt_final_exit                          0x080002a9   Thumb Code     0  entry11a.o(.ARM.Collect$$$$0000000F)
    Reset_Handler                            0x080002ad   Thumb Code     8  startup_stm32h743xx.o(.text)
    ADC3_IRQHandler                          0x080002c7   Thumb Code     0  startup_stm32h743xx.o(.text)
    ADC_IRQHandler                           0x080002c7   Thumb Code     0  startup_stm32h743xx.o(.text)
    BDMA_Channel0_IRQHandler                 0x080002c7   Thumb Code     0  startup_stm32h743xx.o(.text)
    BDMA_Channel1_IRQHandler                 0x080002c7   Thumb Code     0  startup_stm32h743xx.o(.text)
    BDMA_Channel2_IRQHandler                 0x080002c7   Thumb Code     0  startup_stm32h743xx.o(.text)
    BDMA_Channel3_IRQHandler                 0x080002c7   Thumb Code     0  startup_stm32h743xx.o(.text)
    BDMA_Channel4_IRQHandler                 0x080002c7   Thumb Code     0  startup_stm32h743xx.o(.text)
    BDMA_Channel5_IRQHandler                 0x080002c7   Thumb Code     0  startup_stm32h743xx.o(.text)
    BDMA_Channel6_IRQHandler                 0x080002c7   Thumb Code     0  startup_stm32h743xx.o(.text)
    BDMA_Channel7_IRQHandler                 0x080002c7   Thumb Code     0  startup_stm32h743xx.o(.text)
    CEC_IRQHandler                           0x080002c7   Thumb Code     0  startup_stm32h743xx.o(.text)
    COMP1_IRQHandler                         0x080002c7   Thumb Code     0  startup_stm32h743xx.o(.text)
    CRS_IRQHandler                           0x080002c7   Thumb Code     0  startup_stm32h743xx.o(.text)
    DCMI_IRQHandler                          0x080002c7   Thumb Code     0  startup_stm32h743xx.o(.text)
    DFSDM1_FLT0_IRQHandler                   0x080002c7   Thumb Code     0  startup_stm32h743xx.o(.text)
    DFSDM1_FLT1_IRQHandler                   0x080002c7   Thumb Code     0  startup_stm32h743xx.o(.text)
    DFSDM1_FLT2_IRQHandler                   0x080002c7   Thumb Code     0  startup_stm32h743xx.o(.text)
    DFSDM1_FLT3_IRQHandler                   0x080002c7   Thumb Code     0  startup_stm32h743xx.o(.text)
    DMA1_Stream0_IRQHandler                  0x080002c7   Thumb Code     0  startup_stm32h743xx.o(.text)
    DMA1_Stream1_IRQHandler                  0x080002c7   Thumb Code     0  startup_stm32h743xx.o(.text)
    DMA1_Stream2_IRQHandler                  0x080002c7   Thumb Code     0  startup_stm32h743xx.o(.text)
    DMA1_Stream3_IRQHandler                  0x080002c7   Thumb Code     0  startup_stm32h743xx.o(.text)
    DMA1_Stream4_IRQHandler                  0x080002c7   Thumb Code     0  startup_stm32h743xx.o(.text)
    DMA1_Stream5_IRQHandler                  0x080002c7   Thumb Code     0  startup_stm32h743xx.o(.text)
    DMA1_Stream6_IRQHandler                  0x080002c7   Thumb Code     0  startup_stm32h743xx.o(.text)
    DMA1_Stream7_IRQHandler                  0x080002c7   Thumb Code     0  startup_stm32h743xx.o(.text)
    DMA2D_IRQHandler                         0x080002c7   Thumb Code     0  startup_stm32h743xx.o(.text)
    DMA2_Stream0_IRQHandler                  0x080002c7   Thumb Code     0  startup_stm32h743xx.o(.text)
    DMA2_Stream1_IRQHandler                  0x080002c7   Thumb Code     0  startup_stm32h743xx.o(.text)
    DMA2_Stream2_IRQHandler                  0x080002c7   Thumb Code     0  startup_stm32h743xx.o(.text)
    DMA2_Stream3_IRQHandler                  0x080002c7   Thumb Code     0  startup_stm32h743xx.o(.text)
    DMA2_Stream4_IRQHandler                  0x080002c7   Thumb Code     0  startup_stm32h743xx.o(.text)
    DMA2_Stream5_IRQHandler                  0x080002c7   Thumb Code     0  startup_stm32h743xx.o(.text)
    DMA2_Stream6_IRQHandler                  0x080002c7   Thumb Code     0  startup_stm32h743xx.o(.text)
    DMA2_Stream7_IRQHandler                  0x080002c7   Thumb Code     0  startup_stm32h743xx.o(.text)
    DMAMUX1_OVR_IRQHandler                   0x080002c7   Thumb Code     0  startup_stm32h743xx.o(.text)
    DMAMUX2_OVR_IRQHandler                   0x080002c7   Thumb Code     0  startup_stm32h743xx.o(.text)
    ECC_IRQHandler                           0x080002c7   Thumb Code     0  startup_stm32h743xx.o(.text)
    ETH_IRQHandler                           0x080002c7   Thumb Code     0  startup_stm32h743xx.o(.text)
    ETH_WKUP_IRQHandler                      0x080002c7   Thumb Code     0  startup_stm32h743xx.o(.text)
    EXTI0_IRQHandler                         0x080002c7   Thumb Code     0  startup_stm32h743xx.o(.text)
    EXTI15_10_IRQHandler                     0x080002c7   Thumb Code     0  startup_stm32h743xx.o(.text)
    EXTI1_IRQHandler                         0x080002c7   Thumb Code     0  startup_stm32h743xx.o(.text)
    EXTI2_IRQHandler                         0x080002c7   Thumb Code     0  startup_stm32h743xx.o(.text)
    EXTI3_IRQHandler                         0x080002c7   Thumb Code     0  startup_stm32h743xx.o(.text)
    EXTI4_IRQHandler                         0x080002c7   Thumb Code     0  startup_stm32h743xx.o(.text)
    EXTI9_5_IRQHandler                       0x080002c7   Thumb Code     0  startup_stm32h743xx.o(.text)
    FDCAN1_IT0_IRQHandler                    0x080002c7   Thumb Code     0  startup_stm32h743xx.o(.text)
    FDCAN1_IT1_IRQHandler                    0x080002c7   Thumb Code     0  startup_stm32h743xx.o(.text)
    FDCAN2_IT0_IRQHandler                    0x080002c7   Thumb Code     0  startup_stm32h743xx.o(.text)
    FDCAN2_IT1_IRQHandler                    0x080002c7   Thumb Code     0  startup_stm32h743xx.o(.text)
    FDCAN_CAL_IRQHandler                     0x080002c7   Thumb Code     0  startup_stm32h743xx.o(.text)
    FLASH_IRQHandler                         0x080002c7   Thumb Code     0  startup_stm32h743xx.o(.text)
    FMC_IRQHandler                           0x080002c7   Thumb Code     0  startup_stm32h743xx.o(.text)
    FPU_IRQHandler                           0x080002c7   Thumb Code     0  startup_stm32h743xx.o(.text)
    HRTIM1_FLT_IRQHandler                    0x080002c7   Thumb Code     0  startup_stm32h743xx.o(.text)
    HRTIM1_Master_IRQHandler                 0x080002c7   Thumb Code     0  startup_stm32h743xx.o(.text)
    HRTIM1_TIMA_IRQHandler                   0x080002c7   Thumb Code     0  startup_stm32h743xx.o(.text)
    HRTIM1_TIMB_IRQHandler                   0x080002c7   Thumb Code     0  startup_stm32h743xx.o(.text)
    HRTIM1_TIMC_IRQHandler                   0x080002c7   Thumb Code     0  startup_stm32h743xx.o(.text)
    HRTIM1_TIMD_IRQHandler                   0x080002c7   Thumb Code     0  startup_stm32h743xx.o(.text)
    HRTIM1_TIME_IRQHandler                   0x080002c7   Thumb Code     0  startup_stm32h743xx.o(.text)
    HSEM1_IRQHandler                         0x080002c7   Thumb Code     0  startup_stm32h743xx.o(.text)
    I2C1_ER_IRQHandler                       0x080002c7   Thumb Code     0  startup_stm32h743xx.o(.text)
    I2C1_EV_IRQHandler                       0x080002c7   Thumb Code     0  startup_stm32h743xx.o(.text)
    I2C2_ER_IRQHandler                       0x080002c7   Thumb Code     0  startup_stm32h743xx.o(.text)
    I2C2_EV_IRQHandler                       0x080002c7   Thumb Code     0  startup_stm32h743xx.o(.text)
    I2C3_ER_IRQHandler                       0x080002c7   Thumb Code     0  startup_stm32h743xx.o(.text)
    I2C3_EV_IRQHandler                       0x080002c7   Thumb Code     0  startup_stm32h743xx.o(.text)
    I2C4_ER_IRQHandler                       0x080002c7   Thumb Code     0  startup_stm32h743xx.o(.text)
    I2C4_EV_IRQHandler                       0x080002c7   Thumb Code     0  startup_stm32h743xx.o(.text)
    JPEG_IRQHandler                          0x080002c7   Thumb Code     0  startup_stm32h743xx.o(.text)
    LPTIM1_IRQHandler                        0x080002c7   Thumb Code     0  startup_stm32h743xx.o(.text)
    LPTIM2_IRQHandler                        0x080002c7   Thumb Code     0  startup_stm32h743xx.o(.text)
    LPTIM3_IRQHandler                        0x080002c7   Thumb Code     0  startup_stm32h743xx.o(.text)
    LPTIM4_IRQHandler                        0x080002c7   Thumb Code     0  startup_stm32h743xx.o(.text)
    LPTIM5_IRQHandler                        0x080002c7   Thumb Code     0  startup_stm32h743xx.o(.text)
    LPUART1_IRQHandler                       0x080002c7   Thumb Code     0  startup_stm32h743xx.o(.text)
    LTDC_ER_IRQHandler                       0x080002c7   Thumb Code     0  startup_stm32h743xx.o(.text)
    LTDC_IRQHandler                          0x080002c7   Thumb Code     0  startup_stm32h743xx.o(.text)
    MDIOS_IRQHandler                         0x080002c7   Thumb Code     0  startup_stm32h743xx.o(.text)
    MDIOS_WKUP_IRQHandler                    0x080002c7   Thumb Code     0  startup_stm32h743xx.o(.text)
    MDMA_IRQHandler                          0x080002c7   Thumb Code     0  startup_stm32h743xx.o(.text)
    OTG_FS_EP1_IN_IRQHandler                 0x080002c7   Thumb Code     0  startup_stm32h743xx.o(.text)
    OTG_FS_EP1_OUT_IRQHandler                0x080002c7   Thumb Code     0  startup_stm32h743xx.o(.text)
    OTG_FS_IRQHandler                        0x080002c7   Thumb Code     0  startup_stm32h743xx.o(.text)
    OTG_FS_WKUP_IRQHandler                   0x080002c7   Thumb Code     0  startup_stm32h743xx.o(.text)
    OTG_HS_EP1_IN_IRQHandler                 0x080002c7   Thumb Code     0  startup_stm32h743xx.o(.text)
    OTG_HS_EP1_OUT_IRQHandler                0x080002c7   Thumb Code     0  startup_stm32h743xx.o(.text)
    OTG_HS_IRQHandler                        0x080002c7   Thumb Code     0  startup_stm32h743xx.o(.text)
    OTG_HS_WKUP_IRQHandler                   0x080002c7   Thumb Code     0  startup_stm32h743xx.o(.text)
    PVD_AVD_IRQHandler                       0x080002c7   Thumb Code     0  startup_stm32h743xx.o(.text)
    QUADSPI_IRQHandler                       0x080002c7   Thumb Code     0  startup_stm32h743xx.o(.text)
    RCC_IRQHandler                           0x080002c7   Thumb Code     0  startup_stm32h743xx.o(.text)
    RNG_IRQHandler                           0x080002c7   Thumb Code     0  startup_stm32h743xx.o(.text)
    RTC_Alarm_IRQHandler                     0x080002c7   Thumb Code     0  startup_stm32h743xx.o(.text)
    RTC_WKUP_IRQHandler                      0x080002c7   Thumb Code     0  startup_stm32h743xx.o(.text)
    SAI1_IRQHandler                          0x080002c7   Thumb Code     0  startup_stm32h743xx.o(.text)
    SAI2_IRQHandler                          0x080002c7   Thumb Code     0  startup_stm32h743xx.o(.text)
    SAI3_IRQHandler                          0x080002c7   Thumb Code     0  startup_stm32h743xx.o(.text)
    SAI4_IRQHandler                          0x080002c7   Thumb Code     0  startup_stm32h743xx.o(.text)
    SDMMC1_IRQHandler                        0x080002c7   Thumb Code     0  startup_stm32h743xx.o(.text)
    SDMMC2_IRQHandler                        0x080002c7   Thumb Code     0  startup_stm32h743xx.o(.text)
    SPDIF_RX_IRQHandler                      0x080002c7   Thumb Code     0  startup_stm32h743xx.o(.text)
    SPI1_IRQHandler                          0x080002c7   Thumb Code     0  startup_stm32h743xx.o(.text)
    SPI2_IRQHandler                          0x080002c7   Thumb Code     0  startup_stm32h743xx.o(.text)
    SPI3_IRQHandler                          0x080002c7   Thumb Code     0  startup_stm32h743xx.o(.text)
    SPI4_IRQHandler                          0x080002c7   Thumb Code     0  startup_stm32h743xx.o(.text)
    SPI5_IRQHandler                          0x080002c7   Thumb Code     0  startup_stm32h743xx.o(.text)
    SPI6_IRQHandler                          0x080002c7   Thumb Code     0  startup_stm32h743xx.o(.text)
    SWPMI1_IRQHandler                        0x080002c7   Thumb Code     0  startup_stm32h743xx.o(.text)
    TAMP_STAMP_IRQHandler                    0x080002c7   Thumb Code     0  startup_stm32h743xx.o(.text)
    TIM15_IRQHandler                         0x080002c7   Thumb Code     0  startup_stm32h743xx.o(.text)
    TIM16_IRQHandler                         0x080002c7   Thumb Code     0  startup_stm32h743xx.o(.text)
    TIM17_IRQHandler                         0x080002c7   Thumb Code     0  startup_stm32h743xx.o(.text)
    TIM1_BRK_IRQHandler                      0x080002c7   Thumb Code     0  startup_stm32h743xx.o(.text)
    TIM1_CC_IRQHandler                       0x080002c7   Thumb Code     0  startup_stm32h743xx.o(.text)
    TIM1_TRG_COM_IRQHandler                  0x080002c7   Thumb Code     0  startup_stm32h743xx.o(.text)
    TIM2_IRQHandler                          0x080002c7   Thumb Code     0  startup_stm32h743xx.o(.text)
    TIM4_IRQHandler                          0x080002c7   Thumb Code     0  startup_stm32h743xx.o(.text)
    TIM5_IRQHandler                          0x080002c7   Thumb Code     0  startup_stm32h743xx.o(.text)
    TIM6_DAC_IRQHandler                      0x080002c7   Thumb Code     0  startup_stm32h743xx.o(.text)
    TIM8_BRK_TIM12_IRQHandler                0x080002c7   Thumb Code     0  startup_stm32h743xx.o(.text)
    TIM8_CC_IRQHandler                       0x080002c7   Thumb Code     0  startup_stm32h743xx.o(.text)
    TIM8_TRG_COM_TIM14_IRQHandler            0x080002c7   Thumb Code     0  startup_stm32h743xx.o(.text)
    TIM8_UP_TIM13_IRQHandler                 0x080002c7   Thumb Code     0  startup_stm32h743xx.o(.text)
    UART4_IRQHandler                         0x080002c7   Thumb Code     0  startup_stm32h743xx.o(.text)
    UART5_IRQHandler                         0x080002c7   Thumb Code     0  startup_stm32h743xx.o(.text)
    UART7_IRQHandler                         0x080002c7   Thumb Code     0  startup_stm32h743xx.o(.text)
    UART8_IRQHandler                         0x080002c7   Thumb Code     0  startup_stm32h743xx.o(.text)
    WAKEUP_PIN_IRQHandler                    0x080002c7   Thumb Code     0  startup_stm32h743xx.o(.text)
    WWDG_IRQHandler                          0x080002c7   Thumb Code     0  startup_stm32h743xx.o(.text)
    __aeabi_uldivmod                         0x080002d1   Thumb Code    98  uldiv.o(.text)
    __aeabi_memset                           0x08000333   Thumb Code    14  memseta.o(.text)
    __aeabi_memset4                          0x08000333   Thumb Code     0  memseta.o(.text)
    __aeabi_memset8                          0x08000333   Thumb Code     0  memseta.o(.text)
    __aeabi_memclr                           0x08000341   Thumb Code     4  memseta.o(.text)
    __aeabi_memclr4                          0x08000341   Thumb Code     0  memseta.o(.text)
    __aeabi_memclr8                          0x08000341   Thumb Code     0  memseta.o(.text)
    _memset$wrapper                          0x08000345   Thumb Code    18  memseta.o(.text)
    __aeabi_uidiv                            0x08000357   Thumb Code     0  uidiv.o(.text)
    __aeabi_uidivmod                         0x08000357   Thumb Code    44  uidiv.o(.text)
    __aeabi_llsl                             0x08000383   Thumb Code    30  llshl.o(.text)
    _ll_shift_l                              0x08000383   Thumb Code     0  llshl.o(.text)
    __aeabi_llsr                             0x080003a1   Thumb Code    32  llushr.o(.text)
    _ll_ushift_r                             0x080003a1   Thumb Code     0  llushr.o(.text)
    __I$use$fp                               0x080003c1   Thumb Code     0  iusefp.o(.text)
    __aeabi_dadd                             0x080003c1   Thumb Code   322  dadd.o(.text)
    __aeabi_dsub                             0x08000503   Thumb Code     6  dadd.o(.text)
    __aeabi_drsub                            0x08000509   Thumb Code     6  dadd.o(.text)
    __aeabi_dmul                             0x0800050f   Thumb Code   228  dmul.o(.text)
    __aeabi_ddiv                             0x080005f3   Thumb Code   222  ddiv.o(.text)
    __aeabi_d2ulz                            0x080006d1   Thumb Code    48  dfixul.o(.text)
    __aeabi_cdrcmple                         0x08000701   Thumb Code    48  cdrcmple.o(.text)
    __scatterload                            0x08000731   Thumb Code    38  init.o(.text)
    __scatterload_rt2                        0x08000731   Thumb Code     0  init.o(.text)
    __aeabi_lasr                             0x08000761   Thumb Code    36  llsshr.o(.text)
    _ll_sshift_r                             0x08000761   Thumb Code     0  llsshr.o(.text)
    _double_round                            0x08000785   Thumb Code    30  depilogue.o(.text)
    _double_epilogue                         0x080007a3   Thumb Code   156  depilogue.o(.text)
    Break                                    0x08000841   Thumb Code    28  initialize.o(.text.Break)
    BusFault_Handler                         0x08000861   Thumb Code     4  stm32h7xx_it.o(.text.BusFault_Handler)
    CalibrateYawOffset                       0x08000869   Thumb Code    90  initialize.o(.text.CalibrateYawOffset)
    CarState_Init                            0x080008c9   Thumb Code    64  kinematics.o(.text.CarState_Init)
    CarState_Update                          0x08000909   Thumb Code   208  kinematics.o(.text.CarState_Update)
    DebugMon_Handler                         0x080009e1   Thumb Code     2  stm32h7xx_it.o(.text.DebugMon_Handler)
    EncoderInit                              0x080009e9   Thumb Code   210  hall_encoder.o(.text.EncoderInit)
    EncoderParamInit                         0x08000ac1   Thumb Code    34  hall_encoder.o(.text.EncoderParamInit)
    Error_Handler                            0x08000ae9   Thumb Code    20  main.o(.text.Error_Handler)
    GYROSCOPE_DATA_Decoder                   0x08000b01   Thumb Code   416  wit_c_sdk.o(.text.GYROSCOPE_DATA_Decoder)
    HAL_DMA_Abort                            0x08000cc1   Thumb Code  2424  stm32h7xx_hal_dma.o(.text.HAL_DMA_Abort)
    HAL_DMA_Abort_IT                         0x08001639   Thumb Code  1706  stm32h7xx_hal_dma.o(.text.HAL_DMA_Abort_IT)
    HAL_Delay                                0x08001ce9   Thumb Code    66  stm32h7xx_hal.o(.text.HAL_Delay)
    HAL_GPIO_Init                            0x08001d31   Thumb Code   964  stm32h7xx_hal_gpio.o(.text.HAL_GPIO_Init)
    HAL_GPIO_WritePin                        0x080020f9   Thumb Code    46  stm32h7xx_hal_gpio.o(.text.HAL_GPIO_WritePin)
    HAL_GetREVID                             0x08002129   Thumb Code    14  stm32h7xx_hal.o(.text.HAL_GetREVID)
    HAL_GetTick                              0x08002139   Thumb Code    12  stm32h7xx_hal.o(.text.HAL_GetTick)
    HAL_I2CEx_ConfigAnalogFilter             0x08002149   Thumb Code   152  stm32h7xx_hal_i2c_ex.o(.text.HAL_I2CEx_ConfigAnalogFilter)
    HAL_I2CEx_ConfigDigitalFilter            0x080021e1   Thumb Code   162  stm32h7xx_hal_i2c_ex.o(.text.HAL_I2CEx_ConfigDigitalFilter)
    HAL_I2C_Init                             0x08002289   Thumb Code   260  stm32h7xx_hal_i2c.o(.text.HAL_I2C_Init)
    HAL_I2C_Mem_Read                         0x08002391   Thumb Code   650  stm32h7xx_hal_i2c.o(.text.HAL_I2C_Mem_Read)
    HAL_I2C_Mem_Write                        0x08002621   Thumb Code   628  stm32h7xx_hal_i2c.o(.text.HAL_I2C_Mem_Write)
    HAL_I2C_MspInit                          0x08002899   Thumb Code   310  i2c.o(.text.HAL_I2C_MspInit)
    HAL_IncTick                              0x080029d1   Thumb Code    26  stm32h7xx_hal.o(.text.HAL_IncTick)
    HAL_Init                                 0x080029f1   Thumb Code   122  stm32h7xx_hal.o(.text.HAL_Init)
    HAL_InitTick                             0x08002a71   Thumb Code   134  stm32h7xx_hal.o(.text.HAL_InitTick)
    HAL_MPU_ConfigRegion                     0x08002af9   Thumb Code   158  stm32h7xx_hal_cortex.o(.text.HAL_MPU_ConfigRegion)
    HAL_MPU_Disable                          0x08002b99   Thumb Code    34  stm32h7xx_hal_cortex.o(.text.HAL_MPU_Disable)
    HAL_MPU_Enable                           0x08002bc1   Thumb Code    48  stm32h7xx_hal_cortex.o(.text.HAL_MPU_Enable)
    HAL_MspInit                              0x08002bf1   Thumb Code    36  stm32h7xx_hal_msp.o(.text.HAL_MspInit)
    HAL_NVIC_EnableIRQ                       0x08002c19   Thumb Code    20  stm32h7xx_hal_cortex.o(.text.HAL_NVIC_EnableIRQ)
    HAL_NVIC_SetPriority                     0x08002c31   Thumb Code    46  stm32h7xx_hal_cortex.o(.text.HAL_NVIC_SetPriority)
    HAL_NVIC_SetPriorityGrouping             0x08002c61   Thumb Code    16  stm32h7xx_hal_cortex.o(.text.HAL_NVIC_SetPriorityGrouping)
    HAL_PWREx_ConfigSupply                   0x08002c71   Thumb Code   162  stm32h7xx_hal_pwr_ex.o(.text.HAL_PWREx_ConfigSupply)
    HAL_RCCEx_GetD3PCLK1Freq                 0x08002d19   Thumb Code    38  stm32h7xx_hal_rcc_ex.o(.text.HAL_RCCEx_GetD3PCLK1Freq)
    HAL_RCCEx_GetPLL2ClockFreq               0x08002d41   Thumb Code   668  stm32h7xx_hal_rcc_ex.o(.text.HAL_RCCEx_GetPLL2ClockFreq)
    HAL_RCCEx_GetPLL3ClockFreq               0x08002ff1   Thumb Code   668  stm32h7xx_hal_rcc_ex.o(.text.HAL_RCCEx_GetPLL3ClockFreq)
    HAL_RCCEx_PeriphCLKConfig                0x080032a1   Thumb Code  4256  stm32h7xx_hal_rcc_ex.o(.text.HAL_RCCEx_PeriphCLKConfig)
    HAL_RCC_ClockConfig                      0x08004341   Thumb Code  1176  stm32h7xx_hal_rcc.o(.text.HAL_RCC_ClockConfig)
    HAL_RCC_GetHCLKFreq                      0x080047d9   Thumb Code    86  stm32h7xx_hal_rcc.o(.text.HAL_RCC_GetHCLKFreq)
    HAL_RCC_GetPCLK1Freq                     0x08004831   Thumb Code    38  stm32h7xx_hal_rcc.o(.text.HAL_RCC_GetPCLK1Freq)
    HAL_RCC_GetPCLK2Freq                     0x08004859   Thumb Code    38  stm32h7xx_hal_rcc.o(.text.HAL_RCC_GetPCLK2Freq)
    HAL_RCC_GetSysClockFreq                  0x08004881   Thumb Code   768  stm32h7xx_hal_rcc.o(.text.HAL_RCC_GetSysClockFreq)
    HAL_RCC_OscConfig                        0x08004b91   Thumb Code  2904  stm32h7xx_hal_rcc.o(.text.HAL_RCC_OscConfig)
    HAL_SYSTICK_Config                       0x080056e9   Thumb Code    16  stm32h7xx_hal_cortex.o(.text.HAL_SYSTICK_Config)
    HAL_TIMEx_Break2Callback                 0x080056f9   Thumb Code     8  stm32h7xx_hal_tim_ex.o(.text.HAL_TIMEx_Break2Callback)
    HAL_TIMEx_BreakCallback                  0x08005701   Thumb Code     8  stm32h7xx_hal_tim_ex.o(.text.HAL_TIMEx_BreakCallback)
    HAL_TIMEx_CommutCallback                 0x08005709   Thumb Code     8  stm32h7xx_hal_tim_ex.o(.text.HAL_TIMEx_CommutCallback)
    HAL_TIMEx_MasterConfigSynchronization    0x08005711   Thumb Code   344  stm32h7xx_hal_tim_ex.o(.text.HAL_TIMEx_MasterConfigSynchronization)
    HAL_TIM_Base_Init                        0x08005869   Thumb Code   168  stm32h7xx_hal_tim.o(.text.HAL_TIM_Base_Init)
    HAL_TIM_Base_MspInit                     0x08005911   Thumb Code   182  tim.o(.text.HAL_TIM_Base_MspInit)
    HAL_TIM_Base_Start_IT                    0x080059c9   Thumb Code   260  stm32h7xx_hal_tim.o(.text.HAL_TIM_Base_Start_IT)
    HAL_TIM_ConfigClockSource                0x08005ad1   Thumb Code   464  stm32h7xx_hal_tim.o(.text.HAL_TIM_ConfigClockSource)
    HAL_TIM_Encoder_Init                     0x08005ca1   Thumb Code   308  stm32h7xx_hal_tim.o(.text.HAL_TIM_Encoder_Init)
    HAL_TIM_Encoder_MspInit                  0x08005dd9   Thumb Code   284  tim.o(.text.HAL_TIM_Encoder_MspInit)
    HAL_TIM_IC_CaptureCallback               0x08005ef9   Thumb Code     8  stm32h7xx_hal_tim.o(.text.HAL_TIM_IC_CaptureCallback)
    HAL_TIM_IRQHandler                       0x08005f01   Thumb Code   692  stm32h7xx_hal_tim.o(.text.HAL_TIM_IRQHandler)
    HAL_TIM_MspPostInit                      0x080061b9   Thumb Code   100  tim.o(.text.HAL_TIM_MspPostInit)
    HAL_TIM_OC_DelayElapsedCallback          0x08006221   Thumb Code     8  stm32h7xx_hal_tim.o(.text.HAL_TIM_OC_DelayElapsedCallback)
    HAL_TIM_PWM_ConfigChannel                0x08006229   Thumb Code   432  stm32h7xx_hal_tim.o(.text.HAL_TIM_PWM_ConfigChannel)
    HAL_TIM_PWM_Init                         0x080063d9   Thumb Code   168  stm32h7xx_hal_tim.o(.text.HAL_TIM_PWM_Init)
    HAL_TIM_PWM_MspInit                      0x08006481   Thumb Code     8  stm32h7xx_hal_tim.o(.text.HAL_TIM_PWM_MspInit)
    HAL_TIM_PWM_PulseFinishedCallback        0x08006489   Thumb Code     8  stm32h7xx_hal_tim.o(.text.HAL_TIM_PWM_PulseFinishedCallback)
    HAL_TIM_PWM_Start                        0x08006491   Thumb Code   638  stm32h7xx_hal_tim.o(.text.HAL_TIM_PWM_Start)
    HAL_TIM_PeriodElapsedCallback            0x08006711   Thumb Code    16  main.o(.text.HAL_TIM_PeriodElapsedCallback)
    HAL_TIM_TriggerCallback                  0x08006721   Thumb Code     8  stm32h7xx_hal_tim.o(.text.HAL_TIM_TriggerCallback)
    HAL_UARTEx_DisableFifoMode               0x08006729   Thumb Code   124  stm32h7xx_hal_uart_ex.o(.text.HAL_UARTEx_DisableFifoMode)
    HAL_UARTEx_RxEventCallback               0x080067a9   Thumb Code    12  stm32h7xx_hal_uart.o(.text.HAL_UARTEx_RxEventCallback)
    HAL_UARTEx_RxFifoFullCallback            0x080067b9   Thumb Code     8  stm32h7xx_hal_uart_ex.o(.text.HAL_UARTEx_RxFifoFullCallback)
    HAL_UARTEx_SetRxFifoThreshold            0x080067c1   Thumb Code   140  stm32h7xx_hal_uart_ex.o(.text.HAL_UARTEx_SetRxFifoThreshold)
    HAL_UARTEx_SetTxFifoThreshold            0x08006851   Thumb Code   140  stm32h7xx_hal_uart_ex.o(.text.HAL_UARTEx_SetTxFifoThreshold)
    HAL_UARTEx_TxFifoEmptyCallback           0x080068e1   Thumb Code     8  stm32h7xx_hal_uart_ex.o(.text.HAL_UARTEx_TxFifoEmptyCallback)
    HAL_UARTEx_WakeupCallback                0x080068e9   Thumb Code     8  stm32h7xx_hal_uart_ex.o(.text.HAL_UARTEx_WakeupCallback)
    HAL_UART_ErrorCallback                   0x080068f1   Thumb Code    50  main.o(.text.HAL_UART_ErrorCallback)
    HAL_UART_IRQHandler                      0x08006929   Thumb Code  1736  stm32h7xx_hal_uart.o(.text.HAL_UART_IRQHandler)
    HAL_UART_Init                            0x08006ff1   Thumb Code   170  stm32h7xx_hal_uart.o(.text.HAL_UART_Init)
    HAL_UART_MspInit                         0x080070a1   Thumb Code   668  usart.o(.text.HAL_UART_MspInit)
    HAL_UART_Receive_IT                      0x08007341   Thumb Code   160  stm32h7xx_hal_uart.o(.text.HAL_UART_Receive_IT)
    HAL_UART_RxCpltCallback                  0x080073e1   Thumb Code    34  main.o(.text.HAL_UART_RxCpltCallback)
    HAL_UART_TxCpltCallback                  0x08007409   Thumb Code     8  stm32h7xx_hal_uart.o(.text.HAL_UART_TxCpltCallback)
    HardFault_Handler                        0x08007411   Thumb Code     4  stm32h7xx_it.o(.text.HardFault_Handler)
    IIC_Get_Digital                          0x08007a39   Thumb Code    66  ganwei_i2c.o(.text.IIC_Get_Digital)
    IIC_ReadBytes                            0x08007a81   Thumb Code    72  ganwei_i2c.o(.text.IIC_ReadBytes)
    IT_JY61P                                 0x08007ac9   Thumb Code   362  wit_c_sdk.o(.text.IT_JY61P)
    JY61P_Init                               0x08007c39   Thumb Code    46  wit_c_sdk.o(.text.JY61P_Init)
    LMotorSet                                0x08007c69   Thumb Code    36  initialize.o(.text.LMotorSet)
    LRInit                                   0x08007c91   Thumb Code   104  hall_encoder.o(.text.LRInit)
    MECInit                                  0x08007cf9   Thumb Code   186  initialize.o(.text.MECInit)
    MX_GPIO_Init                             0x08007e89   Thumb Code   408  gpio.o(.text.MX_GPIO_Init)
    MX_I2C1_Init                             0x08008021   Thumb Code   118  i2c.o(.text.MX_I2C1_Init)
    MX_I2C2_Init                             0x08008099   Thumb Code   118  i2c.o(.text.MX_I2C2_Init)
    MX_TIM1_Init                             0x08008111   Thumb Code   130  tim.o(.text.MX_TIM1_Init)
    MX_TIM3_Init                             0x08008199   Thumb Code   126  tim.o(.text.MX_TIM3_Init)
    MX_TIM5_Init                             0x08008219   Thumb Code   244  tim.o(.text.MX_TIM5_Init)
    MX_TIM6_Init                             0x08008311   Thumb Code    92  tim.o(.text.MX_TIM6_Init)
    MX_TIM7_Init                             0x08008371   Thumb Code    92  tim.o(.text.MX_TIM7_Init)
    MX_USART1_UART_Init                      0x080083d1   Thumb Code   142  usart.o(.text.MX_USART1_UART_Init)
    MX_USART2_UART_Init                      0x08008461   Thumb Code   142  usart.o(.text.MX_USART2_UART_Init)
    MX_USART3_UART_Init                      0x080084f1   Thumb Code   142  usart.o(.text.MX_USART3_UART_Init)
    MX_USART6_UART_Init                      0x08008581   Thumb Code   142  usart.o(.text.MX_USART6_UART_Init)
    MemManage_Handler                        0x08008611   Thumb Code     4  stm32h7xx_it.o(.text.MemManage_Handler)
    Motor_UI_Init                            0x08008619   Thumb Code   304  tb6612fng.o(.text.Motor_UI_Init)
    Motor_UI_Set                             0x08008749   Thumb Code   332  tb6612fng.o(.text.Motor_UI_Set)
    NMI_Handler                              0x08008899   Thumb Code     4  stm32h7xx_it.o(.text.NMI_Handler)
    OLED_Clear                               0x08008911   Thumb Code   104  oled.o(.text.OLED_Clear)
    OLED_Init                                0x08008979   Thumb Code    14  oled.o(.text.OLED_Init)
    OLED_Set_Pos                             0x08008989   Thumb Code    52  oled.o(.text.OLED_Set_Pos)
    OLED_ShowChar                            0x080089c1   Thumb Code   306  oled.o(.text.OLED_ShowChar)
    OLED_ShowString                          0x08008af9   Thumb Code   116  oled.o(.text.OLED_ShowString)
    OLED_WR_CMD                              0x08008b71   Thumb Code    46  oled.o(.text.OLED_WR_CMD)
    OLED_WR_DATA                             0x08008ba1   Thumb Code    46  oled.o(.text.OLED_WR_DATA)
    PendSV_Handler                           0x08008bd1   Thumb Code     2  stm32h7xx_it.o(.text.PendSV_Handler)
    RED_up                                   0x08008f79   Thumb Code    22  led.o(.text.RED_up)
    RMotorSet                                0x08008f91   Thumb Code    36  initialize.o(.text.RMotorSet)
    ReloadTime                               0x08008fb9   Thumb Code    80  hall_encoder.o(.text.ReloadTime)
    SVC_Handler                              0x08009009   Thumb Code     2  stm32h7xx_it.o(.text.SVC_Handler)
    StoDis                                   0x08009011   Thumb Code    88  hall_encoder.o(.text.StoDis)
    SysTick_Handler                          0x080090d1   Thumb Code     8  stm32h7xx_it.o(.text.SysTick_Handler)
    SystemClock_Config                       0x080090d9   Thumb Code   344  main.o(.text.SystemClock_Config)
    SystemInit                               0x08009231   Thumb Code   352  system_stm32h7xx.o(.text.SystemInit)
    TIM1_UP_IRQHandler                       0x08009391   Thumb Code    16  stm32h7xx_it.o(.text.TIM1_UP_IRQHandler)
    TIM3_IRQHandler                          0x080093a1   Thumb Code    16  stm32h7xx_it.o(.text.TIM3_IRQHandler)
    TIM7_IRQHandler                          0x080093b1   Thumb Code    16  stm32h7xx_it.o(.text.TIM7_IRQHandler)
    TIM_Base_SetConfig                       0x080093c1   Thumb Code   410  stm32h7xx_hal_tim.o(.text.TIM_Base_SetConfig)
    TIM_CCxChannelCmd                        0x08009561   Thumb Code    54  stm32h7xx_hal_tim.o(.text.TIM_CCxChannelCmd)
    TIM_ETR_SetConfig                        0x08009599   Thumb Code    52  stm32h7xx_hal_tim.o(.text.TIM_ETR_SetConfig)
    TIM_OC2_SetConfig                        0x08009751   Thumb Code   364  stm32h7xx_hal_tim.o(.text.TIM_OC2_SetConfig)
    UART_AdvFeatureConfig                    0x08009de9   Thumb Code   328  stm32h7xx_hal_uart.o(.text.UART_AdvFeatureConfig)
    UART_CheckIdleState                      0x08009f31   Thumb Code   326  stm32h7xx_hal_uart.o(.text.UART_CheckIdleState)
    UART_SetConfig                           0x0800aaa1   Thumb Code  2338  stm32h7xx_hal_uart.o(.text.UART_SetConfig)
    UART_Start_Receive_IT                    0x0800b3c9   Thumb Code   546  stm32h7xx_hal_uart.o(.text.UART_Start_Receive_IT)
    UART_WaitOnFlagUntilTimeout              0x0800b5f1   Thumb Code   252  stm32h7xx_hal_uart.o(.text.UART_WaitOnFlagUntilTimeout)
    USART1_IRQHandler                        0x0800b6f1   Thumb Code    16  stm32h7xx_it.o(.text.USART1_IRQHandler)
    USART2_IRQHandler                        0x0800b701   Thumb Code    16  stm32h7xx_it.o(.text.USART2_IRQHandler)
    USART3_IRQHandler                        0x0800b711   Thumb Code    16  stm32h7xx_it.o(.text.USART3_IRQHandler)
    USART6_IRQHandler                        0x0800b721   Thumb Code    16  stm32h7xx_it.o(.text.USART6_IRQHandler)
    UpdateAllSpeed                           0x0800b731   Thumb Code    52  hall_encoder.o(.text.UpdateAllSpeed)
    UpdateData                               0x0800b769   Thumb Code   280  initialize.o(.text.UpdateData)
    UpdateData_Car                           0x0800b891   Thumb Code    44  initialize.o(.text.UpdateData_Car)
    UpdateSpeed                              0x0800b8c1   Thumb Code   230  hall_encoder.o(.text.UpdateSpeed)
    UsageFault_Handler                       0x0800b9a9   Thumb Code     4  stm32h7xx_it.o(.text.UsageFault_Handler)
    WriteCmd                                 0x0800b9b1   Thumb Code    88  oled.o(.text.WriteCmd)
    cSpeed                                   0x0800bad1   Thumb Code    76  hall_encoder.o(.text.cSpeed)
    error_handler                            0x0800bb21   Thumb Code    36  initialize.o(.text.error_handler)
    getSpeed                                 0x0800bb49   Thumb Code    88  hall_encoder.o(.text.getSpeed)
    getWz                                    0x0800bbb1   Thumb Code    18  initialize.o(.text.getWz)
    getYaw                                   0x0800bbc9   Thumb Code    18  initialize.o(.text.getYaw)
    main                                     0x0800bbe1   Thumb Code   410  main.o(.text.main)
    sumTheta                                 0x0800bd81   Thumb Code   252  kinematics.o(.text.sumTheta)
    __0snprintf                              0x0800be8d   Thumb Code    48  printfa.o(i.__0snprintf)
    __1snprintf                              0x0800be8d   Thumb Code     0  printfa.o(i.__0snprintf)
    __2snprintf                              0x0800be8d   Thumb Code     0  printfa.o(i.__0snprintf)
    __c89snprintf                            0x0800be8d   Thumb Code     0  printfa.o(i.__0snprintf)
    snprintf                                 0x0800be8d   Thumb Code     0  printfa.o(i.__0snprintf)
    __0sprintf                               0x0800bec1   Thumb Code    34  printfa.o(i.__0sprintf)
    __1sprintf                               0x0800bec1   Thumb Code     0  printfa.o(i.__0sprintf)
    __2sprintf                               0x0800bec1   Thumb Code     0  printfa.o(i.__0sprintf)
    __c89sprintf                             0x0800bec1   Thumb Code     0  printfa.o(i.__0sprintf)
    sprintf                                  0x0800bec1   Thumb Code     0  printfa.o(i.__0sprintf)
    __ARM_fpclassify                         0x0800bee9   Thumb Code    48  fpclassify.o(i.__ARM_fpclassify)
    __hardfp_cos                             0x0800bf19   Thumb Code   158  cos.o(i.__hardfp_cos)
    __hardfp_sin                             0x0800bfc9   Thumb Code   158  sin.o(i.__hardfp_sin)
    __ieee754_rem_pio2                       0x0800c079   Thumb Code   646  rred.o(i.__ieee754_rem_pio2)
    __kernel_cos                             0x0800c381   Thumb Code   182  cos_i.o(i.__kernel_cos)
    __kernel_poly                            0x0800c445   Thumb Code   112  poly.o(i.__kernel_poly)
    __kernel_sin                             0x0800c4b9   Thumb Code   144  sin_i.o(i.__kernel_sin)
    __mathlib_dbl_invalid                    0x0800c559   Thumb Code    10  dunder.o(i.__mathlib_dbl_invalid)
    __mathlib_dbl_underflow                  0x0800c571   Thumb Code    10  dunder.o(i.__mathlib_dbl_underflow)
    __scatterload_copy                       0x0800c589   Thumb Code    14  handlers.o(i.__scatterload_copy)
    __scatterload_null                       0x0800c597   Thumb Code     2  handlers.o(i.__scatterload_null)
    __scatterload_zeroinit                   0x0800c599   Thumb Code    14  handlers.o(i.__scatterload_zeroinit)
    __set_errno                              0x0800c5a9   Thumb Code     6  errno.o(i.__set_errno)
    fabs                                     0x0800ce87   Thumb Code    24  fabs.o(i.fabs)
    D1CorePrescTable                         0x0800cfc8   Data          16  system_stm32h7xx.o(.rodata.D1CorePrescTable)
    F6x8                                     0x0800cfd8   Data         552  oled.o(.rodata.F6x8)
    F8x16                                    0x0800d200   Data        1520  oled.o(.rodata.F8x16)
    UARTPrescTable                           0x0800d800   Data          24  stm32h7xx_hal_uart.o(.rodata.UARTPrescTable)
    Region$$Table$$Base                      0x0800d870   Number         0  anon$$obj.o(Region$$Table)
    Region$$Table$$Limit                     0x0800d890   Number         0  anon$$obj.o(Region$$Table)
    CMD_Data                                 0x24000004   Data          27  oled.o(.data.CMD_Data)
    SystemCoreClock                          0x24000020   Data           4  system_stm32h7xx.o(.data.SystemCoreClock)
    SystemD2Clock                            0x24000024   Data           4  system_stm32h7xx.o(.data.SystemD2Clock)
    uwTickFreq                               0x24000029   Data           1  stm32h7xx_hal.o(.data.uwTickFreq)
    uwTickPrio                               0x2400002c   Data           4  stm32h7xx_hal.o(.data.uwTickPrio)
    Digital                                  0x24000030   Data          32  initialize.o(.bss.Digital)
    GyroscopeChannelData                     0x24000050   Data          80  main.o(.bss.GyroscopeChannelData)
    GyroscopeUsart3RxBuffer                  0x240000a0   Data          33  main.o(.bss.GyroscopeUsart3RxBuffer)
    LRFlag                                   0x240000c4   Data           4  hall_encoder.o(.bss.LRFlag)
    Le                                       0x240000c8   Data          56  initialize.o(.bss.Le)
    Ri                                       0x24000100   Data          56  initialize.o(.bss.Ri)
    car                                      0x24000140   Data          32  initialize.o(.bss.car)
    current_data                             0x24000160   Data          16  initialize.o(.bss.current_data)
    encoders                                 0x24000170   Data         320  hall_encoder.o(.bss.encoders)
    error_message                            0x240002b0   Data         100  initialize.o(.bss.error_message)
    hi2c1                                    0x24000314   Data          84  i2c.o(.bss.hi2c1)
    hi2c2                                    0x24000368   Data          84  i2c.o(.bss.hi2c2)
    htim1                                    0x240003bc   Data          76  tim.o(.bss.htim1)
    htim3                                    0x24000408   Data          76  tim.o(.bss.htim3)
    htim5                                    0x24000454   Data          76  tim.o(.bss.htim5)
    htim6                                    0x240004a0   Data          76  tim.o(.bss.htim6)
    htim7                                    0x240004ec   Data          76  tim.o(.bss.htim7)
    huart1                                   0x24000538   Data         148  usart.o(.bss.huart1)
    huart2                                   0x240005cc   Data         148  usart.o(.bss.huart2)
    huart3                                   0x24000660   Data         148  usart.o(.bss.huart3)
    huart6                                   0x240006f4   Data         148  usart.o(.bss.huart6)
    message                                  0x24000788   Data         256  main.o(.bss.message)
    numEncoders                              0x24000888   Data           4  hall_encoder.o(.bss.numEncoders)
    uwTick                                   0x2400088c   Data           4  stm32h7xx_hal.o(.bss.uwTick)
    __initial_sp                             0x24007c90   Data           0  startup_stm32h743xx.o(STACK)



==============================================================================

Memory Map of the image

  Image Entry point : 0x08000299

  Load Region LR_IROM1 (Base: 0x08000000, Size: 0x0000d8c0, Max: 0x00200000, ABSOLUTE)

    Execution Region ER_IROM1 (Exec base: 0x08000000, Load base: 0x08000000, Size: 0x0000d890, Max: 0x00200000, ABSOLUTE)

    Exec Addr    Load Addr    Size         Type   Attr      Idx    E Section Name        Object

    0x08000000   0x08000000   0x00000298   Data   RO          161    RESET               startup_stm32h743xx.o
    0x08000298   0x08000298   0x00000000   Code   RO         2066  * .ARM.Collect$$$$00000000  mc_w.l(entry.o)
    0x08000298   0x08000298   0x00000004   Code   RO         2189    .ARM.Collect$$$$00000001  mc_w.l(entry2.o)
    0x0800029c   0x0800029c   0x00000004   Code   RO         2192    .ARM.Collect$$$$00000004  mc_w.l(entry5.o)
    0x080002a0   0x080002a0   0x00000000   Code   RO         2194    .ARM.Collect$$$$00000008  mc_w.l(entry7b.o)
    0x080002a0   0x080002a0   0x00000000   Code   RO         2196    .ARM.Collect$$$$0000000A  mc_w.l(entry8b.o)
    0x080002a0   0x080002a0   0x00000008   Code   RO         2197    .ARM.Collect$$$$0000000B  mc_w.l(entry9a.o)
    0x080002a8   0x080002a8   0x00000000   Code   RO         2199    .ARM.Collect$$$$0000000D  mc_w.l(entry10a.o)
    0x080002a8   0x080002a8   0x00000000   Code   RO         2201    .ARM.Collect$$$$0000000F  mc_w.l(entry11a.o)
    0x080002a8   0x080002a8   0x00000004   Code   RO         2190    .ARM.Collect$$$$00002712  mc_w.l(entry2.o)
    0x080002ac   0x080002ac   0x00000024   Code   RO          162    .text               startup_stm32h743xx.o
    0x080002d0   0x080002d0   0x00000062   Code   RO         2069    .text               mc_w.l(uldiv.o)
    0x08000332   0x08000332   0x00000024   Code   RO         2073    .text               mc_w.l(memseta.o)
    0x08000356   0x08000356   0x0000002c   Code   RO         2217    .text               mc_w.l(uidiv.o)
    0x08000382   0x08000382   0x0000001e   Code   RO         2219    .text               mc_w.l(llshl.o)
    0x080003a0   0x080003a0   0x00000020   Code   RO         2221    .text               mc_w.l(llushr.o)
    0x080003c0   0x080003c0   0x00000000   Code   RO         2232    .text               mc_w.l(iusefp.o)
    0x080003c0   0x080003c0   0x0000014e   Code   RO         2233    .text               mf_w.l(dadd.o)
    0x0800050e   0x0800050e   0x000000e4   Code   RO         2235    .text               mf_w.l(dmul.o)
    0x080005f2   0x080005f2   0x000000de   Code   RO         2237    .text               mf_w.l(ddiv.o)
    0x080006d0   0x080006d0   0x00000030   Code   RO         2239    .text               mf_w.l(dfixul.o)
    0x08000700   0x08000700   0x00000030   Code   RO         2241    .text               mf_w.l(cdrcmple.o)
    0x08000730   0x08000730   0x00000030   Code   RO         2243    .text               mc_w.l(init.o)
    0x08000760   0x08000760   0x00000024   Code   RO         2246    .text               mc_w.l(llsshr.o)
    0x08000784   0x08000784   0x000000ba   Code   RO         2249    .text               mf_w.l(depilogue.o)
    0x0800083e   0x0800083e   0x00000002   PAD
    0x08000840   0x08000840   0x0000001c   Code   RO         1885    .text.Break         initialize.o
    0x0800085c   0x0800085c   0x00000004   PAD
    0x08000860   0x08000860   0x00000004   Code   RO          119    .text.BusFault_Handler  stm32h7xx_it.o
    0x08000864   0x08000864   0x00000004   PAD
    0x08000868   0x08000868   0x0000005a   Code   RO         1891    .text.CalibrateYawOffset  initialize.o
    0x080008c2   0x080008c2   0x00000006   PAD
    0x080008c8   0x080008c8   0x00000040   Code   RO         1783    .text.CarState_Init  kinematics.o
    0x08000908   0x08000908   0x000000d8   Code   RO         1785    .text.CarState_Update  kinematics.o
    0x080009e0   0x080009e0   0x00000002   Code   RO          125    .text.DebugMon_Handler  stm32h7xx_it.o
    0x080009e2   0x080009e2   0x00000006   PAD
    0x080009e8   0x080009e8   0x000000d2   Code   RO         1609    .text.EncoderInit   hall_encoder.o
    0x08000aba   0x08000aba   0x00000006   PAD
    0x08000ac0   0x08000ac0   0x00000022   Code   RO         1613    .text.EncoderParamInit  hall_encoder.o
    0x08000ae2   0x08000ae2   0x00000006   PAD
    0x08000ae8   0x08000ae8   0x00000014   Code   RO            8    .text.Error_Handler  main.o
    0x08000afc   0x08000afc   0x00000004   PAD
    0x08000b00   0x08000b00   0x000001c0   Code   RO         1999    .text.GYROSCOPE_DATA_Decoder  wit_c_sdk.o
    0x08000cc0   0x08000cc0   0x00000978   Code   RO          509    .text.HAL_DMA_Abort  stm32h7xx_hal_dma.o
    0x08001638   0x08001638   0x000006aa   Code   RO          511    .text.HAL_DMA_Abort_IT  stm32h7xx_hal_dma.o
    0x08001ce2   0x08001ce2   0x00000006   PAD
    0x08001ce8   0x08001ce8   0x00000042   Code   RO          755    .text.HAL_Delay     stm32h7xx_hal.o
    0x08001d2a   0x08001d2a   0x00000006   PAD
    0x08001d30   0x08001d30   0x000003c4   Code   RO          439    .text.HAL_GPIO_Init  stm32h7xx_hal_gpio.o
    0x080020f4   0x080020f4   0x00000004   PAD
    0x080020f8   0x080020f8   0x0000002e   Code   RO          445    .text.HAL_GPIO_WritePin  stm32h7xx_hal_gpio.o
    0x08002126   0x08002126   0x00000002   PAD
    0x08002128   0x08002128   0x0000000e   Code   RO          763    .text.HAL_GetREVID  stm32h7xx_hal.o
    0x08002136   0x08002136   0x00000002   PAD
    0x08002138   0x08002138   0x0000000c   Code   RO          747    .text.HAL_GetTick   stm32h7xx_hal.o
    0x08002144   0x08002144   0x00000004   PAD
    0x08002148   0x08002148   0x00000098   Code   RO         1010    .text.HAL_I2CEx_ConfigAnalogFilter  stm32h7xx_hal_i2c_ex.o
    0x080021e0   0x080021e0   0x000000a2   Code   RO         1012    .text.HAL_I2CEx_ConfigDigitalFilter  stm32h7xx_hal_i2c_ex.o
    0x08002282   0x08002282   0x00000006   PAD
    0x08002288   0x08002288   0x00000104   Code   RO          841    .text.HAL_I2C_Init  stm32h7xx_hal_i2c.o
    0x0800238c   0x0800238c   0x00000004   PAD
    0x08002390   0x08002390   0x0000028a   Code   RO          909    .text.HAL_I2C_Mem_Read  stm32h7xx_hal_i2c.o
    0x0800261a   0x0800261a   0x00000006   PAD
    0x08002620   0x08002620   0x00000274   Code   RO          905    .text.HAL_I2C_Mem_Write  stm32h7xx_hal_i2c.o
    0x08002894   0x08002894   0x00000004   PAD
    0x08002898   0x08002898   0x00000136   Code   RO           45    .text.HAL_I2C_MspInit  i2c.o
    0x080029ce   0x080029ce   0x00000002   PAD
    0x080029d0   0x080029d0   0x0000001a   Code   RO          745    .text.HAL_IncTick   stm32h7xx_hal.o
    0x080029ea   0x080029ea   0x00000006   PAD
    0x080029f0   0x080029f0   0x0000007a   Code   RO          735    .text.HAL_Init      stm32h7xx_hal.o
    0x08002a6a   0x08002a6a   0x00000006   PAD
    0x08002a70   0x08002a70   0x00000086   Code   RO          737    .text.HAL_InitTick  stm32h7xx_hal.o
    0x08002af6   0x08002af6   0x00000002   PAD
    0x08002af8   0x08002af8   0x0000009e   Code   RO          201    .text.HAL_MPU_ConfigRegion  stm32h7xx_hal_cortex.o
    0x08002b96   0x08002b96   0x00000002   PAD
    0x08002b98   0x08002b98   0x00000022   Code   RO          197    .text.HAL_MPU_Disable  stm32h7xx_hal_cortex.o
    0x08002bba   0x08002bba   0x00000006   PAD
    0x08002bc0   0x08002bc0   0x00000030   Code   RO          199    .text.HAL_MPU_Enable  stm32h7xx_hal_cortex.o
    0x08002bf0   0x08002bf0   0x00000024   Code   RO          152    .text.HAL_MspInit   stm32h7xx_hal_msp.o
    0x08002c14   0x08002c14   0x00000004   PAD
    0x08002c18   0x08002c18   0x00000014   Code   RO          181    .text.HAL_NVIC_EnableIRQ  stm32h7xx_hal_cortex.o
    0x08002c2c   0x08002c2c   0x00000004   PAD
    0x08002c30   0x08002c30   0x0000002e   Code   RO          173    .text.HAL_NVIC_SetPriority  stm32h7xx_hal_cortex.o
    0x08002c5e   0x08002c5e   0x00000002   PAD
    0x08002c60   0x08002c60   0x00000010   Code   RO          169    .text.HAL_NVIC_SetPriorityGrouping  stm32h7xx_hal_cortex.o
    0x08002c70   0x08002c70   0x000000a2   Code   RO          648    .text.HAL_PWREx_ConfigSupply  stm32h7xx_hal_pwr_ex.o
    0x08002d12   0x08002d12   0x00000006   PAD
    0x08002d18   0x08002d18   0x00000026   Code   RO          293    .text.HAL_RCCEx_GetD3PCLK1Freq  stm32h7xx_hal_rcc_ex.o
    0x08002d3e   0x08002d3e   0x00000002   PAD
    0x08002d40   0x08002d40   0x000002ac   Code   RO          289    .text.HAL_RCCEx_GetPLL2ClockFreq  stm32h7xx_hal_rcc_ex.o
    0x08002fec   0x08002fec   0x00000004   PAD
    0x08002ff0   0x08002ff0   0x000002ac   Code   RO          291    .text.HAL_RCCEx_GetPLL3ClockFreq  stm32h7xx_hal_rcc_ex.o
    0x0800329c   0x0800329c   0x00000004   PAD
    0x080032a0   0x080032a0   0x000010a0   Code   RO          277    .text.HAL_RCCEx_PeriphCLKConfig  stm32h7xx_hal_rcc_ex.o
    0x08004340   0x08004340   0x00000498   Code   RO          246    .text.HAL_RCC_ClockConfig  stm32h7xx_hal_rcc.o
    0x080047d8   0x080047d8   0x00000056   Code   RO          256    .text.HAL_RCC_GetHCLKFreq  stm32h7xx_hal_rcc.o
    0x0800482e   0x0800482e   0x00000002   PAD
    0x08004830   0x08004830   0x00000026   Code   RO          258    .text.HAL_RCC_GetPCLK1Freq  stm32h7xx_hal_rcc.o
    0x08004856   0x08004856   0x00000002   PAD
    0x08004858   0x08004858   0x00000026   Code   RO          260    .text.HAL_RCC_GetPCLK2Freq  stm32h7xx_hal_rcc.o
    0x0800487e   0x0800487e   0x00000002   PAD
    0x08004880   0x08004880   0x00000310   Code   RO          248    .text.HAL_RCC_GetSysClockFreq  stm32h7xx_hal_rcc.o
    0x08004b90   0x08004b90   0x00000b58   Code   RO          244    .text.HAL_RCC_OscConfig  stm32h7xx_hal_rcc.o
    0x080056e8   0x080056e8   0x00000010   Code   RO          193    .text.HAL_SYSTICK_Config  stm32h7xx_hal_cortex.o
    0x080056f8   0x080056f8   0x00000008   Code   RO         1389    .text.HAL_TIMEx_Break2Callback  stm32h7xx_hal_tim_ex.o
    0x08005700   0x08005700   0x00000008   Code   RO         1387    .text.HAL_TIMEx_BreakCallback  stm32h7xx_hal_tim_ex.o
    0x08005708   0x08005708   0x00000008   Code   RO         1383    .text.HAL_TIMEx_CommutCallback  stm32h7xx_hal_tim_ex.o
    0x08005710   0x08005710   0x00000158   Code   RO         1371    .text.HAL_TIMEx_MasterConfigSynchronization  stm32h7xx_hal_tim_ex.o
    0x08005868   0x08005868   0x000000a8   Code   RO         1054    .text.HAL_TIM_Base_Init  stm32h7xx_hal_tim.o
    0x08005910   0x08005910   0x000000b6   Code   RO           72    .text.HAL_TIM_Base_MspInit  tim.o
    0x080059c6   0x080059c6   0x00000002   PAD
    0x080059c8   0x080059c8   0x00000104   Code   RO         1068    .text.HAL_TIM_Base_Start_IT  stm32h7xx_hal_tim.o
    0x08005acc   0x08005acc   0x00000004   PAD
    0x08005ad0   0x08005ad0   0x000001d0   Code   RO         1250    .text.HAL_TIM_ConfigClockSource  stm32h7xx_hal_tim.o
    0x08005ca0   0x08005ca0   0x00000134   Code   RO         1168    .text.HAL_TIM_Encoder_Init  stm32h7xx_hal_tim.o
    0x08005dd4   0x08005dd4   0x00000004   PAD
    0x08005dd8   0x08005dd8   0x0000011c   Code   RO           70    .text.HAL_TIM_Encoder_MspInit  tim.o
    0x08005ef4   0x08005ef4   0x00000004   PAD
    0x08005ef8   0x08005ef8   0x00000008   Code   RO         1190    .text.HAL_TIM_IC_CaptureCallback  stm32h7xx_hal_tim.o
    0x08005f00   0x08005f00   0x000002b4   Code   RO         1188    .text.HAL_TIM_IRQHandler  stm32h7xx_hal_tim.o
    0x080061b4   0x080061b4   0x00000004   PAD
    0x080061b8   0x080061b8   0x00000064   Code   RO           64    .text.HAL_TIM_MspPostInit  tim.o
    0x0800621c   0x0800621c   0x00000004   PAD
    0x08006220   0x08006220   0x00000008   Code   RO         1192    .text.HAL_TIM_OC_DelayElapsedCallback  stm32h7xx_hal_tim.o
    0x08006228   0x08006228   0x000001b0   Code   RO         1224    .text.HAL_TIM_PWM_ConfigChannel  stm32h7xx_hal_tim.o
    0x080063d8   0x080063d8   0x000000a8   Code   RO         1108    .text.HAL_TIM_PWM_Init  stm32h7xx_hal_tim.o
    0x08006480   0x08006480   0x00000008   Code   RO         1110    .text.HAL_TIM_PWM_MspInit  stm32h7xx_hal_tim.o
    0x08006488   0x08006488   0x00000008   Code   RO         1194    .text.HAL_TIM_PWM_PulseFinishedCallback  stm32h7xx_hal_tim.o
    0x08006490   0x08006490   0x0000027e   Code   RO         1116    .text.HAL_TIM_PWM_Start  stm32h7xx_hal_tim.o
    0x0800670e   0x0800670e   0x00000002   PAD
    0x08006710   0x08006710   0x00000010   Code   RO           12    .text.HAL_TIM_PeriodElapsedCallback  main.o
    0x08006720   0x08006720   0x00000008   Code   RO         1198    .text.HAL_TIM_TriggerCallback  stm32h7xx_hal_tim.o
    0x08006728   0x08006728   0x0000007c   Code   RO         1572    .text.HAL_UARTEx_DisableFifoMode  stm32h7xx_hal_uart_ex.o
    0x080067a4   0x080067a4   0x00000004   PAD
    0x080067a8   0x080067a8   0x0000000c   Code   RO         1496    .text.HAL_UARTEx_RxEventCallback  stm32h7xx_hal_uart.o
    0x080067b4   0x080067b4   0x00000004   PAD
    0x080067b8   0x080067b8   0x00000008   Code   RO         1554    .text.HAL_UARTEx_RxFifoFullCallback  stm32h7xx_hal_uart_ex.o
    0x080067c0   0x080067c0   0x0000008c   Code   RO         1576    .text.HAL_UARTEx_SetRxFifoThreshold  stm32h7xx_hal_uart_ex.o
    0x0800684c   0x0800684c   0x00000004   PAD
    0x08006850   0x08006850   0x0000008c   Code   RO         1574    .text.HAL_UARTEx_SetTxFifoThreshold  stm32h7xx_hal_uart_ex.o
    0x080068dc   0x080068dc   0x00000004   PAD
    0x080068e0   0x080068e0   0x00000008   Code   RO         1556    .text.HAL_UARTEx_TxFifoEmptyCallback  stm32h7xx_hal_uart_ex.o
    0x080068e8   0x080068e8   0x00000008   Code   RO         1552    .text.HAL_UARTEx_WakeupCallback  stm32h7xx_hal_uart_ex.o
    0x080068f0   0x080068f0   0x00000032   Code   RO           16    .text.HAL_UART_ErrorCallback  main.o
    0x08006922   0x08006922   0x00000006   PAD
    0x08006928   0x08006928   0x000006c8   Code   RO         1490    .text.HAL_UART_IRQHandler  stm32h7xx_hal_uart.o
    0x08006ff0   0x08006ff0   0x000000aa   Code   RO         1402    .text.HAL_UART_Init  stm32h7xx_hal_uart.o
    0x0800709a   0x0800709a   0x00000006   PAD
    0x080070a0   0x080070a0   0x0000029c   Code   RO           98    .text.HAL_UART_MspInit  usart.o
    0x0800733c   0x0800733c   0x00000004   PAD
    0x08007340   0x08007340   0x000000a0   Code   RO         1438    .text.HAL_UART_Receive_IT  stm32h7xx_hal_uart.o
    0x080073e0   0x080073e0   0x00000022   Code   RO           14    .text.HAL_UART_RxCpltCallback  main.o
    0x08007402   0x08007402   0x00000006   PAD
    0x08007408   0x08007408   0x00000008   Code   RO         1500    .text.HAL_UART_TxCpltCallback  stm32h7xx_hal_uart.o
    0x08007410   0x08007410   0x00000004   Code   RO          115    .text.HardFault_Handler  stm32h7xx_it.o
    0x08007414   0x08007414   0x00000004   PAD
    0x08007418   0x08007418   0x00000040   Code   RO          865    .text.I2C_Flush_TXDR  stm32h7xx_hal_i2c.o
    0x08007458   0x08007458   0x000001fe   Code   RO         1001    .text.I2C_IsErrorOccurred  stm32h7xx_hal_i2c.o
    0x08007656   0x08007656   0x00000002   PAD
    0x08007658   0x08007658   0x000000be   Code   RO          911    .text.I2C_RequestMemoryRead  stm32h7xx_hal_i2c.o
    0x08007716   0x08007716   0x00000002   PAD
    0x08007718   0x08007718   0x000000c0   Code   RO          907    .text.I2C_RequestMemoryWrite  stm32h7xx_hal_i2c.o
    0x080077d8   0x080077d8   0x00000054   Code   RO          853    .text.I2C_TransferConfig  stm32h7xx_hal_i2c.o
    0x0800782c   0x0800782c   0x00000004   PAD
    0x08007830   0x08007830   0x000000ae   Code   RO          851    .text.I2C_WaitOnFlagUntilTimeout  stm32h7xx_hal_i2c.o
    0x080078de   0x080078de   0x00000002   PAD
    0x080078e0   0x080078e0   0x000000a2   Code   RO          857    .text.I2C_WaitOnSTOPFlagUntilTimeout  stm32h7xx_hal_i2c.o
    0x08007982   0x08007982   0x00000006   PAD
    0x08007988   0x08007988   0x000000ac   Code   RO          855    .text.I2C_WaitOnTXISFlagUntilTimeout  stm32h7xx_hal_i2c.o
    0x08007a34   0x08007a34   0x00000004   PAD
    0x08007a38   0x08007a38   0x00000042   Code   RO         1700    .text.IIC_Get_Digital  ganwei_i2c.o
    0x08007a7a   0x08007a7a   0x00000006   PAD
    0x08007a80   0x08007a80   0x00000048   Code   RO         1692    .text.IIC_ReadBytes  ganwei_i2c.o
    0x08007ac8   0x08007ac8   0x0000016a   Code   RO         1997    .text.IT_JY61P      wit_c_sdk.o
    0x08007c32   0x08007c32   0x00000006   PAD
    0x08007c38   0x08007c38   0x0000002e   Code   RO         2001    .text.JY61P_Init    wit_c_sdk.o
    0x08007c66   0x08007c66   0x00000002   PAD
    0x08007c68   0x08007c68   0x00000024   Code   RO         1877    .text.LMotorSet     initialize.o
    0x08007c8c   0x08007c8c   0x00000004   PAD
    0x08007c90   0x08007c90   0x00000068   Code   RO         1615    .text.LRInit        hall_encoder.o
    0x08007cf8   0x08007cf8   0x000000ba   Code   RO         1875    .text.MECInit       initialize.o
    0x08007db2   0x08007db2   0x00000006   PAD
    0x08007db8   0x08007db8   0x000000ca   Code   RO            4    .text.MPU_Config    main.o
    0x08007e82   0x08007e82   0x00000006   PAD
    0x08007e88   0x08007e88   0x00000198   Code   RO           33    .text.MX_GPIO_Init  gpio.o
    0x08008020   0x08008020   0x00000076   Code   RO           41    .text.MX_I2C1_Init  i2c.o
    0x08008096   0x08008096   0x00000002   PAD
    0x08008098   0x08008098   0x00000076   Code   RO           43    .text.MX_I2C2_Init  i2c.o
    0x0800810e   0x0800810e   0x00000002   PAD
    0x08008110   0x08008110   0x00000082   Code   RO           58    .text.MX_TIM1_Init  tim.o
    0x08008192   0x08008192   0x00000006   PAD
    0x08008198   0x08008198   0x0000007e   Code   RO           60    .text.MX_TIM3_Init  tim.o
    0x08008216   0x08008216   0x00000002   PAD
    0x08008218   0x08008218   0x000000f4   Code   RO           62    .text.MX_TIM5_Init  tim.o
    0x0800830c   0x0800830c   0x00000004   PAD
    0x08008310   0x08008310   0x0000005c   Code   RO           66    .text.MX_TIM6_Init  tim.o
    0x0800836c   0x0800836c   0x00000004   PAD
    0x08008370   0x08008370   0x0000005c   Code   RO           68    .text.MX_TIM7_Init  tim.o
    0x080083cc   0x080083cc   0x00000004   PAD
    0x080083d0   0x080083d0   0x0000008e   Code   RO           90    .text.MX_USART1_UART_Init  usart.o
    0x0800845e   0x0800845e   0x00000002   PAD
    0x08008460   0x08008460   0x0000008e   Code   RO           92    .text.MX_USART2_UART_Init  usart.o
    0x080084ee   0x080084ee   0x00000002   PAD
    0x080084f0   0x080084f0   0x0000008e   Code   RO           94    .text.MX_USART3_UART_Init  usart.o
    0x0800857e   0x0800857e   0x00000002   PAD
    0x08008580   0x08008580   0x0000008e   Code   RO           96    .text.MX_USART6_UART_Init  usart.o
    0x0800860e   0x0800860e   0x00000002   PAD
    0x08008610   0x08008610   0x00000004   Code   RO          117    .text.MemManage_Handler  stm32h7xx_it.o
    0x08008614   0x08008614   0x00000004   PAD
    0x08008618   0x08008618   0x00000130   Code   RO         1675    .text.Motor_UI_Init  tb6612fng.o
    0x08008748   0x08008748   0x0000014c   Code   RO         1677    .text.Motor_UI_Set  tb6612fng.o
    0x08008894   0x08008894   0x00000004   PAD
    0x08008898   0x08008898   0x00000004   Code   RO          113    .text.NMI_Handler   stm32h7xx_it.o
    0x0800889c   0x0800889c   0x00000004   PAD
    0x080088a0   0x080088a0   0x0000006c   Code   RO          179    .text.NVIC_EncodePriority  stm32h7xx_hal_cortex.o
    0x0800890c   0x0800890c   0x00000004   PAD
    0x08008910   0x08008910   0x00000068   Code   RO         1750    .text.OLED_Clear    oled.o
    0x08008978   0x08008978   0x0000000e   Code   RO         1748    .text.OLED_Init     oled.o
    0x08008986   0x08008986   0x00000002   PAD
    0x08008988   0x08008988   0x00000034   Code   RO         1758    .text.OLED_Set_Pos  oled.o
    0x080089bc   0x080089bc   0x00000004   PAD
    0x080089c0   0x080089c0   0x00000132   Code   RO         1764    .text.OLED_ShowChar  oled.o
    0x08008af2   0x08008af2   0x00000006   PAD
    0x08008af8   0x08008af8   0x00000074   Code   RO         1768    .text.OLED_ShowString  oled.o
    0x08008b6c   0x08008b6c   0x00000004   PAD
    0x08008b70   0x08008b70   0x0000002e   Code   RO         1744    .text.OLED_WR_CMD   oled.o
    0x08008b9e   0x08008b9e   0x00000002   PAD
    0x08008ba0   0x08008ba0   0x0000002e   Code   RO         1746    .text.OLED_WR_DATA  oled.o
    0x08008bce   0x08008bce   0x00000002   PAD
    0x08008bd0   0x08008bd0   0x00000002   Code   RO          127    .text.PendSV_Handler  stm32h7xx_it.o
    0x08008bd2   0x08008bd2   0x00000006   PAD
    0x08008bd8   0x08008bd8   0x000001ca   Code   RO          279    .text.RCCEx_PLL2_Config  stm32h7xx_hal_rcc_ex.o
    0x08008da2   0x08008da2   0x00000006   PAD
    0x08008da8   0x08008da8   0x000001ca   Code   RO          281    .text.RCCEx_PLL3_Config  stm32h7xx_hal_rcc_ex.o
    0x08008f72   0x08008f72   0x00000006   PAD
    0x08008f78   0x08008f78   0x00000016   Code   RO         1719    .text.RED_up        led.o
    0x08008f8e   0x08008f8e   0x00000002   PAD
    0x08008f90   0x08008f90   0x00000024   Code   RO         1879    .text.RMotorSet     initialize.o
    0x08008fb4   0x08008fb4   0x00000004   PAD
    0x08008fb8   0x08008fb8   0x00000050   Code   RO         1611    .text.ReloadTime    hall_encoder.o
    0x08009008   0x08009008   0x00000002   Code   RO          123    .text.SVC_Handler   stm32h7xx_it.o
    0x0800900a   0x0800900a   0x00000006   PAD
    0x08009010   0x08009010   0x00000068   Code   RO         1619    .text.StoDis        hall_encoder.o
    0x08009078   0x08009078   0x00000052   Code   RO          195    .text.SysTick_Config  stm32h7xx_hal_cortex.o
    0x080090ca   0x080090ca   0x00000006   PAD
    0x080090d0   0x080090d0   0x00000008   Code   RO          129    .text.SysTick_Handler  stm32h7xx_it.o
    0x080090d8   0x080090d8   0x00000158   Code   RO            6    .text.SystemClock_Config  main.o
    0x08009230   0x08009230   0x00000160   Code   RO         1595    .text.SystemInit    system_stm32h7xx.o
    0x08009390   0x08009390   0x00000010   Code   RO          131    .text.TIM1_UP_IRQHandler  stm32h7xx_it.o
    0x080093a0   0x080093a0   0x00000010   Code   RO          133    .text.TIM3_IRQHandler  stm32h7xx_it.o
    0x080093b0   0x080093b0   0x00000010   Code   RO          141    .text.TIM7_IRQHandler  stm32h7xx_it.o
    0x080093c0   0x080093c0   0x0000019a   Code   RO         1058    .text.TIM_Base_SetConfig  stm32h7xx_hal_tim.o
    0x0800955a   0x0800955a   0x00000006   PAD
    0x08009560   0x08009560   0x00000036   Code   RO         1092    .text.TIM_CCxChannelCmd  stm32h7xx_hal_tim.o
    0x08009596   0x08009596   0x00000002   PAD
    0x08009598   0x08009598   0x00000034   Code   RO         1248    .text.TIM_ETR_SetConfig  stm32h7xx_hal_tim.o
    0x080095cc   0x080095cc   0x00000004   PAD
    0x080095d0   0x080095d0   0x00000030   Code   RO         1254    .text.TIM_ITRx_SetConfig  stm32h7xx_hal_tim.o
    0x08009600   0x08009600   0x00000150   Code   RO         1202    .text.TIM_OC1_SetConfig  stm32h7xx_hal_tim.o
    0x08009750   0x08009750   0x0000016c   Code   RO         1204    .text.TIM_OC2_SetConfig  stm32h7xx_hal_tim.o
    0x080098bc   0x080098bc   0x00000004   PAD
    0x080098c0   0x080098c0   0x0000016a   Code   RO         1206    .text.TIM_OC3_SetConfig  stm32h7xx_hal_tim.o
    0x08009a2a   0x08009a2a   0x00000006   PAD
    0x08009a30   0x08009a30   0x000000da   Code   RO         1208    .text.TIM_OC4_SetConfig  stm32h7xx_hal_tim.o
    0x08009b0a   0x08009b0a   0x00000006   PAD
    0x08009b10   0x08009b10   0x000000d0   Code   RO         1210    .text.TIM_OC5_SetConfig  stm32h7xx_hal_tim.o
    0x08009be0   0x08009be0   0x000000d2   Code   RO         1212    .text.TIM_OC6_SetConfig  stm32h7xx_hal_tim.o
    0x08009cb2   0x08009cb2   0x00000006   PAD
    0x08009cb8   0x08009cb8   0x00000050   Code   RO         1252    .text.TIM_TI1_ConfigInputStage  stm32h7xx_hal_tim.o
    0x08009d08   0x08009d08   0x00000052   Code   RO         1256    .text.TIM_TI2_ConfigInputStage  stm32h7xx_hal_tim.o
    0x08009d5a   0x08009d5a   0x00000006   PAD
    0x08009d60   0x08009d60   0x00000086   Code   RO         1570    .text.UARTEx_SetNbDataToProcess  stm32h7xx_hal_uart_ex.o
    0x08009de6   0x08009de6   0x00000002   PAD
    0x08009de8   0x08009de8   0x00000148   Code   RO         1408    .text.UART_AdvFeatureConfig  stm32h7xx_hal_uart.o
    0x08009f30   0x08009f30   0x00000146   Code   RO         1410    .text.UART_CheckIdleState  stm32h7xx_hal_uart.o
    0x0800a076   0x0800a076   0x00000002   PAD
    0x0800a078   0x0800a078   0x00000024   Code   RO         1492    .text.UART_DMAAbortOnError  stm32h7xx_hal_uart.o
    0x0800a09c   0x0800a09c   0x00000004   PAD
    0x0800a0a0   0x0800a0a0   0x0000009e   Code   RO         1462    .text.UART_EndRxTransfer  stm32h7xx_hal_uart.o
    0x0800a13e   0x0800a13e   0x00000002   PAD
    0x0800a140   0x0800a140   0x00000044   Code   RO         1498    .text.UART_EndTransmit_IT  stm32h7xx_hal_uart.o
    0x0800a184   0x0800a184   0x00000004   PAD
    0x0800a188   0x0800a188   0x00000184   Code   RO         1534    .text.UART_RxISR_16BIT  stm32h7xx_hal_uart.o
    0x0800a30c   0x0800a30c   0x00000004   PAD
    0x0800a310   0x0800a310   0x00000308   Code   RO         1530    .text.UART_RxISR_16BIT_FIFOEN  stm32h7xx_hal_uart.o
    0x0800a618   0x0800a618   0x00000180   Code   RO         1536    .text.UART_RxISR_8BIT  stm32h7xx_hal_uart.o
    0x0800a798   0x0800a798   0x00000304   Code   RO         1532    .text.UART_RxISR_8BIT_FIFOEN  stm32h7xx_hal_uart.o
    0x0800aa9c   0x0800aa9c   0x00000004   PAD
    0x0800aaa0   0x0800aaa0   0x00000922   Code   RO         1406    .text.UART_SetConfig  stm32h7xx_hal_uart.o
    0x0800b3c2   0x0800b3c2   0x00000006   PAD
    0x0800b3c8   0x0800b3c8   0x00000222   Code   RO         1440    .text.UART_Start_Receive_IT  stm32h7xx_hal_uart.o
    0x0800b5ea   0x0800b5ea   0x00000006   PAD
    0x0800b5f0   0x0800b5f0   0x000000fc   Code   RO         1424    .text.UART_WaitOnFlagUntilTimeout  stm32h7xx_hal_uart.o
    0x0800b6ec   0x0800b6ec   0x00000004   PAD
    0x0800b6f0   0x0800b6f0   0x00000010   Code   RO          135    .text.USART1_IRQHandler  stm32h7xx_it.o
    0x0800b700   0x0800b700   0x00000010   Code   RO          137    .text.USART2_IRQHandler  stm32h7xx_it.o
    0x0800b710   0x0800b710   0x00000010   Code   RO          139    .text.USART3_IRQHandler  stm32h7xx_it.o
    0x0800b720   0x0800b720   0x00000010   Code   RO          143    .text.USART6_IRQHandler  stm32h7xx_it.o
    0x0800b730   0x0800b730   0x00000034   Code   RO         1621    .text.UpdateAllSpeed  hall_encoder.o
    0x0800b764   0x0800b764   0x00000004   PAD
    0x0800b768   0x0800b768   0x00000124   Code   RO         1893    .text.UpdateData    initialize.o
    0x0800b88c   0x0800b88c   0x00000004   PAD
    0x0800b890   0x0800b890   0x0000002c   Code   RO         1895    .text.UpdateData_Car  initialize.o
    0x0800b8bc   0x0800b8bc   0x00000004   PAD
    0x0800b8c0   0x0800b8c0   0x000000e6   Code   RO         1617    .text.UpdateSpeed   hall_encoder.o
    0x0800b9a6   0x0800b9a6   0x00000002   PAD
    0x0800b9a8   0x0800b9a8   0x00000004   Code   RO          121    .text.UsageFault_Handler  stm32h7xx_it.o
    0x0800b9ac   0x0800b9ac   0x00000004   PAD
    0x0800b9b0   0x0800b9b0   0x00000058   Code   RO         1742    .text.WriteCmd      oled.o
    0x0800ba08   0x0800ba08   0x00000030   Code   RO          183    .text.__NVIC_EnableIRQ  stm32h7xx_hal_cortex.o
    0x0800ba38   0x0800ba38   0x00000010   Code   RO          175    .text.__NVIC_GetPriorityGrouping  stm32h7xx_hal_cortex.o
    0x0800ba48   0x0800ba48   0x00000042   Code   RO          177    .text.__NVIC_SetPriority  stm32h7xx_hal_cortex.o
    0x0800ba8a   0x0800ba8a   0x00000006   PAD
    0x0800ba90   0x0800ba90   0x0000003c   Code   RO          171    .text.__NVIC_SetPriorityGrouping  stm32h7xx_hal_cortex.o
    0x0800bacc   0x0800bacc   0x00000004   PAD
    0x0800bad0   0x0800bad0   0x0000004c   Code   RO         1627    .text.cSpeed        hall_encoder.o
    0x0800bb1c   0x0800bb1c   0x00000004   PAD
    0x0800bb20   0x0800bb20   0x00000024   Code   RO         1897    .text.error_handler  initialize.o
    0x0800bb44   0x0800bb44   0x00000004   PAD
    0x0800bb48   0x0800bb48   0x00000068   Code   RO         1623    .text.getSpeed      hall_encoder.o
    0x0800bbb0   0x0800bbb0   0x00000012   Code   RO         1889    .text.getWz         initialize.o
    0x0800bbc2   0x0800bbc2   0x00000006   PAD
    0x0800bbc8   0x0800bbc8   0x00000012   Code   RO         1887    .text.getYaw        initialize.o
    0x0800bbda   0x0800bbda   0x00000006   PAD
    0x0800bbe0   0x0800bbe0   0x0000019a   Code   RO            2    .text.main          main.o
    0x0800bd7a   0x0800bd7a   0x00000006   PAD
    0x0800bd80   0x0800bd80   0x0000010c   Code   RO         1787    .text.sumTheta      kinematics.o
    0x0800be8c   0x0800be8c   0x00000034   Code   RO         2081    i.__0snprintf       mc_w.l(printfa.o)
    0x0800bec0   0x0800bec0   0x00000028   Code   RO         2082    i.__0sprintf        mc_w.l(printfa.o)
    0x0800bee8   0x0800bee8   0x00000030   Code   RO         2158    i.__ARM_fpclassify  m_wv.l(fpclassify.o)
    0x0800bf18   0x0800bf18   0x000000b0   Code   RO         2036    i.__hardfp_cos      m_wv.l(cos.o)
    0x0800bfc8   0x0800bfc8   0x000000b0   Code   RO         2048    i.__hardfp_sin      m_wv.l(sin.o)
    0x0800c078   0x0800c078   0x00000308   Code   RO         2178    i.__ieee754_rem_pio2  m_wv.l(rred.o)
    0x0800c380   0x0800c380   0x000000c4   Code   RO         2135    i.__kernel_cos      m_wv.l(cos_i.o)
    0x0800c444   0x0800c444   0x00000070   Code   RO         2176    i.__kernel_poly     m_wv.l(poly.o)
    0x0800c4b4   0x0800c4b4   0x00000004   PAD
    0x0800c4b8   0x0800c4b8   0x000000a0   Code   RO         2186    i.__kernel_sin      m_wv.l(sin_i.o)
    0x0800c558   0x0800c558   0x00000018   Code   RO         2141    i.__mathlib_dbl_invalid  m_wv.l(dunder.o)
    0x0800c570   0x0800c570   0x00000018   Code   RO         2144    i.__mathlib_dbl_underflow  m_wv.l(dunder.o)
    0x0800c588   0x0800c588   0x0000000e   Code   RO         2253    i.__scatterload_copy  mc_w.l(handlers.o)
    0x0800c596   0x0800c596   0x00000002   Code   RO         2254    i.__scatterload_null  mc_w.l(handlers.o)
    0x0800c598   0x0800c598   0x0000000e   Code   RO         2255    i.__scatterload_zeroinit  mc_w.l(handlers.o)
    0x0800c5a6   0x0800c5a6   0x00000002   PAD
    0x0800c5a8   0x0800c5a8   0x0000000c   Code   RO         2227    i.__set_errno       mc_w.l(errno.o)
    0x0800c5b4   0x0800c5b4   0x00000184   Code   RO         2087    i._fp_digits        mc_w.l(printfa.o)
    0x0800c738   0x0800c738   0x000006dc   Code   RO         2088    i._printf_core      mc_w.l(printfa.o)
    0x0800ce14   0x0800ce14   0x00000024   Code   RO         2089    i._printf_post_padding  mc_w.l(printfa.o)
    0x0800ce38   0x0800ce38   0x0000002e   Code   RO         2090    i._printf_pre_padding  mc_w.l(printfa.o)
    0x0800ce66   0x0800ce66   0x00000016   Code   RO         2091    i._snputc           mc_w.l(printfa.o)
    0x0800ce7c   0x0800ce7c   0x0000000a   Code   RO         2092    i._sputc            mc_w.l(printfa.o)
    0x0800ce86   0x0800ce86   0x00000018   Code   RO         2154    i.fabs              m_wv.l(fabs.o)
    0x0800ce9e   0x0800ce9e   0x00000002   PAD
    0x0800cea0   0x0800cea0   0x00000030   Data   RO         2136    .constdata          m_wv.l(cos_i.o)
    0x0800ced0   0x0800ced0   0x000000cc   Data   RO         2180    .constdata          m_wv.l(rred.o)
    0x0800cf9c   0x0800cf9c   0x00000004   PAD
    0x0800cfa0   0x0800cfa0   0x00000028   Data   RO         2187    .constdata          m_wv.l(sin_i.o)
    0x0800cfc8   0x0800cfc8   0x00000010   Data   RO         1601    .rodata.D1CorePrescTable  system_stm32h7xx.o
    0x0800cfd8   0x0800cfd8   0x00000228   Data   RO         1772    .rodata.F6x8        oled.o
    0x0800d200   0x0800d200   0x000005f0   Data   RO         1773    .rodata.F8x16       oled.o
    0x0800d7f0   0x0800d7f0   0x00000008   Data   RO         1587    .rodata.UARTEx_SetNbDataToProcess.denominator  stm32h7xx_hal_uart_ex.o
    0x0800d7f8   0x0800d7f8   0x00000008   Data   RO         1586    .rodata.UARTEx_SetNbDataToProcess.numerator  stm32h7xx_hal_uart_ex.o
    0x0800d800   0x0800d800   0x00000018   Data   RO         1542    .rodata.UARTPrescTable  stm32h7xx_hal_uart.o
    0x0800d818   0x0800d818   0x0000001f   Data   RO           21    .rodata.str1.1      main.o
    0x0800d837   0x0800d837   0x00000038   Data   RO         1799    .rodata.str1.1      kinematics.o
    0x0800d86f   0x0800d86f   0x00000001   PAD
    0x0800d870   0x0800d870   0x00000020   Data   RO         2252    Region$$Table       anon$$obj.o


    Execution Region RW_IRAM1 (Exec base: 0x20000000, Load base: 0x0800d890, Size: 0x00000000, Max: 0x00020000, ABSOLUTE)

    **** No section assigned to this execution region ****


    Execution Region RW_IRAM2 (Exec base: 0x24000000, Load base: 0x0800d890, Size: 0x00007c90, Max: 0x00080000, ABSOLUTE)

    Exec Addr    Load Addr    Size         Type   Attr      Idx    E Section Name        Object

    0x24000000   0x0800d890   0x00000004   Data   RW         2228    .data               mc_w.l(errno.o)
    0x24000004   0x0800d894   0x0000001b   Data   RW         1774    .data.CMD_Data      oled.o
    0x2400001f   0x0800d8af   0x00000001   PAD
    0x24000020   0x0800d8b0   0x00000004   Data   RW         1599    .data.SystemCoreClock  system_stm32h7xx.o
    0x24000024   0x0800d8b4   0x00000004   Data   RW         1600    .data.SystemD2Clock  system_stm32h7xx.o
    0x24000028   0x0800d8b8   0x00000001   Data   RW         1903    .data.UpdateData.first_run  initialize.o
    0x24000029   0x0800d8b9   0x00000001   Data   RW          832    .data.uwTickFreq    stm32h7xx_hal.o
    0x2400002a   0x0800d8ba   0x00000002   PAD
    0x2400002c   0x0800d8bc   0x00000004   Data   RW          831    .data.uwTickPrio    stm32h7xx_hal.o
    0x24000030        -       0x00000020   Zero   RW         1906    .bss.Digital        initialize.o
    0x24000050        -       0x00000050   Zero   RW           23    .bss.GyroscopeChannelData  main.o
    0x240000a0        -       0x00000021   Zero   RW           22    .bss.GyroscopeUsart3RxBuffer  main.o
    0x240000c1   0x0800d8c0   0x00000003   PAD
    0x240000c4        -       0x00000004   Zero   RW         1638    .bss.LRFlag         hall_encoder.o
    0x240000c8        -       0x00000038   Zero   RW         1899    .bss.Le             initialize.o
    0x24000100        -       0x00000038   Zero   RW         1900    .bss.Ri             initialize.o
    0x24000138        -       0x00000004   Zero   RW         1902    .bss.UpdateData.last_time  initialize.o
    0x2400013c        -       0x00000004   Zero   RW         1904    .bss.UpdateData.last_yaw  initialize.o
    0x24000140        -       0x00000020   Zero   RW         1901    .bss.car            initialize.o
    0x24000160        -       0x00000010   Zero   RW         1905    .bss.current_data   initialize.o
    0x24000170        -       0x00000140   Zero   RW         1639    .bss.encoders       hall_encoder.o
    0x240002b0        -       0x00000064   Zero   RW         1907    .bss.error_message  initialize.o
    0x24000314        -       0x00000054   Zero   RW           49    .bss.hi2c1          i2c.o
    0x24000368        -       0x00000054   Zero   RW           50    .bss.hi2c2          i2c.o
    0x240003bc        -       0x0000004c   Zero   RW           78    .bss.htim1          tim.o
    0x24000408        -       0x0000004c   Zero   RW           79    .bss.htim3          tim.o
    0x24000454        -       0x0000004c   Zero   RW           80    .bss.htim5          tim.o
    0x240004a0        -       0x0000004c   Zero   RW           81    .bss.htim6          tim.o
    0x240004ec        -       0x0000004c   Zero   RW           82    .bss.htim7          tim.o
    0x24000538        -       0x00000094   Zero   RW          102    .bss.huart1         usart.o
    0x240005cc        -       0x00000094   Zero   RW          103    .bss.huart2         usart.o
    0x24000660        -       0x00000094   Zero   RW          104    .bss.huart3         usart.o
    0x240006f4        -       0x00000094   Zero   RW          105    .bss.huart6         usart.o
    0x24000788        -       0x00000100   Zero   RW           20    .bss.message        main.o
    0x24000888        -       0x00000004   Zero   RW         1637    .bss.numEncoders    hall_encoder.o
    0x2400088c        -       0x00000004   Zero   RW          833    .bss.uwTick         stm32h7xx_hal.o
    0x24000890        -       0x00007400   Zero   RW          159    STACK               startup_stm32h743xx.o


==============================================================================

Image component sizes


      Code (inc. data)   RO Data    RW Data    ZI Data      Debug   Object Name

       138          0          0          0          0       2387   ganwei_i2c.o
       408          0          0          0          0       3081   gpio.o
       994         32          0          0        328       8669   hall_encoder.o
       546          0          0          0        168       8326   i2c.o
       784         12          0          1        300       7397   initialize.o
       548         24         56          0          0       4238   kinematics.o
        22          0          0          0          0       1788   led.o
      1076          0         31          0        369      12524   main.o
       772          0       2072         27          0       3653   oled.o
        36          8        664          0      29696        852   startup_stm32h743xx.o
       374          0          0          5          4      13791   stm32h7xx_hal.o
       718          0          0          0          0      11368   stm32h7xx_hal_cortex.o
      4130          0          0          0          0      12817   stm32h7xx_hal_dma.o
      1010          0          0          0          0       7018   stm32h7xx_hal_gpio.o
      3086          0          0          0          0      36143   stm32h7xx_hal_i2c.o
       314          0          0          0          0       7371   stm32h7xx_hal_i2c_ex.o
        36          0          0          0          0       2253   stm32h7xx_hal_msp.o
       162          0          0          0          0      10358   stm32h7xx_hal_pwr_ex.o
      5026         66          0          0          0      11920   stm32h7xx_hal_rcc.o
      6578         96          0          0          0      19301   stm32h7xx_hal_rcc_ex.o
      5594         22          0          0          0      37564   stm32h7xx_hal_tim.o
       368          0          0          0          0      17557   stm32h7xx_hal_tim_ex.o
      8458        258         24          0          0      29228   stm32h7xx_hal_uart.o
       562          0         16          0          0       8912   stm32h7xx_hal_uart_ex.o
       146          0          0          0          0       1686   stm32h7xx_it.o
       352          0         16          8          0       5830   system_stm32h7xx.o
       636          6          0          0          0       6406   tb6612fng.o
      1250          0          0          0        380      12384   tim.o
      1236          0          0          0        592      12313   usart.o
       856         32          0          0          0      12152   wit_c_sdk.o

    ----------------------------------------------------------------------
     46704        568       2912         44      31840     329287   Object Totals
         0          0         32          0          0          0   (incl. Generated)
       488         12          1          3          3          0   (incl. Padding)

    ----------------------------------------------------------------------

      Code (inc. data)   RO Data    RW Data    ZI Data      Debug   Library Member Name

       176         18          0          0          0        156   cos.o
       196         14         48          0          0        176   cos_i.o
        48         28          0          0          0        232   dunder.o
        24          0          0          0          0        124   fabs.o
        48          0          0          0          0        124   fpclassify.o
       112          0          0          0          0        116   poly.o
       776        130        204          0          0        172   rred.o
       176         18          0          0          0        160   sin.o
       160         16         40          0          0        196   sin_i.o
         0          0          0          0          0          0   entry.o
         0          0          0          0          0          0   entry10a.o
         0          0          0          0          0          0   entry11a.o
         8          4          0          0          0          0   entry2.o
         4          0          0          0          0          0   entry5.o
         0          0          0          0          0          0   entry7b.o
         0          0          0          0          0          0   entry8b.o
         8          4          0          0          0          0   entry9a.o
        12          6          0          4          0         68   errno.o
        30          0          0          0          0          0   handlers.o
        48         10          0          0          0         68   init.o
         0          0          0          0          0          0   iusefp.o
        30          0          0          0          0         68   llshl.o
        36          0          0          0          0         68   llsshr.o
        32          0          0          0          0         68   llushr.o
        36          0          0          0          0        108   memseta.o
      2350         90          0          0          0        676   printfa.o
        44          0          0          0          0         80   uidiv.o
        98          0          0          0          0         92   uldiv.o
        48          0          0          0          0         68   cdrcmple.o
       334          0          0          0          0        148   dadd.o
       222          0          0          0          0        100   ddiv.o
       186          0          0          0          0        176   depilogue.o
        48          0          0          0          0         68   dfixul.o
       228          0          0          0          0         96   dmul.o

    ----------------------------------------------------------------------
      5528        338        296          4          0       3408   Library Totals
        10          0          4          0          0          0   (incl. Padding)

    ----------------------------------------------------------------------

      Code (inc. data)   RO Data    RW Data    ZI Data      Debug   Library Name

      1716        224        292          0          0       1456   m_wv.l
      2736        114          0          4          0       1296   mc_w.l
      1066          0          0          0          0        656   mf_w.l

    ----------------------------------------------------------------------
      5528        338        296          4          0       3408   Library Totals

    ----------------------------------------------------------------------

==============================================================================


      Code (inc. data)   RO Data    RW Data    ZI Data      Debug   

     52232        906       3208         48      31840     330451   Grand Totals
     52232        906       3208         48      31840     330451   ELF Image Totals
     52232        906       3208         48          0          0   ROM Totals

==============================================================================

    Total RO  Size (Code + RO Data)                55440 (  54.14kB)
    Total RW  Size (RW Data + ZI Data)             31888 (  31.14kB)
    Total ROM Size (Code + RO Data + RW Data)      55488 (  54.19kB)

==============================================================================

