Component: ARM Compiler 6.11 Tool: armlink [5d3b3900]

==============================================================================

Section Cross References

    main.o(.text.main) refers to stm32h7xx_hal.o(.text.HAL_Init) for HAL_Init
    main.o(.text.main) refers to main.o(.text.MPU_Config) for MPU_Config
    main.o(.text.main) refers to main.o(.text.SystemClock_Config) for SystemClock_Config
    main.o(.text.main) refers to gpio.o(.text.MX_GPIO_Init) for MX_GPIO_Init
    main.o(.text.main) refers to tim.o(.text.MX_TIM7_Init) for MX_TIM7_Init
    main.o(.text.main) refers to usart.o(.text.MX_USART1_UART_Init) for MX_USART1_UART_Init
    main.o(.text.main) refers to tim.o(.text.MX_TIM1_Init) for MX_TIM1_Init
    main.o(.text.main) refers to tim.o(.text.MX_TIM3_Init) for MX_TIM3_Init
    main.o(.text.main) refers to tim.o(.text.MX_TIM5_Init) for MX_TIM5_Init
    main.o(.text.main) refers to tim.o(.text.MX_TIM6_Init) for MX_TIM6_Init
    main.o(.text.main) refers to usart.o(.text.MX_USART2_UART_Init) for MX_USART2_UART_Init
    main.o(.text.main) refers to usart.o(.text.MX_USART3_UART_Init) for MX_USART3_UART_Init
    main.o(.text.main) refers to i2c.o(.text.MX_I2C1_Init) for MX_I2C1_Init
    main.o(.text.main) refers to usart.o(.text.MX_USART6_UART_Init) for MX_USART6_UART_Init
    main.o(.text.main) refers to i2c.o(.text.MX_I2C2_Init) for MX_I2C2_Init
    main.o(.text.main) refers to atk_ms601m.o(.text.atk_ms601m_init) for atk_ms601m_init
    main.o(.text.main) refers to main.o(.data.mode) for mode
    main.o(.text.main) refers to initialize.o(.text.MEInit) for MEInit
    main.o(.text.main) refers to oled.o(.text.OLED_Init) for OLED_Init
    main.o(.text.main) refers to oled.o(.text.OLED_Clear) for OLED_Clear
    main.o(.text.main) refers to visual.o(.text.visual_full_reset) for visual_full_reset
    main.o(.text.main) refers to usart.o(.bss.huart6) for huart6
    main.o(.text.main) refers to main.o(.bss.Visual_Rx_Buff) for Visual_Rx_Buff
    main.o(.text.main) refers to stm32h7xx_hal_uart_ex.o(.text.HAL_UARTEx_ReceiveToIdle_IT) for HAL_UARTEx_ReceiveToIdle_IT
    main.o(.text.main) refers to initialize.o(.text.UpdateData_Car) for UpdateData_Car
    main.o(.text.main) refers to kinematics.o(.text.runCircle) for runCircle
    main.o(.text.main) refers to initialize.o(.text.Break) for Break
    main.o(.text.main) refers to stm32h7xx_hal.o(.text.HAL_Delay) for HAL_Delay
    main.o(.ARM.exidx.text.main) refers to main.o(.text.main) for [Anonymous Symbol]
    main.o(.text.MPU_Config) refers to stm32h7xx_hal_cortex.o(.text.HAL_MPU_Disable) for HAL_MPU_Disable
    main.o(.text.MPU_Config) refers to stm32h7xx_hal_cortex.o(.text.HAL_MPU_ConfigRegion) for HAL_MPU_ConfigRegion
    main.o(.text.MPU_Config) refers to stm32h7xx_hal_cortex.o(.text.HAL_MPU_Enable) for HAL_MPU_Enable
    main.o(.ARM.exidx.text.MPU_Config) refers to main.o(.text.MPU_Config) for [Anonymous Symbol]
    main.o(.text.SystemClock_Config) refers to memseta.o(.text) for __aeabi_memclr4
    main.o(.text.SystemClock_Config) refers to stm32h7xx_hal_pwr_ex.o(.text.HAL_PWREx_ConfigSupply) for HAL_PWREx_ConfigSupply
    main.o(.text.SystemClock_Config) refers to stm32h7xx_hal_rcc.o(.text.HAL_RCC_OscConfig) for HAL_RCC_OscConfig
    main.o(.text.SystemClock_Config) refers to main.o(.text.Error_Handler) for Error_Handler
    main.o(.text.SystemClock_Config) refers to stm32h7xx_hal_rcc.o(.text.HAL_RCC_ClockConfig) for HAL_RCC_ClockConfig
    main.o(.ARM.exidx.text.SystemClock_Config) refers to main.o(.text.SystemClock_Config) for [Anonymous Symbol]
    main.o(.ARM.exidx.text.Error_Handler) refers to main.o(.text.Error_Handler) for [Anonymous Symbol]
    main.o(.text.delay_us_hal) refers to tim.o(.bss.htim6) for htim6
    main.o(.text.delay_us_hal) refers to stm32h7xx_hal_tim.o(.text.HAL_TIM_Base_Start) for HAL_TIM_Base_Start
    main.o(.text.delay_us_hal) refers to stm32h7xx_hal_tim.o(.text.HAL_TIM_Base_Stop) for HAL_TIM_Base_Stop
    main.o(.ARM.exidx.text.delay_us_hal) refers to main.o(.text.delay_us_hal) for [Anonymous Symbol]
    main.o(.text.HAL_TIM_PeriodElapsedCallback) refers to hall_encoder.o(.text.UpdateAllSpeed) for UpdateAllSpeed
    main.o(.ARM.exidx.text.HAL_TIM_PeriodElapsedCallback) refers to main.o(.text.HAL_TIM_PeriodElapsedCallback) for [Anonymous Symbol]
    main.o(.text.CheckAndTurn) refers to main.o(.bss.hasStopped) for hasStopped
    main.o(.text.CheckAndTurn) refers to stm32h7xx_hal.o(.text.HAL_GetTick) for HAL_GetTick
    main.o(.text.CheckAndTurn) refers to main.o(.bss.mode_begin_t) for mode_begin_t
    main.o(.text.CheckAndTurn) refers to tracking.o(.text.cross_Roads_Detect) for cross_Roads_Detect
    main.o(.text.CheckAndTurn) refers to main.o(.data.Sampling_Begin) for Sampling_Begin
    main.o(.text.CheckAndTurn) refers to visual.o(.text.visual_process_command) for visual_process_command
    main.o(.text.CheckAndTurn) refers to led.o(.text.GREEN_up) for GREEN_up
[...]
    [Anonymous Symbol]                       0x0800daf8   Section        0  stm32h7xx_hal_uart_ex.o(.rodata.UARTEx_SetNbDataToProcess.numerator)
    g_atk_ms601m_accelerometer_fsr_table     0x0800db18   Data           4  atk_ms601m.o(.rodata.g_atk_ms601m_accelerometer_fsr_table)
    [Anonymous Symbol]                       0x0800db18   Section        0  atk_ms601m.o(.rodata.g_atk_ms601m_accelerometer_fsr_table)
    g_atk_ms601m_gyro_fsr_table              0x0800db1c   Data           8  atk_ms601m.o(.rodata.g_atk_ms601m_gyro_fsr_table)
    [Anonymous Symbol]                       0x0800db1c   Section        0  atk_ms601m.o(.rodata.g_atk_ms601m_gyro_fsr_table)
    _errno                                   0x24000000   Data           4  errno.o(.data)
    .data                                    0x24000000   Section        4  errno.o(.data)
    UpdateData.first_run                     0x24000028   Data           1  initialize.o(.data.UpdateData.first_run)
    [Anonymous Symbol]                       0x24000028   Section        0  initialize.o(.data.UpdateData.first_run)
    runCircle.first_run                      0x24000044   Data           4  kinematics.o(.data.runCircle.first_run)
    [Anonymous Symbol]                       0x24000044   Section        0  kinematics.o(.data.runCircle.first_run)
    s_initial_digit                          0x24000048   Data           4  visual.o(.data.s_initial_digit)
    [Anonymous Symbol]                       0x24000048   Section        0  visual.o(.data.s_initial_digit)
    PID_Move.last_target                     0x24000098   Data           8  kinematics.o(.bss.PID_Move.last_target)
    [Anonymous Symbol]                       0x24000098   Section        0  kinematics.o(.bss.PID_Move.last_target)
    PID_Move.pidAngular                      0x240000a0   Data          12  kinematics.o(.bss.PID_Move.pidAngular)
    [Anonymous Symbol]                       0x240000a0   Section        0  kinematics.o(.bss.PID_Move.pidAngular)
    PID_Move.pidSpeed                        0x240000ac   Data          12  kinematics.o(.bss.PID_Move.pidSpeed)
    [Anonymous Symbol]                       0x240000ac   Section        0  kinematics.o(.bss.PID_Move.pidSpeed)
    UpdateData.last_time                     0x240000f0   Data           4  initialize.o(.bss.UpdateData.last_time)
    [Anonymous Symbol]                       0x240000f0   Section        0  initialize.o(.bss.UpdateData.last_time)
    g_atk_ms601m_fsr                         0x24000298   Data           2  atk_ms601m.o(.bss.g_atk_ms601m_fsr)
    [Anonymous Symbol]                       0x24000298   Section        0  atk_ms601m.o(.bss.g_atk_ms601m_fsr)
    g_uart_handle                            0x2400029c   Data         148  atk_ms601m_uart.o(.bss.g_uart_handle)
    [Anonymous Symbol]                       0x2400029c   Section        0  atk_ms601m_uart.o(.bss.g_uart_handle)
    g_uart_rx_fifo                           0x24000330   Data         134  atk_ms601m_uart.o(.bss.g_uart_rx_fifo)
    [Anonymous Symbol]                       0x24000330   Section        0  atk_ms601m_uart.o(.bss.g_uart_rx_fifo)
    runCircle.last_time                      0x24000830   Data           4  kinematics.o(.bss.runCircle.last_time)
    [Anonymous Symbol]                       0x24000830   Section        0  kinematics.o(.bss.runCircle.last_time)
    runCircle.start_yaw                      0x24000834   Data           4  kinematics.o(.bss.runCircle.start_yaw)
    [Anonymous Symbol]                       0x24000834   Section        0  kinematics.o(.bss.runCircle.start_yaw)
    s_initial_sample_count                   0x24000838   Data           4  visual.o(.bss.s_initial_sample_count)
    [Anonymous Symbol]                       0x24000838   Section        0  visual.o(.bss.s_initial_sample_count)
    s_initial_sample_lengths                 0x2400083c   Data          30  visual.o(.bss.s_initial_sample_lengths)
    [Anonymous Symbol]                       0x2400083c   Section        0  visual.o(.bss.s_initial_sample_lengths)
    s_initial_samples                        0x2400085a   Data         120  visual.o(.bss.s_initial_samples)
    [Anonymous Symbol]                       0x2400085a   Section        0  visual.o(.bss.s_initial_samples)
    s_nav_sample_count                       0x240008d4   Data           4  visual.o(.bss.s_nav_sample_count)
    [Anonymous Symbol]                       0x240008d4   Section        0  visual.o(.bss.s_nav_sample_count)
    s_nav_sample_lengths                     0x240008d8   Data         200  visual.o(.bss.s_nav_sample_lengths)
    [Anonymous Symbol]                       0x240008d8   Section        0  visual.o(.bss.s_nav_sample_lengths)
    s_nav_samples                            0x240009a0   Data         800  visual.o(.bss.s_nav_samples)
    [Anonymous Symbol]                       0x240009a0   Section        0  visual.o(.bss.s_nav_samples)
    s_previous_sampling_command              0x24000cc0   Data           1  visual.o(.bss.s_previous_sampling_command)
    [Anonymous Symbol]                       0x24000cc0   Section        0  visual.o(.bss.s_previous_sampling_command)
    STACK                                    0x24000cc8   Section    29696  startup_stm32h743xx.o(STACK)

    Global Symbols

    Symbol Name                              Value     Ov Type        Size  Object(Section)

    BuildAttributes$$THM_ISAv4$E$P$D$K$B$S$7EM$VFPv5_D16$PE$PLD8$A:L22UL41UL21$X:L11$S22US41US21$IEEE1$IW$~IW$USESV6$~STKCKD$USESV7$~SHL$OTIME$ROPI$IEEEX$EBA8$MICROLIB$REQ8$PRES8$EABIv2 0x00000000   Number         0  anon$$obj.o ABSOLUTE
    __cpp_initialize__aeabi_                  - Undefined Weak Reference
    __cxa_finalize                            - Undefined Weak Reference
    __decompress                              - Undefined Weak Reference
    _clock_init                               - Undefined Weak Reference
    _microlib_exit                            - Undefined Weak Reference
    __Vectors_Size                           0x00000298   Number         0  startup_stm32h743xx.o ABSOLUTE
    __Vectors                                0x08000000   Data           4  startup_stm32h743xx.o(RESET)
    __Vectors_End                            0x08000298   Data           0  startup_stm32h743xx.o(RESET)
    __main                                   0x08000299   Thumb Code     0  entry.o(.ARM.Collect$$$$00000000)
    _main_stk                                0x08000299   Thumb Code     0  entry2.o(.ARM.Collect$$$$00000001)
    _main_scatterload                        0x0800029d   Thumb Code     0  entry5.o(.ARM.Collect$$$$00000004)
    __main_after_scatterload                 0x080002a1   Thumb Code     0  entry5.o(.ARM.Collect$$$$00000004)
    _main_clock                              0x080002a1   Thumb Code     0  entry7b.o(.ARM.Collect$$$$00000008)
    _main_cpp_init                           0x080002a1   Thumb Code     0  entry8b.o(.ARM.Collect$$$$0000000A)
    _main_init                               0x080002a1   Thumb Code     0  entry9a.o(.ARM.Collect$$$$0000000B)
    __rt_final_cpp                           0x080002a9   Thumb Code     0  entry10a.o(.ARM.Collect$$$$0000000D)
    __rt_final_exit                          0x080002a9   Thumb Code     0  entry11a.o(.ARM.Collect$$$$0000000F)
    Reset_Handler                            0x080002ad   Thumb Code     8  startup_stm32h743xx.o(.text)
    ADC3_IRQHandler                          0x080002c7   Thumb Code     0  startup_stm32h743xx.o(.text)
    ADC_IRQHandler                           0x080002c7   Thumb Code     0  startup_stm32h743xx.o(.text)
    BDMA_Channel0_IRQHandler                 0x080002c7   Thumb Code     0  startup_stm32h743xx.o(.text)
    BDMA_Channel1_IRQHandler                 0x080002c7   Thumb Code     0  startup_stm32h743xx.o(.text)
    BDMA_Channel2_IRQHandler                 0x080002c7   Thumb Code     0  startup_stm32h743xx.o(.text)
    BDMA_Channel3_IRQHandler                 0x080002c7   Thumb Code     0  startup_stm32h743xx.o(.text)
    BDMA_Channel4_IRQHandler                 0x080002c7   Thumb Code     0  startup_stm32h743xx.o(.text)
    BDMA_Channel5_IRQHandler                 0x080002c7   Thumb Code     0  startup_stm32h743xx.o(.text)
    BDMA_Channel6_IRQHandler                 0x080002c7   Thumb Code     0  startup_stm32h743xx.o(.text)
    BDMA_Channel7_IRQHandler                 0x080002c7   Thumb Code     0  startup_stm32h743xx.o(.text)
    CEC_IRQHandler                           0x080002c7   Thumb Code     0  startup_stm32h743xx.o(.text)
    COMP1_IRQHandler                         0x080002c7   Thumb Code     0  startup_stm32h743xx.o(.text)
    CRS_IRQHandler                           0x080002c7   Thumb Code     0  startup_stm32h743xx.o(.text)
    DCMI_IRQHandler                          0x080002c7   Thumb Code     0  startup_stm32h743xx.o(.text)
    DFSDM1_FLT0_IRQHandler                   0x080002c7   Thumb Code     0  startup_stm32h743xx.o(.text)
    DFSDM1_FLT1_IRQHandler                   0x080002c7   Thumb Code     0  startup_stm32h743xx.o(.text)
    DFSDM1_FLT2_IRQHandler                   0x080002c7   Thumb Code     0  startup_stm32h743xx.o(.text)
    DFSDM1_FLT3_IRQHandler                   0x080002c7   Thumb Code     0  startup_stm32h743xx.o(.text)
    DMA1_Stream0_IRQHandler                  0x080002c7   Thumb Code     0  startup_stm32h743xx.o(.text)
    DMA1_Stream1_IRQHandler                  0x080002c7   Thumb Code     0  startup_stm32h743xx.o(.text)
    DMA1_Stream2_IRQHandler                  0x080002c7   Thumb Code     0  startup_stm32h743xx.o(.text)
    DMA1_Stream3_IRQHandler                  0x080002c7   Thumb Code     0  startup_stm32h743xx.o(.text)
    DMA1_Stream4_IRQHandler                  0x080002c7   Thumb Code     0  startup_stm32h743xx.o(.text)
    DMA1_Stream5_IRQHandler                  0x080002c7   Thumb Code     0  startup_stm32h743xx.o(.text)
    DMA1_Stream6_IRQHandler                  0x080002c7   Thumb Code     0  startup_stm32h743xx.o(.text)
    DMA1_Stream7_IRQHandler                  0x080002c7   Thumb Code     0  startup_stm32h743xx.o(.text)
    DMA2D_IRQHandler                         0x080002c7   Thumb Code     0  startup_stm32h743xx.o(.text)
    DMA2_Stream0_IRQHandler                  0x080002c7   Thumb Code     0  startup_stm32h743xx.o(.text)
    DMA2_Stream1_IRQHandler                  0x080002c7   Thumb Code     0  startup_stm32h743xx.o(.text)
    DMA2_Stream2_IRQHandler                  0x080002c7   Thumb Code     0  startup_stm32h743xx.o(.text)
    DMA2_Stream3_IRQHandler                  0x080002c7   Thumb Code     0  startup_stm32h743xx.o(.text)
    DMA2_Stream4_IRQHandler                  0x080002c7   Thumb Code     0  startup_stm32h743xx.o(.text)
    DMA2_Stream5_IRQHandler                  0x080002c7   Thumb Code     0  startup_stm32h743xx.o(.text)
    DMA2_Stream6_IRQHandler                  0x080002c7   Thumb Code     0  startup_stm32h743xx.o(.text)
    DMA2_Stream7_IRQHandler                  0x080002c7   Thumb Code     0  startup_stm32h743xx.o(.text)
    DMAMUX1_OVR_IRQHandler                   0x080002c7   Thumb Code     0  startup_stm32h743xx.o(.text)
    DMAMUX2_OVR_IRQHandler                   0x080002c7   Thumb Code     0  startup_stm32h743xx.o(.text)
    ECC_IRQHandler                           0x080002c7   Thumb Code     0  startup_stm32h743xx.o(.text)
    ETH_IRQHandler                           0x080002c7   Thumb Code     0  startup_stm32h743xx.o(.text)
    ETH_WKUP_IRQHandler                      0x080002c7   Thumb Code     0  startup_stm32h743xx.o(.text)
    EXTI0_IRQHandler                         0x080002c7   Thumb Code     0  startup_stm32h743xx.o(.text)
    EXTI15_10_IRQHandler                     0x080002c7   Thumb Code     0  startup_stm32h743xx.o(.text)
    EXTI1_IRQHandler                         0x080002c7   Thumb Code     0  startup_stm32h743xx.o(.text)
    EXTI2_IRQHandler                         0x080002c7   Thumb Code     0  startup_stm32h743xx.o(.text)
    EXTI3_IRQHandler                         0x080002c7   Thumb Code     0  startup_stm32h743xx.o(.text)
    EXTI4_IRQHandler                         0x080002c7   Thumb Code     0  startup_stm32h743xx.o(.text)
    EXTI9_5_IRQHandler                       0x080002c7   Thumb Code     0  startup_stm32h743xx.o(.text)
    FDCAN1_IT0_IRQHandler                    0x080002c7   Thumb Code     0  startup_stm32h743xx.o(.text)
    FDCAN1_IT1_IRQHandler                    0x080002c7   Thumb Code     0  startup_stm32h743xx.o(.text)
    FDCAN2_IT0_IRQHandler                    0x080002c7   Thumb Code     0  startup_stm32h743xx.o(.text)
    FDCAN2_IT1_IRQHandler                    0x080002c7   Thumb Code     0  startup_stm32h743xx.o(.text)
    FDCAN_CAL_IRQHandler                     0x080002c7   Thumb Code     0  startup_stm32h743xx.o(.text)
    FLASH_IRQHandler                         0x080002c7   Thumb Code     0  startup_stm32h743xx.o(.text)
    FMC_IRQHandler                           0x080002c7   Thumb Code     0  startup_stm32h743xx.o(.text)
    FPU_IRQHandler                           0x080002c7   Thumb Code     0  startup_stm32h743xx.o(.text)
    HRTIM1_FLT_IRQHandler                    0x080002c7   Thumb Code     0  startup_stm32h743xx.o(.text)
    HRTIM1_Master_IRQHandler                 0x080002c7   Thumb Code     0  startup_stm32h743xx.o(.text)
    HRTIM1_TIMA_IRQHandler                   0x080002c7   Thumb Code     0  startup_stm32h743xx.o(.text)
    HRTIM1_TIMB_IRQHandler                   0x080002c7   Thumb Code     0  startup_stm32h743xx.o(.text)
    HRTIM1_TIMC_IRQHandler                   0x080002c7   Thumb Code     0  startup_stm32h743xx.o(.text)
    HRTIM1_TIMD_IRQHandler                   0x080002c7   Thumb Code     0  startup_stm32h743xx.o(.text)
    HRTIM1_TIME_IRQHandler                   0x080002c7   Thumb Code     0  startup_stm32h743xx.o(.text)
    HSEM1_IRQHandler                         0x080002c7   Thumb Code     0  startup_stm32h743xx.o(.text)
    I2C1_ER_IRQHandler                       0x080002c7   Thumb Code     0  startup_stm32h743xx.o(.text)
    I2C1_EV_IRQHandler                       0x080002c7   Thumb Code     0  startup_stm32h743xx.o(.text)
    I2C2_ER_IRQHandler                       0x080002c7   Thumb Code     0  startup_stm32h743xx.o(.text)
    I2C2_EV_IRQHandler                       0x080002c7   Thumb Code     0  startup_stm32h743xx.o(.text)
    I2C3_ER_IRQHandler                       0x080002c7   Thumb Code     0  startup_stm32h743xx.o(.text)
    I2C3_EV_IRQHandler                       0x080002c7   Thumb Code     0  startup_stm32h743xx.o(.text)
    I2C4_ER_IRQHandler                       0x080002c7   Thumb Code     0  startup_stm32h743xx.o(.text)
    I2C4_EV_IRQHandler                       0x080002c7   Thumb Code     0  startup_stm32h743xx.o(.text)
    JPEG_IRQHandler                          0x080002c7   Thumb Code     0  startup_stm32h743xx.o(.text)
    LPTIM1_IRQHandler                        0x080002c7   Thumb Code     0  startup_stm32h743xx.o(.text)
    LPTIM2_IRQHandler                        0x080002c7   Thumb Code     0  startup_stm32h743xx.o(.text)
    LPTIM3_IRQHandler                        0x080002c7   Thumb Code     0  startup_stm32h743xx.o(.text)
    LPTIM4_IRQHandler                        0x080002c7   Thumb Code     0  startup_stm32h743xx.o(.text)
    LPTIM5_IRQHandler                        0x080002c7   Thumb Code     0  startup_stm32h743xx.o(.text)
    LPUART1_IRQHandler                       0x080002c7   Thumb Code     0  startup_stm32h743xx.o(.text)
    LTDC_ER_IRQHandler                       0x080002c7   Thumb Code     0  startup_stm32h743xx.o(.text)
    LTDC_IRQHandler                          0x080002c7   Thumb Code     0  startup_stm32h743xx.o(.text)
    MDIOS_IRQHandler                         0x080002c7   Thumb Code     0  startup_stm32h743xx.o(.text)
    MDIOS_WKUP_IRQHandler                    0x080002c7   Thumb Code     0  startup_stm32h743xx.o(.text)
    MDMA_IRQHandler                          0x080002c7   Thumb Code     0  startup_stm32h743xx.o(.text)
    OTG_FS_EP1_IN_IRQHandler                 0x080002c7   Thumb Code     0  startup_stm32h743xx.o(.text)
    OTG_FS_EP1_OUT_IRQHandler                0x080002c7   Thumb Code     0  startup_stm32h743xx.o(.text)
    OTG_FS_IRQHandler                        0x080002c7   Thumb Code     0  startup_stm32h743xx.o(.text)
    OTG_FS_WKUP_IRQHandler                   0x080002c7   Thumb Code     0  startup_stm32h743xx.o(.text)
    OTG_HS_EP1_IN_IRQHandler                 0x080002c7   Thumb Code     0  startup_stm32h743xx.o(.text)
    OTG_HS_EP1_OUT_IRQHandler                0x080002c7   Thumb Code     0  startup_stm32h743xx.o(.text)
    OTG_HS_IRQHandler                        0x080002c7   Thumb Code     0  startup_stm32h743xx.o(.text)
    OTG_HS_WKUP_IRQHandler                   0x080002c7   Thumb Code     0  startup_stm32h743xx.o(.text)
    PVD_AVD_IRQHandler                       0x080002c7   Thumb Code     0  startup_stm32h743xx.o(.text)
    QUADSPI_IRQHandler                       0x080002c7   Thumb Code     0  startup_stm32h743xx.o(.text)
    RCC_IRQHandler                           0x080002c7   Thumb Code     0  startup_stm32h743xx.o(.text)
    RNG_IRQHandler                           0x080002c7   Thumb Code     0  startup_stm32h743xx.o(.text)
    RTC_Alarm_IRQHandler                     0x080002c7   Thumb Code     0  startup_stm32h743xx.o(.text)
    RTC_WKUP_IRQHandler                      0x080002c7   Thumb Code     0  startup_stm32h743xx.o(.text)
    SAI1_IRQHandler                          0x080002c7   Thumb Code     0  startup_stm32h743xx.o(.text)
    SAI2_IRQHandler                          0x080002c7   Thumb Code     0  startup_stm32h743xx.o(.text)
    SAI3_IRQHandler                          0x080002c7   Thumb Code     0  startup_stm32h743xx.o(.text)
    SAI4_IRQHandler                          0x080002c7   Thumb Code     0  startup_stm32h743xx.o(.text)
    SDMMC1_IRQHandler                        0x080002c7   Thumb Code     0  startup_stm32h743xx.o(.text)
    SDMMC2_IRQHandler                        0x080002c7   Thumb Code     0  startup_stm32h743xx.o(.text)
    SPDIF_RX_IRQHandler                      0x080002c7   Thumb Code     0  startup_stm32h743xx.o(.text)
    SPI1_IRQHandler                          0x080002c7   Thumb Code     0  startup_stm32h743xx.o(.text)
    SPI2_IRQHandler                          0x080002c7   Thumb Code     0  startup_stm32h743xx.o(.text)
    SPI3_IRQHandler                          0x080002c7   Thumb Code     0  startup_stm32h743xx.o(.text)
    SPI4_IRQHandler                          0x080002c7   Thumb Code     0  startup_stm32h743xx.o(.text)
    SPI5_IRQHandler                          0x080002c7   Thumb Code     0  startup_stm32h743xx.o(.text)
    SPI6_IRQHandler                          0x080002c7   Thumb Code     0  startup_stm32h743xx.o(.text)
    SWPMI1_IRQHandler                        0x080002c7   Thumb Code     0  startup_stm32h743xx.o(.text)
    TAMP_STAMP_IRQHandler                    0x080002c7   Thumb Code     0  startup_stm32h743xx.o(.text)
    TIM15_IRQHandler                         0x080002c7   Thumb Code     0  startup_stm32h743xx.o(.text)
    TIM16_IRQHandler                         0x080002c7   Thumb Code     0  startup_stm32h743xx.o(.text)
    TIM17_IRQHandler                         0x080002c7   Thumb Code     0  startup_stm32h743xx.o(.text)
    TIM1_BRK_IRQHandler                      0x080002c7   Thumb Code     0  startup_stm32h743xx.o(.text)
    TIM1_CC_IRQHandler                       0x080002c7   Thumb Code     0  startup_stm32h743xx.o(.text)
    TIM1_TRG_COM_IRQHandler                  0x080002c7   Thumb Code     0  startup_stm32h743xx.o(.text)
    TIM2_IRQHandler                          0x080002c7   Thumb Code     0  startup_stm32h743xx.o(.text)
    TIM4_IRQHandler                          0x080002c7   Thumb Code     0  startup_stm32h743xx.o(.text)
    TIM5_IRQHandler                          0x080002c7   Thumb Code     0  startup_stm32h743xx.o(.text)
    TIM6_DAC_IRQHandler                      0x080002c7   Thumb Code     0  startup_stm32h743xx.o(.text)
    TIM8_BRK_TIM12_IRQHandler                0x080002c7   Thumb Code     0  startup_stm32h743xx.o(.text)
    TIM8_CC_IRQHandler                       0x080002c7   Thumb Code     0  startup_stm32h743xx.o(.text)
    TIM8_TRG_COM_TIM14_IRQHandler            0x080002c7   Thumb Code     0  startup_stm32h743xx.o(.text)
    TIM8_UP_TIM13_IRQHandler                 0x080002c7   Thumb Code     0  startup_stm32h743xx.o(.text)
    UART4_IRQHandler                         0x080002c7   Thumb Code     0  startup_stm32h743xx.o(.text)
    UART5_IRQHandler                         0x080002c7   Thumb Code     0  startup_stm32h743xx.o(.text)
    UART7_IRQHandler                         0x080002c7   Thumb Code     0  startup_stm32h743xx.o(.text)
    UART8_IRQHandler                         0x080002c7   Thumb Code     0  startup_stm32h743xx.o(.text)
    WAKEUP_PIN_IRQHandler                    0x080002c7   Thumb Code     0  startup_stm32h743xx.o(.text)
    WWDG_IRQHandler                          0x080002c7   Thumb Code     0  startup_stm32h743xx.o(.text)
    __aeabi_uldivmod                         0x080002d1   Thumb Code    98  uldiv.o(.text)
    __aeabi_memcpy                           0x08000333   Thumb Code    36  memcpya.o(.text)
    __aeabi_memcpy4                          0x08000333   Thumb Code     0  memcpya.o(.text)
    __aeabi_memcpy8                          0x08000333   Thumb Code     0  memcpya.o(.text)
    __aeabi_memset                           0x08000357   Thumb Code    14  memseta.o(.text)
    __aeabi_memset4                          0x08000357   Thumb Code     0  memseta.o(.text)
    __aeabi_memset8                          0x08000357   Thumb Code     0  memseta.o(.text)
    __aeabi_memclr                           0x08000365   Thumb Code     4  memseta.o(.text)
    __aeabi_memclr4                          0x08000365   Thumb Code     0  memseta.o(.text)
    __aeabi_memclr8                          0x08000365   Thumb Code     0  memseta.o(.text)
    _memset$wrapper                          0x08000369   Thumb Code    18  memseta.o(.text)
    memcmp                                   0x0800037b   Thumb Code    26  memcmp.o(.text)
    __aeabi_llsl                             0x08000395   Thumb Code    30  llshl.o(.text)
    _ll_shift_l                              0x08000395   Thumb Code     0  llshl.o(.text)
    __aeabi_llsr                             0x080003b3   Thumb Code    32  llushr.o(.text)
    _ll_ushift_r                             0x080003b3   Thumb Code     0  llushr.o(.text)
    __I$use$fp                               0x080003d3   Thumb Code     0  iusefp.o(.text)
    __scatterload                            0x080003d5   Thumb Code    28  init.o(.text)
    __scatterload_rt2                        0x080003d5   Thumb Code     0  init.o(.text)
    ATK_MS601M_UART_IRQHandler               0x080003f9   Thumb Code   130  atk_ms601m_uart.o(.text.ATK_MS601M_UART_IRQHandler)
    Break                                    0x08000481   Thumb Code    28  initialize.o(.text.Break)
    BusFault_Handler                         0x080004a1   Thumb Code     4  stm32h7xx_it.o(.text.BusFault_Handler)
    CalibrateYawOffset                       0x080004a9   Thumb Code    86  initialize.o(.text.CalibrateYawOffset)
    CarState_Init                            0x08000501   Thumb Code    70  kinematics.o(.text.CarState_Init)
    CarState_Update                          0x08000549   Thumb Code   256  kinematics.o(.text.CarState_Update)
    DebugMon_Handler                         0x08000649   Thumb Code     2  stm32h7xx_it.o(.text.DebugMon_Handler)
    EncoderInit                              0x08000651   Thumb Code   248  hall_encoder.o(.text.EncoderInit)
    EncoderParamInit                         0x08000749   Thumb Code    54  hall_encoder.o(.text.EncoderParamInit)
    Error_Handler                            0x08000781   Thumb Code    14  main.o(.text.Error_Handler)
    HAL_DMA_Abort                            0x08000791   Thumb Code  2458  stm32h7xx_hal_dma.o(.text.HAL_DMA_Abort)
    HAL_DMA_Abort_IT                         0x08001131   Thumb Code  1736  stm32h7xx_hal_dma.o(.text.HAL_DMA_Abort_IT)
    HAL_Delay                                0x080017f9   Thumb Code    78  stm32h7xx_hal.o(.text.HAL_Delay)
    HAL_GPIO_Init                            0x08001849   Thumb Code   986  stm32h7xx_hal_gpio.o(.text.HAL_GPIO_Init)
    HAL_GPIO_WritePin                        0x08001c29   Thumb Code    66  stm32h7xx_hal_gpio.o(.text.HAL_GPIO_WritePin)
    HAL_GetREVID                             0x08001c71   Thumb Code    14  stm32h7xx_hal.o(.text.HAL_GetREVID)
    HAL_GetTick                              0x08001c81   Thumb Code    12  stm32h7xx_hal.o(.text.HAL_GetTick)
    HAL_I2CEx_ConfigAnalogFilter             0x08001c91   Thumb Code   160  stm32h7xx_hal_i2c_ex.o(.text.HAL_I2CEx_ConfigAnalogFilter)
    HAL_I2CEx_ConfigDigitalFilter            0x08001d31   Thumb Code   170  stm32h7xx_hal_i2c_ex.o(.text.HAL_I2CEx_ConfigDigitalFilter)
    HAL_I2C_Init                             0x08001de1   Thumb Code   268  stm32h7xx_hal_i2c.o(.text.HAL_I2C_Init)
    HAL_I2C_Mem_Write                        0x08001ef1   Thumb Code   686  stm32h7xx_hal_i2c.o(.text.HAL_I2C_Mem_Write)
    HAL_I2C_MspInit                          0x080021a1   Thumb Code   328  i2c.o(.text.HAL_I2C_MspInit)
    HAL_IncTick                              0x080022e9   Thumb Code    26  stm32h7xx_hal.o(.text.HAL_IncTick)
    HAL_Init                                 0x08002309   Thumb Code   130  stm32h7xx_hal.o(.text.HAL_Init)
    HAL_InitTick                             0x08002391   Thumb Code   142  stm32h7xx_hal.o(.text.HAL_InitTick)
    HAL_MPU_ConfigRegion                     0x08002421   Thumb Code   148  stm32h7xx_hal_cortex.o(.text.HAL_MPU_ConfigRegion)
    HAL_MPU_Disable                          0x080024b9   Thumb Code    34  stm32h7xx_hal_cortex.o(.text.HAL_MPU_Disable)
    HAL_MPU_Enable                           0x080024e1   Thumb Code    52  stm32h7xx_hal_cortex.o(.text.HAL_MPU_Enable)
    HAL_MspInit                              0x08002519   Thumb Code    38  stm32h7xx_hal_msp.o(.text.HAL_MspInit)
    HAL_NVIC_EnableIRQ                       0x08002541   Thumb Code    24  stm32h7xx_hal_cortex.o(.text.HAL_NVIC_EnableIRQ)
    HAL_NVIC_SetPriority                     0x08002559   Thumb Code    72  stm32h7xx_hal_cortex.o(.text.HAL_NVIC_SetPriority)
    HAL_NVIC_SetPriorityGrouping             0x080025a1   Thumb Code    20  stm32h7xx_hal_cortex.o(.text.HAL_NVIC_SetPriorityGrouping)
    HAL_PWREx_ConfigSupply                   0x080025b9   Thumb Code   170  stm32h7xx_hal_pwr_ex.o(.text.HAL_PWREx_ConfigSupply)
    HAL_RCCEx_GetD3PCLK1Freq                 0x08002669   Thumb Code    42  stm32h7xx_hal_rcc_ex.o(.text.HAL_RCCEx_GetD3PCLK1Freq)
    HAL_RCCEx_GetPLL2ClockFreq               0x08002699   Thumb Code   692  stm32h7xx_hal_rcc_ex.o(.text.HAL_RCCEx_GetPLL2ClockFreq)
    HAL_RCCEx_GetPLL3ClockFreq               0x08002951   Thumb Code   692  stm32h7xx_hal_rcc_ex.o(.text.HAL_RCCEx_GetPLL3ClockFreq)
    HAL_RCCEx_PeriphCLKConfig                0x08002c09   Thumb Code  4374  stm32h7xx_hal_rcc_ex.o(.text.HAL_RCCEx_PeriphCLKConfig)
    HAL_RCC_ClockConfig                      0x08003d21   Thumb Code  1194  stm32h7xx_hal_rcc.o(.text.HAL_RCC_ClockConfig)
    HAL_RCC_GetHCLKFreq                      0x080041d1   Thumb Code    88  stm32h7xx_hal_rcc.o(.text.HAL_RCC_GetHCLKFreq)
    HAL_RCC_GetPCLK1Freq                     0x08004229   Thumb Code    42  stm32h7xx_hal_rcc.o(.text.HAL_RCC_GetPCLK1Freq)
    HAL_RCC_GetPCLK2Freq                     0x08004259   Thumb Code    42  stm32h7xx_hal_rcc.o(.text.HAL_RCC_GetPCLK2Freq)
    HAL_RCC_GetSysClockFreq                  0x08004289   Thumb Code   788  stm32h7xx_hal_rcc.o(.text.HAL_RCC_GetSysClockFreq)
    HAL_RCC_OscConfig                        0x080045a1   Thumb Code  2998  stm32h7xx_hal_rcc.o(.text.HAL_RCC_OscConfig)
    HAL_SYSTICK_Config                       0x08005159   Thumb Code    20  stm32h7xx_hal_cortex.o(.text.HAL_SYSTICK_Config)
    HAL_TIMEx_Break2Callback                 0x08005171   Thumb Code    12  stm32h7xx_hal_tim_ex.o(.text.HAL_TIMEx_Break2Callback)
    HAL_TIMEx_BreakCallback                  0x08005181   Thumb Code    12  stm32h7xx_hal_tim_ex.o(.text.HAL_TIMEx_BreakCallback)
    HAL_TIMEx_CommutCallback                 0x08005191   Thumb Code    12  stm32h7xx_hal_tim_ex.o(.text.HAL_TIMEx_CommutCallback)
    HAL_TIMEx_MasterConfigSynchronization    0x080051a1   Thumb Code   352  stm32h7xx_hal_tim_ex.o(.text.HAL_TIMEx_MasterConfigSynchronization)
    HAL_TIM_Base_Init                        0x08005301   Thumb Code   182  stm32h7xx_hal_tim.o(.text.HAL_TIM_Base_Init)
    HAL_TIM_Base_MspInit                     0x080053b9   Thumb Code   194  tim.o(.text.HAL_TIM_Base_MspInit)
    HAL_TIM_Base_Start                       0x08005481   Thumb Code   252  stm32h7xx_hal_tim.o(.text.HAL_TIM_Base_Start)
    HAL_TIM_Base_Start_IT                    0x08005581   Thumb Code   264  stm32h7xx_hal_tim.o(.text.HAL_TIM_Base_Start_IT)
    HAL_TIM_Base_Stop                        0x08005689   Thumb Code    74  stm32h7xx_hal_tim.o(.text.HAL_TIM_Base_Stop)
    HAL_TIM_ConfigClockSource                0x080056d9   Thumb Code   504  stm32h7xx_hal_tim.o(.text.HAL_TIM_ConfigClockSource)
    HAL_TIM_Encoder_Init                     0x080058d1   Thumb Code   326  stm32h7xx_hal_tim.o(.text.HAL_TIM_Encoder_Init)
    HAL_TIM_Encoder_MspInit                  0x08005a19   Thumb Code   302  tim.o(.text.HAL_TIM_Encoder_MspInit)
    HAL_TIM_IC_CaptureCallback               0x08005b49   Thumb Code    12  stm32h7xx_hal_tim.o(.text.HAL_TIM_IC_CaptureCallback)
    HAL_TIM_IRQHandler                       0x08005b59   Thumb Code   704  stm32h7xx_hal_tim.o(.text.HAL_TIM_IRQHandler)
    HAL_TIM_MspPostInit                      0x08005e19   Thumb Code   106  tim.o(.text.HAL_TIM_MspPostInit)
    HAL_TIM_OC_DelayElapsedCallback          0x08005e89   Thumb Code    12  stm32h7xx_hal_tim.o(.text.HAL_TIM_OC_DelayElapsedCallback)
    HAL_TIM_PWM_ConfigChannel                0x08005e99   Thumb Code   466  stm32h7xx_hal_tim.o(.text.HAL_TIM_PWM_ConfigChannel)
    HAL_TIM_PWM_Init                         0x08006071   Thumb Code   182  stm32h7xx_hal_tim.o(.text.HAL_TIM_PWM_Init)
    HAL_TIM_PWM_MspInit                      0x08006129   Thumb Code    12  stm32h7xx_hal_tim.o(.text.HAL_TIM_PWM_MspInit)
    HAL_TIM_PWM_PulseFinishedCallback        0x08006139   Thumb Code    12  stm32h7xx_hal_tim.o(.text.HAL_TIM_PWM_PulseFinishedCallback)
    HAL_TIM_PWM_Start                        0x08006149   Thumb Code   654  stm32h7xx_hal_tim.o(.text.HAL_TIM_PWM_Start)
    HAL_TIM_PeriodElapsedCallback            0x080063d9   Thumb Code    20  main.o(.text.HAL_TIM_PeriodElapsedCallback)
    HAL_TIM_TriggerCallback                  0x080063f1   Thumb Code    12  stm32h7xx_hal_tim.o(.text.HAL_TIM_TriggerCallback)
    HAL_UARTEx_DisableFifoMode               0x08006401   Thumb Code   128  stm32h7xx_hal_uart_ex.o(.text.HAL_UARTEx_DisableFifoMode)
    HAL_UARTEx_ReceiveToIdle_IT              0x08006481   Thumb Code   198  stm32h7xx_hal_uart_ex.o(.text.HAL_UARTEx_ReceiveToIdle_IT)
    HAL_UARTEx_RxEventCallback               0x08006549   Thumb Code   106  main.o(.text.HAL_UARTEx_RxEventCallback)
    HAL_UARTEx_RxFifoFullCallback            0x080065b9   Thumb Code    12  stm32h7xx_hal_uart_ex.o(.text.HAL_UARTEx_RxFifoFullCallback)
    HAL_UARTEx_SetRxFifoThreshold            0x080065c9   Thumb Code   148  stm32h7xx_hal_uart_ex.o(.text.HAL_UARTEx_SetRxFifoThreshold)
    HAL_UARTEx_SetTxFifoThreshold            0x08006661   Thumb Code   148  stm32h7xx_hal_uart_ex.o(.text.HAL_UARTEx_SetTxFifoThreshold)
    HAL_UARTEx_TxFifoEmptyCallback           0x080066f9   Thumb Code    12  stm32h7xx_hal_uart_ex.o(.text.HAL_UARTEx_TxFifoEmptyCallback)
    HAL_UARTEx_WakeupCallback                0x08006709   Thumb Code    12  stm32h7xx_hal_uart_ex.o(.text.HAL_UARTEx_WakeupCallback)
    HAL_UART_ErrorCallback                   0x08006719   Thumb Code    12  stm32h7xx_hal_uart.o(.text.HAL_UART_ErrorCallback)
    HAL_UART_IRQHandler                      0x08006729   Thumb Code  1766  stm32h7xx_hal_uart.o(.text.HAL_UART_IRQHandler)
    HAL_UART_Init                            0x08006e11   Thumb Code   182  stm32h7xx_hal_uart.o(.text.HAL_UART_Init)
    HAL_UART_MspInit                         0x08006ec9   Thumb Code   714  usart.o(.text.HAL_UART_MspInit)
    HAL_UART_Receive                         0x08007199   Thumb Code   478  stm32h7xx_hal_uart.o(.text.HAL_UART_Receive)
    HAL_UART_RxCpltCallback                  0x08007379   Thumb Code    12  stm32h7xx_hal_uart.o(.text.HAL_UART_RxCpltCallback)
    HAL_UART_Transmit                        0x08007389   Thumb Code   346  stm32h7xx_hal_uart.o(.text.HAL_UART_Transmit)
    HAL_UART_TxCpltCallback                  0x080074e9   Thumb Code    12  stm32h7xx_hal_uart.o(.text.HAL_UART_TxCpltCallback)
    HardFault_Handler                        0x080074f9   Thumb Code     4  stm32h7xx_it.o(.text.HardFault_Handler)
    LMotorSet                                0x08007b19   Thumb Code    46  initialize.o(.text.LMotorSet)
    LRInit                                   0x08007b49   Thumb Code   154  hall_encoder.o(.text.LRInit)
    LSet                                     0x08007be9   Thumb Code    86  initialize.o(.text.LSet)
    MEInit                                   0x08007c41   Thumb Code   366  initialize.o(.text.MEInit)
    MX_GPIO_Init                             0x08007e81   Thumb Code   414  gpio.o(.text.MX_GPIO_Init)
    MX_I2C1_Init                             0x08008021   Thumb Code   118  i2c.o(.text.MX_I2C1_Init)
    MX_I2C2_Init                             0x08008099   Thumb Code   118  i2c.o(.text.MX_I2C2_Init)
    MX_TIM1_Init                             0x08008111   Thumb Code   146  tim.o(.text.MX_TIM1_Init)
    MX_TIM3_Init                             0x080081a9   Thumb Code   142  tim.o(.text.MX_TIM3_Init)
    MX_TIM5_Init                             0x08008239   Thumb Code   264  tim.o(.text.MX_TIM5_Init)
    MX_TIM6_Init                             0x08008341   Thumb Code    98  tim.o(.text.MX_TIM6_Init)
    MX_TIM7_Init                             0x080083a9   Thumb Code    98  tim.o(.text.MX_TIM7_Init)
    MX_USART1_UART_Init                      0x08008411   Thumb Code   142  usart.o(.text.MX_USART1_UART_Init)
    MX_USART2_UART_Init                      0x080084a1   Thumb Code   142  usart.o(.text.MX_USART2_UART_Init)
    MX_USART3_UART_Init                      0x08008531   Thumb Code   142  usart.o(.text.MX_USART3_UART_Init)
    MX_USART6_UART_Init                      0x080085c1   Thumb Code   142  usart.o(.text.MX_USART6_UART_Init)
    MemManage_Handler                        0x08008651   Thumb Code     4  stm32h7xx_it.o(.text.MemManage_Handler)
    Motor_UI_Init                            0x08008659   Thumb Code   362  tb6612fng.o(.text.Motor_UI_Init)
    Motor_UI_Set                             0x080087c9   Thumb Code   406  tb6612fng.o(.text.Motor_UI_Set)
    NMI_Handler                              0x08008961   Thumb Code     4  stm32h7xx_it.o(.text.NMI_Handler)
    OLED_Clear                               0x080089e9   Thumb Code   104  oled.o(.text.OLED_Clear)
    OLED_Init                                0x08008a51   Thumb Code    14  oled.o(.text.OLED_Init)
    OLED_WR_CMD                              0x08008a61   Thumb Code    62  oled.o(.text.OLED_WR_CMD)
    OLED_WR_DATA                             0x08008aa1   Thumb Code    62  oled.o(.text.OLED_WR_DATA)
    PID_Compute                              0x08008ae1   Thumb Code   188  kinematics.o(.text.PID_Compute)
    PID_Init                                 0x08008ba1   Thumb Code    38  kinematics.o(.text.PID_Init)
    PID_Move                                 0x08008bc9   Thumb Code   456  kinematics.o(.text.PID_Move)
    PID_Update                               0x08008d91   Thumb Code   152  kinematics.o(.text.PID_Update)
    PendSV_Handler                           0x08008e29   Thumb Code     2  stm32h7xx_it.o(.text.PendSV_Handler)
    RED_up                                   0x080091e1   Thumb Code    22  led.o(.text.RED_up)
    RMotorSet                                0x080091f9   Thumb Code    46  initialize.o(.text.RMotorSet)
    RSet                                     0x08009229   Thumb Code    86  initialize.o(.text.RSet)
    ReloadTime                               0x08009281   Thumb Code    86  hall_encoder.o(.text.ReloadTime)
    SVC_Handler                              0x080092d9   Thumb Code     2  stm32h7xx_it.o(.text.SVC_Handler)
    SpeedToWheelSpeed                        0x080092e1   Thumb Code   172  kinematics.o(.text.SpeedToWheelSpeed)
    StoDis                                   0x08009391   Thumb Code   128  hall_encoder.o(.text.StoDis)
    SysTick_Handler                          0x08009471   Thumb Code     8  stm32h7xx_it.o(.text.SysTick_Handler)
    SystemClock_Config                       0x08009479   Thumb Code   354  main.o(.text.SystemClock_Config)
    SystemInit                               0x080095e1   Thumb Code   346  system_stm32h7xx.o(.text.SystemInit)
    TIM1_UP_IRQHandler                       0x08009741   Thumb Code    16  stm32h7xx_it.o(.text.TIM1_UP_IRQHandler)
    TIM3_IRQHandler                          0x08009751   Thumb Code    16  stm32h7xx_it.o(.text.TIM3_IRQHandler)
    TIM7_IRQHandler                          0x08009761   Thumb Code    16  stm32h7xx_it.o(.text.TIM7_IRQHandler)
    TIM_Base_SetConfig                       0x08009771   Thumb Code   418  stm32h7xx_hal_tim.o(.text.TIM_Base_SetConfig)
    TIM_CCxChannelCmd                        0x08009919   Thumb Code    74  stm32h7xx_hal_tim.o(.text.TIM_CCxChannelCmd)
    TIM_ETR_SetConfig                        0x08009969   Thumb Code    74  stm32h7xx_hal_tim.o(.text.TIM_ETR_SetConfig)
    TIM_OC2_SetConfig                        0x08009b49   Thumb Code   378  stm32h7xx_hal_tim.o(.text.TIM_OC2_SetConfig)
    UART_AdvFeatureConfig                    0x0800a241   Thumb Code   318  stm32h7xx_hal_uart.o(.text.UART_AdvFeatureConfig)
    UART_CheckIdleState                      0x0800a381   Thumb Code   334  stm32h7xx_hal_uart.o(.text.UART_CheckIdleState)
    UART_SetConfig                           0x0800af31   Thumb Code  2364  stm32h7xx_hal_uart.o(.text.UART_SetConfig)
    UART_Start_Receive_IT                    0x0800b871   Thumb Code   580  stm32h7xx_hal_uart.o(.text.UART_Start_Receive_IT)
    UART_WaitOnFlagUntilTimeout              0x0800bab9   Thumb Code   282  stm32h7xx_hal_uart.o(.text.UART_WaitOnFlagUntilTimeout)
    USART1_IRQHandler                        0x0800bbd9   Thumb Code    16  stm32h7xx_it.o(.text.USART1_IRQHandler)
    USART2_IRQHandler                        0x0800bbe9   Thumb Code    20  stm32h7xx_it.o(.text.USART2_IRQHandler)
    USART3_IRQHandler                        0x0800bc01   Thumb Code    16  stm32h7xx_it.o(.text.USART3_IRQHandler)
    USART6_IRQHandler                        0x0800bc11   Thumb Code    16  stm32h7xx_it.o(.text.USART6_IRQHandler)
    UpdateAllSpeed                           0x0800bc21   Thumb Code    56  hall_encoder.o(.text.UpdateAllSpeed)
    UpdateData                               0x0800bc59   Thumb Code   208  initialize.o(.text.UpdateData)
    UpdateData_Car                           0x0800bd29   Thumb Code    44  initialize.o(.text.UpdateData_Car)
    UpdateSpeed                              0x0800bd59   Thumb Code   226  hall_encoder.o(.text.UpdateSpeed)
    UsageFault_Handler                       0x0800be41   Thumb Code     4  stm32h7xx_it.o(.text.UsageFault_Handler)
    WriteCmd                                 0x0800be49   Thumb Code    92  oled.o(.text.WriteCmd)
    atk_ms601m_get_attitude                  0x0800c0a9   Thumb Code   216  atk_ms601m.o(.text.atk_ms601m_get_attitude)
    atk_ms601m_get_gyro_accelerometer        0x0800c401   Thumb Code   504  atk_ms601m.o(.text.atk_ms601m_get_gyro_accelerometer)
    atk_ms601m_init                          0x0800c5f9   Thumb Code   110  atk_ms601m.o(.text.atk_ms601m_init)
    atk_ms601m_read_reg_by_id                0x0800c669   Thumb Code   226  atk_ms601m.o(.text.atk_ms601m_read_reg_by_id)
    atk_ms601m_uart_init                     0x0800c751   Thumb Code   102  atk_ms601m_uart.o(.text.atk_ms601m_uart_init)
    atk_ms601m_uart_rx_fifo_read             0x0800c7b9   Thumb Code   204  atk_ms601m_uart.o(.text.atk_ms601m_uart_rx_fifo_read)
    atk_ms601m_uart_rx_fifo_write            0x0800c889   Thumb Code   102  atk_ms601m_uart.o(.text.atk_ms601m_uart_rx_fifo_write)
    atk_ms601m_uart_send                     0x0800c8f1   Thumb Code    58  atk_ms601m_uart.o(.text.atk_ms601m_uart_send)
    cSpeed                                   0x0800c931   Thumb Code    74  hall_encoder.o(.text.cSpeed)
    delay_us_hal                             0x0800c981   Thumb Code    76  main.o(.text.delay_us_hal)
    getSpeed                                 0x0800cac9   Thumb Code   104  hall_encoder.o(.text.getSpeed)
    getWz                                    0x0800cb31   Thumb Code    24  initialize.o(.text.getWz)
    getYaw                                   0x0800cb49   Thumb Code    22  initialize.o(.text.getYaw)
    main                                     0x0800cb61   Thumb Code   428  main.o(.text.main)
    runCircle                                0x0800cd11   Thumb Code   444  kinematics.o(.text.runCircle)
    sumTheta                                 0x0800ced1   Thumb Code   148  kinematics.o(.text.sumTheta)
    visual_full_reset                        0x0800cf69   Thumb Code    34  visual.o(.text.visual_full_reset)
    visual_process_command                   0x0800cf91   Thumb Code   712  visual.o(.text.visual_process_command)
    visual_reset_sampling_status             0x0800d259   Thumb Code   104  visual.o(.text.visual_reset_sampling_status)
    __ARM_fpclassify                         0x0800d2c1   Thumb Code    48  fpclassify.o(i.__ARM_fpclassify)
    __hardfp_cos                             0x0800d2f1   Thumb Code   158  cos.o(i.__hardfp_cos)
    __hardfp_fabs                            0x0800d3a1   Thumb Code    20  fabs.o(i.__hardfp_fabs)
    __hardfp_sin                             0x0800d3b9   Thumb Code   158  sin.o(i.__hardfp_sin)
    __ieee754_rem_pio2                       0x0800d469   Thumb Code   646  rred.o(i.__ieee754_rem_pio2)
    __kernel_cos                             0x0800d771   Thumb Code   182  cos_i.o(i.__kernel_cos)
    __kernel_poly                            0x0800d835   Thumb Code   112  poly.o(i.__kernel_poly)
    __kernel_sin                             0x0800d8a9   Thumb Code   144  sin_i.o(i.__kernel_sin)
    __mathlib_dbl_invalid                    0x0800d949   Thumb Code    10  dunder.o(i.__mathlib_dbl_invalid)
    __mathlib_dbl_underflow                  0x0800d961   Thumb Code    10  dunder.o(i.__mathlib_dbl_underflow)
    __scatterload_copy                       0x0800d979   Thumb Code    14  handlers.o(i.__scatterload_copy)
    __scatterload_null                       0x0800d987   Thumb Code     2  handlers.o(i.__scatterload_null)
    __scatterload_zeroinit                   0x0800d989   Thumb Code    14  handlers.o(i.__scatterload_zeroinit)
    __set_errno                              0x0800d999   Thumb Code     6  errno.o(i.__set_errno)
    fabs                                     0x0800d9a5   Thumb Code    24  fabs.o(i.fabs)
    D1CorePrescTable                         0x0800dae0   Data          16  system_stm32h7xx.o(.rodata.D1CorePrescTable)
    UARTPrescTable                           0x0800db00   Data          24  stm32h7xx_hal_uart.o(.rodata.UARTPrescTable)
    Region$$Table$$Base                      0x0800db24   Number         0  anon$$obj.o(Region$$Table)
    Region$$Table$$Limit                     0x0800db44   Number         0  anon$$obj.o(Region$$Table)
    CMD_Data                                 0x24000004   Data          27  oled.o(.data.CMD_Data)
    Sampling_Begin                           0x2400001f   Data           1  main.o(.data.Sampling_Begin)
    SystemCoreClock                          0x24000020   Data           4  system_stm32h7xx.o(.data.SystemCoreClock)
    SystemD2Clock                            0x24000024   Data           4  system_stm32h7xx.o(.data.SystemD2Clock)
    mode                                     0x2400002c   Data          24  main.o(.data.mode)
    uwTickFreq                               0x2400004c   Data           1  stm32h7xx_hal.o(.data.uwTickFreq)
    uwTickPrio                               0x24000050   Data           4  stm32h7xx_hal.o(.data.uwTickPrio)
    LRFlag                                   0x24000058   Data           4  hall_encoder.o(.bss.LRFlag)
    Le                                       0x24000060   Data          56  initialize.o(.bss.Le)
    Ri                                       0x240000b8   Data          56  initialize.o(.bss.Ri)
    Visual_Data                              0x240000f4   Data          25  main.o(.bss.Visual_Data)
    Visual_Rx_Buff                           0x2400010d   Data          25  main.o(.bss.Visual_Rx_Buff)
    car                                      0x24000128   Data          32  initialize.o(.bss.car)
    current_data                             0x24000148   Data          16  initialize.o(.bss.current_data)
    encoders                                 0x24000158   Data         320  hall_encoder.o(.bss.encoders)
    hi2c1                                    0x240003b8   Data          84  i2c.o(.bss.hi2c1)
    hi2c2                                    0x2400040c   Data          84  i2c.o(.bss.hi2c2)
    htim1                                    0x24000460   Data          76  tim.o(.bss.htim1)
    htim3                                    0x240004ac   Data          76  tim.o(.bss.htim3)
    htim5                                    0x240004f8   Data          76  tim.o(.bss.htim5)
    htim6                                    0x24000544   Data          76  tim.o(.bss.htim6)
    htim7                                    0x24000590   Data          76  tim.o(.bss.htim7)
    huart1                                   0x240005dc   Data         148  usart.o(.bss.huart1)
    huart2                                   0x24000670   Data         148  usart.o(.bss.huart2)
    huart3                                   0x24000704   Data         148  usart.o(.bss.huart3)
    huart6                                   0x24000798   Data         148  usart.o(.bss.huart6)
    numEncoders                              0x2400082c   Data           4  hall_encoder.o(.bss.numEncoders)
    uwTick                                   0x24000cc4   Data           4  stm32h7xx_hal.o(.bss.uwTick)
    __initial_sp                             0x240080c8   Data           0  startup_stm32h743xx.o(STACK)



==============================================================================

Memory Map of the image

  Image Entry point : 0x08000299

  Load Region LR_IROM1 (Base: 0x08000000, Size: 0x0000dba0, Max: 0x00200000, ABSOLUTE)

    Execution Region ER_IROM1 (Exec base: 0x08000000, Load base: 0x08000000, Size: 0x0000db44, Max: 0x00200000, ABSOLUTE)

    Exec Addr    Load Addr    Size         Type   Attr      Idx    E Section Name        Object

    0x08000000   0x08000000   0x00000298   Data   RO          180    RESET               startup_stm32h743xx.o
    0x08000298   0x08000298   0x00000000   Code   RO         2122  * .ARM.Collect$$$$00000000  mc_w.l(entry.o)
    0x08000298   0x08000298   0x00000004   Code   RO         2221    .ARM.Collect$$$$00000001  mc_w.l(entry2.o)
    0x0800029c   0x0800029c   0x00000004   Code   RO         2224    .ARM.Collect$$$$00000004  mc_w.l(entry5.o)
    0x080002a0   0x080002a0   0x00000000   Code   RO         2226    .ARM.Collect$$$$00000008  mc_w.l(entry7b.o)
    0x080002a0   0x080002a0   0x00000000   Code   RO         2228    .ARM.Collect$$$$0000000A  mc_w.l(entry8b.o)
    0x080002a0   0x080002a0   0x00000008   Code   RO         2229    .ARM.Collect$$$$0000000B  mc_w.l(entry9a.o)
    0x080002a8   0x080002a8   0x00000000   Code   RO         2231    .ARM.Collect$$$$0000000D  mc_w.l(entry10a.o)
    0x080002a8   0x080002a8   0x00000000   Code   RO         2233    .ARM.Collect$$$$0000000F  mc_w.l(entry11a.o)
    0x080002a8   0x080002a8   0x00000004   Code   RO         2222    .ARM.Collect$$$$00002712  mc_w.l(entry2.o)
    0x080002ac   0x080002ac   0x00000024   Code   RO          181    .text               startup_stm32h743xx.o
    0x080002d0   0x080002d0   0x00000062   Code   RO         2125    .text               mc_w.l(uldiv.o)
    0x08000332   0x08000332   0x00000024   Code   RO         2127    .text               mc_w.l(memcpya.o)
    0x08000356   0x08000356   0x00000024   Code   RO         2129    .text               mc_w.l(memseta.o)
    0x0800037a   0x0800037a   0x0000001a   Code   RO         2133    .text               mc_w.l(memcmp.o)
    0x08000394   0x08000394   0x0000001e   Code   RO         2242    .text               mc_w.l(llshl.o)
    0x080003b2   0x080003b2   0x00000020   Code   RO         2244    .text               mc_w.l(llushr.o)
    0x080003d2   0x080003d2   0x00000000   Code   RO         2255    .text               mc_w.l(iusefp.o)
    0x080003d2   0x080003d2   0x00000002   PAD
    0x080003d4   0x080003d4   0x00000024   Code   RO         2270    .text               mc_w.l(init.o)
    0x080003f8   0x080003f8   0x00000082   Code   RO         1702    .text.ATK_MS601M_UART_IRQHandler  atk_ms601m_uart.o
    0x0800047a   0x0800047a   0x00000006   PAD
    0x08000480   0x08000480   0x0000001c   Code   RO         1941    .text.Break         initialize.o
    0x0800049c   0x0800049c   0x00000004   PAD
    0x080004a0   0x080004a0   0x00000004   Code   RO          136    .text.BusFault_Handler  stm32h7xx_it.o
    0x080004a4   0x080004a4   0x00000004   PAD
    0x080004a8   0x080004a8   0x00000056   Code   RO         1947    .text.CalibrateYawOffset  initialize.o
    0x080004fe   0x080004fe   0x00000002   PAD
    0x08000500   0x08000500   0x00000046   Code   RO         1977    .text.CarState_Init  kinematics.o
    0x08000546   0x08000546   0x00000002   PAD
    0x08000548   0x08000548   0x00000100   Code   RO         1979    .text.CarState_Update  kinematics.o
    0x08000648   0x08000648   0x00000002   Code   RO          142    .text.DebugMon_Handler  stm32h7xx_it.o
    0x0800064a   0x0800064a   0x00000006   PAD
    0x08000650   0x08000650   0x000000f8   Code   RO         1714    .text.EncoderInit   hall_encoder.o
    0x08000748   0x08000748   0x00000036   Code   RO         1718    .text.EncoderParamInit  hall_encoder.o
    0x0800077e   0x0800077e   0x00000002   PAD
    0x08000780   0x08000780   0x0000000e   Code   RO            8    .text.Error_Handler  main.o
    0x0800078e   0x0800078e   0x00000002   PAD
    0x08000790   0x08000790   0x0000099a   Code   RO          535    .text.HAL_DMA_Abort  stm32h7xx_hal_dma.o
    0x0800112a   0x0800112a   0x00000006   PAD
    0x08001130   0x08001130   0x000006c8   Code   RO          537    .text.HAL_DMA_Abort_IT  stm32h7xx_hal_dma.o
    0x080017f8   0x080017f8   0x0000004e   Code   RO          786    .text.HAL_Delay     stm32h7xx_hal.o
    0x08001846   0x08001846   0x00000002   PAD
    0x08001848   0x08001848   0x000003da   Code   RO          463    .text.HAL_GPIO_Init  stm32h7xx_hal_gpio.o
    0x08001c22   0x08001c22   0x00000006   PAD
    0x08001c28   0x08001c28   0x00000042   Code   RO          469    .text.HAL_GPIO_WritePin  stm32h7xx_hal_gpio.o
    0x08001c6a   0x08001c6a   0x00000006   PAD
    0x08001c70   0x08001c70   0x0000000e   Code   RO          794    .text.HAL_GetREVID  stm32h7xx_hal.o
    0x08001c7e   0x08001c7e   0x00000002   PAD
    0x08001c80   0x08001c80   0x0000000c   Code   RO          778    .text.HAL_GetTick   stm32h7xx_hal.o
    0x08001c8c   0x08001c8c   0x00000004   PAD
    0x08001c90   0x08001c90   0x000000a0   Code   RO         1043    .text.HAL_I2CEx_ConfigAnalogFilter  stm32h7xx_hal_i2c_ex.o
    0x08001d30   0x08001d30   0x000000aa   Code   RO         1045    .text.HAL_I2CEx_ConfigDigitalFilter  stm32h7xx_hal_i2c_ex.o
    0x08001dda   0x08001dda   0x00000006   PAD
    0x08001de0   0x08001de0   0x0000010c   Code   RO          873    .text.HAL_I2C_Init  stm32h7xx_hal_i2c.o
    0x08001eec   0x08001eec   0x00000004   PAD
    0x08001ef0   0x08001ef0   0x000002ae   Code   RO          937    .text.HAL_I2C_Mem_Write  stm32h7xx_hal_i2c.o
    0x0800219e   0x0800219e   0x00000002   PAD
    0x080021a0   0x080021a0   0x00000148   Code   RO           59    .text.HAL_I2C_MspInit  i2c.o
    0x080022e8   0x080022e8   0x0000001a   Code   RO          776    .text.HAL_IncTick   stm32h7xx_hal.o
    0x08002302   0x08002302   0x00000006   PAD
    0x08002308   0x08002308   0x00000082   Code   RO          766    .text.HAL_Init      stm32h7xx_hal.o
    0x0800238a   0x0800238a   0x00000006   PAD
    0x08002390   0x08002390   0x0000008e   Code   RO          768    .text.HAL_InitTick  stm32h7xx_hal.o
    0x0800241e   0x0800241e   0x00000002   PAD
    0x08002420   0x08002420   0x00000094   Code   RO          220    .text.HAL_MPU_ConfigRegion  stm32h7xx_hal_cortex.o
    0x080024b4   0x080024b4   0x00000004   PAD
    0x080024b8   0x080024b8   0x00000022   Code   RO          216    .text.HAL_MPU_Disable  stm32h7xx_hal_cortex.o
    0x080024da   0x080024da   0x00000006   PAD
    0x080024e0   0x080024e0   0x00000034   Code   RO          218    .text.HAL_MPU_Enable  stm32h7xx_hal_cortex.o
    0x08002514   0x08002514   0x00000004   PAD
    0x08002518   0x08002518   0x00000026   Code   RO          170    .text.HAL_MspInit   stm32h7xx_hal_msp.o
    0x0800253e   0x0800253e   0x00000002   PAD
    0x08002540   0x08002540   0x00000018   Code   RO          200    .text.HAL_NVIC_EnableIRQ  stm32h7xx_hal_cortex.o
    0x08002558   0x08002558   0x00000048   Code   RO          192    .text.HAL_NVIC_SetPriority  stm32h7xx_hal_cortex.o
    0x080025a0   0x080025a0   0x00000014   Code   RO          188    .text.HAL_NVIC_SetPriorityGrouping  stm32h7xx_hal_cortex.o
    0x080025b4   0x080025b4   0x00000004   PAD
    0x080025b8   0x080025b8   0x000000aa   Code   RO          678    .text.HAL_PWREx_ConfigSupply  stm32h7xx_hal_pwr_ex.o
    0x08002662   0x08002662   0x00000006   PAD
    0x08002668   0x08002668   0x0000002a   Code   RO          314    .text.HAL_RCCEx_GetD3PCLK1Freq  stm32h7xx_hal_rcc_ex.o
    0x08002692   0x08002692   0x00000006   PAD
    0x08002698   0x08002698   0x000002b4   Code   RO          310    .text.HAL_RCCEx_GetPLL2ClockFreq  stm32h7xx_hal_rcc_ex.o
    0x0800294c   0x0800294c   0x00000004   PAD
    0x08002950   0x08002950   0x000002b4   Code   RO          312    .text.HAL_RCCEx_GetPLL3ClockFreq  stm32h7xx_hal_rcc_ex.o
    0x08002c04   0x08002c04   0x00000004   PAD
    0x08002c08   0x08002c08   0x00001116   Code   RO          298    .text.HAL_RCCEx_PeriphCLKConfig  stm32h7xx_hal_rcc_ex.o
    0x08003d1e   0x08003d1e   0x00000002   PAD
    0x08003d20   0x08003d20   0x000004aa   Code   RO          266    .text.HAL_RCC_ClockConfig  stm32h7xx_hal_rcc.o
    0x080041ca   0x080041ca   0x00000006   PAD
    0x080041d0   0x080041d0   0x00000058   Code   RO          276    .text.HAL_RCC_GetHCLKFreq  stm32h7xx_hal_rcc.o
    0x08004228   0x08004228   0x0000002a   Code   RO          278    .text.HAL_RCC_GetPCLK1Freq  stm32h7xx_hal_rcc.o
    0x08004252   0x08004252   0x00000006   PAD
    0x08004258   0x08004258   0x0000002a   Code   RO          280    .text.HAL_RCC_GetPCLK2Freq  stm32h7xx_hal_rcc.o
    0x08004282   0x08004282   0x00000006   PAD
    0x08004288   0x08004288   0x00000314   Code   RO          268    .text.HAL_RCC_GetSysClockFreq  stm32h7xx_hal_rcc.o
    0x0800459c   0x0800459c   0x00000004   PAD
    0x080045a0   0x080045a0   0x00000bb6   Code   RO          264    .text.HAL_RCC_OscConfig  stm32h7xx_hal_rcc.o
    0x08005156   0x08005156   0x00000002   PAD
    0x08005158   0x08005158   0x00000014   Code   RO          212    .text.HAL_SYSTICK_Config  stm32h7xx_hal_cortex.o
    0x0800516c   0x0800516c   0x00000004   PAD
    0x08005170   0x08005170   0x0000000c   Code   RO         1425    .text.HAL_TIMEx_Break2Callback  stm32h7xx_hal_tim_ex.o
    0x0800517c   0x0800517c   0x00000004   PAD
    0x08005180   0x08005180   0x0000000c   Code   RO         1423    .text.HAL_TIMEx_BreakCallback  stm32h7xx_hal_tim_ex.o
    0x0800518c   0x0800518c   0x00000004   PAD
    0x08005190   0x08005190   0x0000000c   Code   RO         1419    .text.HAL_TIMEx_CommutCallback  stm32h7xx_hal_tim_ex.o
    0x0800519c   0x0800519c   0x00000004   PAD
    0x080051a0   0x080051a0   0x00000160   Code   RO         1407    .text.HAL_TIMEx_MasterConfigSynchronization  stm32h7xx_hal_tim_ex.o
    0x08005300   0x08005300   0x000000b6   Code   RO         1089    .text.HAL_TIM_Base_Init  stm32h7xx_hal_tim.o
    0x080053b6   0x080053b6   0x00000002   PAD
    0x080053b8   0x080053b8   0x000000c2   Code   RO           87    .text.HAL_TIM_Base_MspInit  tim.o
    0x0800547a   0x0800547a   0x00000006   PAD
    0x08005480   0x08005480   0x000000fc   Code   RO         1099    .text.HAL_TIM_Base_Start  stm32h7xx_hal_tim.o
    0x0800557c   0x0800557c   0x00000004   PAD
    0x08005580   0x08005580   0x00000108   Code   RO         1103    .text.HAL_TIM_Base_Start_IT  stm32h7xx_hal_tim.o
    0x08005688   0x08005688   0x0000004a   Code   RO         1101    .text.HAL_TIM_Base_Stop  stm32h7xx_hal_tim.o
    0x080056d2   0x080056d2   0x00000006   PAD
    0x080056d8   0x080056d8   0x000001f8   Code   RO         1285    .text.HAL_TIM_ConfigClockSource  stm32h7xx_hal_tim.o
    0x080058d0   0x080058d0   0x00000146   Code   RO         1203    .text.HAL_TIM_Encoder_Init  stm32h7xx_hal_tim.o
    0x08005a16   0x08005a16   0x00000002   PAD
    0x08005a18   0x08005a18   0x0000012e   Code   RO           85    .text.HAL_TIM_Encoder_MspInit  tim.o
    0x08005b46   0x08005b46   0x00000002   PAD
    0x08005b48   0x08005b48   0x0000000c   Code   RO         1225    .text.HAL_TIM_IC_CaptureCallback  stm32h7xx_hal_tim.o
    0x08005b54   0x08005b54   0x00000004   PAD
    0x08005b58   0x08005b58   0x000002c0   Code   RO         1223    .text.HAL_TIM_IRQHandler  stm32h7xx_hal_tim.o
    0x08005e18   0x08005e18   0x0000006a   Code   RO           79    .text.HAL_TIM_MspPostInit  tim.o
    0x08005e82   0x08005e82   0x00000006   PAD
    0x08005e88   0x08005e88   0x0000000c   Code   RO         1227    .text.HAL_TIM_OC_DelayElapsedCallback  stm32h7xx_hal_tim.o
    0x08005e94   0x08005e94   0x00000004   PAD
    0x08005e98   0x08005e98   0x000001d2   Code   RO         1259    .text.HAL_TIM_PWM_ConfigChannel  stm32h7xx_hal_tim.o
    0x0800606a   0x0800606a   0x00000006   PAD
    0x08006070   0x08006070   0x000000b6   Code   RO         1143    .text.HAL_TIM_PWM_Init  stm32h7xx_hal_tim.o
    0x08006126   0x08006126   0x00000002   PAD
    0x08006128   0x08006128   0x0000000c   Code   RO         1145    .text.HAL_TIM_PWM_MspInit  stm32h7xx_hal_tim.o
    0x08006134   0x08006134   0x00000004   PAD
    0x08006138   0x08006138   0x0000000c   Code   RO         1229    .text.HAL_TIM_PWM_PulseFinishedCallback  stm32h7xx_hal_tim.o
    0x08006144   0x08006144   0x00000004   PAD
    0x08006148   0x08006148   0x0000028e   Code   RO         1151    .text.HAL_TIM_PWM_Start  stm32h7xx_hal_tim.o
    0x080063d6   0x080063d6   0x00000002   PAD
    0x080063d8   0x080063d8   0x00000014   Code   RO           12    .text.HAL_TIM_PeriodElapsedCallback  main.o
    0x080063ec   0x080063ec   0x00000004   PAD
    0x080063f0   0x080063f0   0x0000000c   Code   RO         1233    .text.HAL_TIM_TriggerCallback  stm32h7xx_hal_tim.o
    0x080063fc   0x080063fc   0x00000004   PAD
    0x08006400   0x08006400   0x00000080   Code   RO         1610    .text.HAL_UARTEx_DisableFifoMode  stm32h7xx_hal_uart_ex.o
    0x08006480   0x08006480   0x000000c6   Code   RO         1618    .text.HAL_UARTEx_ReceiveToIdle_IT  stm32h7xx_hal_uart_ex.o
    0x08006546   0x08006546   0x00000002   PAD
    0x08006548   0x08006548   0x0000006a   Code   RO           18    .text.HAL_UARTEx_RxEventCallback  main.o
    0x080065b2   0x080065b2   0x00000006   PAD
    0x080065b8   0x080065b8   0x0000000c   Code   RO         1592    .text.HAL_UARTEx_RxFifoFullCallback  stm32h7xx_hal_uart_ex.o
    0x080065c4   0x080065c4   0x00000004   PAD
    0x080065c8   0x080065c8   0x00000094   Code   RO         1614    .text.HAL_UARTEx_SetRxFifoThreshold  stm32h7xx_hal_uart_ex.o
    0x0800665c   0x0800665c   0x00000004   PAD
    0x08006660   0x08006660   0x00000094   Code   RO         1612    .text.HAL_UARTEx_SetTxFifoThreshold  stm32h7xx_hal_uart_ex.o
    0x080066f4   0x080066f4   0x00000004   PAD
    0x080066f8   0x080066f8   0x0000000c   Code   RO         1594    .text.HAL_UARTEx_TxFifoEmptyCallback  stm32h7xx_hal_uart_ex.o
    0x08006704   0x08006704   0x00000004   PAD
    0x08006708   0x08006708   0x0000000c   Code   RO         1590    .text.HAL_UARTEx_WakeupCallback  stm32h7xx_hal_uart_ex.o
    0x08006714   0x08006714   0x00000004   PAD
    0x08006718   0x08006718   0x0000000c   Code   RO         1531    .text.HAL_UART_ErrorCallback  stm32h7xx_hal_uart.o
    0x08006724   0x08006724   0x00000004   PAD
    0x08006728   0x08006728   0x000006e6   Code   RO         1527    .text.HAL_UART_IRQHandler  stm32h7xx_hal_uart.o
    0x08006e0e   0x08006e0e   0x00000002   PAD
    0x08006e10   0x08006e10   0x000000b6   Code   RO         1439    .text.HAL_UART_Init  stm32h7xx_hal_uart.o
    0x08006ec6   0x08006ec6   0x00000002   PAD
    0x08006ec8   0x08006ec8   0x000002ca   Code   RO          114    .text.HAL_UART_MspInit  usart.o
    0x08007192   0x08007192   0x00000006   PAD
    0x08007198   0x08007198   0x000001de   Code   RO         1463    .text.HAL_UART_Receive  stm32h7xx_hal_uart.o
    0x08007376   0x08007376   0x00000002   PAD
    0x08007378   0x08007378   0x0000000c   Code   RO         1541    .text.HAL_UART_RxCpltCallback  stm32h7xx_hal_uart.o
    0x08007384   0x08007384   0x00000004   PAD
    0x08007388   0x08007388   0x0000015a   Code   RO         1459    .text.HAL_UART_Transmit  stm32h7xx_hal_uart.o
    0x080074e2   0x080074e2   0x00000006   PAD
    0x080074e8   0x080074e8   0x0000000c   Code   RO         1537    .text.HAL_UART_TxCpltCallback  stm32h7xx_hal_uart.o
    0x080074f4   0x080074f4   0x00000004   PAD
    0x080074f8   0x080074f8   0x00000004   Code   RO          132    .text.HardFault_Handler  stm32h7xx_it.o
    0x080074fc   0x080074fc   0x00000004   PAD
    0x08007500   0x08007500   0x00000046   Code   RO          897    .text.I2C_Flush_TXDR  stm32h7xx_hal_i2c.o
    0x08007546   0x08007546   0x00000002   PAD
    0x08007548   0x08007548   0x0000021e   Code   RO         1033    .text.I2C_IsErrorOccurred  stm32h7xx_hal_i2c.o
    0x08007766   0x08007766   0x00000002   PAD
    0x08007768   0x08007768   0x000000e2   Code   RO          939    .text.I2C_RequestMemoryWrite  stm32h7xx_hal_i2c.o
    0x0800784a   0x0800784a   0x00000006   PAD
    0x08007850   0x08007850   0x0000006c   Code   RO          885    .text.I2C_TransferConfig  stm32h7xx_hal_i2c.o
    0x080078bc   0x080078bc   0x00000004   PAD
    0x080078c0   0x080078c0   0x000000ce   Code   RO          883    .text.I2C_WaitOnFlagUntilTimeout  stm32h7xx_hal_i2c.o
    0x0800798e   0x0800798e   0x00000002   PAD
    0x08007990   0x08007990   0x000000bc   Code   RO          889    .text.I2C_WaitOnSTOPFlagUntilTimeout  stm32h7xx_hal_i2c.o
    0x08007a4c   0x08007a4c   0x00000004   PAD
    0x08007a50   0x08007a50   0x000000c8   Code   RO          887    .text.I2C_WaitOnTXISFlagUntilTimeout  stm32h7xx_hal_i2c.o
    0x08007b18   0x08007b18   0x0000002e   Code   RO         1933    .text.LMotorSet     initialize.o
    0x08007b46   0x08007b46   0x00000002   PAD
    0x08007b48   0x08007b48   0x0000009a   Code   RO         1720    .text.LRInit        hall_encoder.o
    0x08007be2   0x08007be2   0x00000006   PAD
    0x08007be8   0x08007be8   0x00000056   Code   RO         1937    .text.LSet          initialize.o
    0x08007c3e   0x08007c3e   0x00000002   PAD
    0x08007c40   0x08007c40   0x0000016e   Code   RO         1931    .text.MEInit        initialize.o
    0x08007dae   0x08007dae   0x00000002   PAD
    0x08007db0   0x08007db0   0x000000d0   Code   RO            4    .text.MPU_Config    main.o
    0x08007e80   0x08007e80   0x0000019e   Code   RO           46    .text.MX_GPIO_Init  gpio.o
    0x0800801e   0x0800801e   0x00000002   PAD
    0x08008020   0x08008020   0x00000076   Code   RO           55    .text.MX_I2C1_Init  i2c.o
    0x08008096   0x08008096   0x00000002   PAD
    0x08008098   0x08008098   0x00000076   Code   RO           57    .text.MX_I2C2_Init  i2c.o
    0x0800810e   0x0800810e   0x00000002   PAD
    0x08008110   0x08008110   0x00000092   Code   RO           73    .text.MX_TIM1_Init  tim.o
    0x080081a2   0x080081a2   0x00000006   PAD
    0x080081a8   0x080081a8   0x0000008e   Code   RO           75    .text.MX_TIM3_Init  tim.o
    0x08008236   0x08008236   0x00000002   PAD
    0x08008238   0x08008238   0x00000108   Code   RO           77    .text.MX_TIM5_Init  tim.o
    0x08008340   0x08008340   0x00000062   Code   RO           81    .text.MX_TIM6_Init  tim.o
    0x080083a2   0x080083a2   0x00000006   PAD
    0x080083a8   0x080083a8   0x00000062   Code   RO           83    .text.MX_TIM7_Init  tim.o
    0x0800840a   0x0800840a   0x00000006   PAD
    0x08008410   0x08008410   0x0000008e   Code   RO          106    .text.MX_USART1_UART_Init  usart.o
    0x0800849e   0x0800849e   0x00000002   PAD
    0x080084a0   0x080084a0   0x0000008e   Code   RO          108    .text.MX_USART2_UART_Init  usart.o
    0x0800852e   0x0800852e   0x00000002   PAD
    0x08008530   0x08008530   0x0000008e   Code   RO          110    .text.MX_USART3_UART_Init  usart.o
    0x080085be   0x080085be   0x00000002   PAD
    0x080085c0   0x080085c0   0x0000008e   Code   RO          112    .text.MX_USART6_UART_Init  usart.o
    0x0800864e   0x0800864e   0x00000002   PAD
    0x08008650   0x08008650   0x00000004   Code   RO          134    .text.MemManage_Handler  stm32h7xx_it.o
    0x08008654   0x08008654   0x00000004   PAD
    0x08008658   0x08008658   0x0000016a   Code   RO         1782    .text.Motor_UI_Init  tb6612fng.o
    0x080087c2   0x080087c2   0x00000006   PAD
    0x080087c8   0x080087c8   0x00000196   Code   RO         1784    .text.Motor_UI_Set  tb6612fng.o
    0x0800895e   0x0800895e   0x00000002   PAD
    0x08008960   0x08008960   0x00000004   Code   RO          130    .text.NMI_Handler   stm32h7xx_it.o
    0x08008964   0x08008964   0x00000004   PAD
    0x08008968   0x08008968   0x00000080   Code   RO          198    .text.NVIC_EncodePriority  stm32h7xx_hal_cortex.o
    0x080089e8   0x080089e8   0x00000068   Code   RO         2059    .text.OLED_Clear    oled.o
    0x08008a50   0x08008a50   0x0000000e   Code   RO         2057    .text.OLED_Init     oled.o
    0x08008a5e   0x08008a5e   0x00000002   PAD
    0x08008a60   0x08008a60   0x0000003e   Code   RO         2053    .text.OLED_WR_CMD   oled.o
    0x08008a9e   0x08008a9e   0x00000002   PAD
    0x08008aa0   0x08008aa0   0x0000003e   Code   RO         2055    .text.OLED_WR_DATA  oled.o
    0x08008ade   0x08008ade   0x00000002   PAD
    0x08008ae0   0x08008ae0   0x000000bc   Code   RO         1975    .text.PID_Compute   kinematics.o
    0x08008b9c   0x08008b9c   0x00000004   PAD
    0x08008ba0   0x08008ba0   0x00000026   Code   RO         1971    .text.PID_Init      kinematics.o
    0x08008bc6   0x08008bc6   0x00000002   PAD
    0x08008bc8   0x08008bc8   0x000001c8   Code   RO         1985    .text.PID_Move      kinematics.o
    0x08008d90   0x08008d90   0x00000098   Code   RO         1973    .text.PID_Update    kinematics.o
    0x08008e28   0x08008e28   0x00000002   Code   RO          144    .text.PendSV_Handler  stm32h7xx_it.o
    0x08008e2a   0x08008e2a   0x00000006   PAD
    0x08008e30   0x08008e30   0x000001d8   Code   RO          300    .text.RCCEx_PLL2_Config  stm32h7xx_hal_rcc_ex.o
    0x08009008   0x08009008   0x000001d8   Code   RO          302    .text.RCCEx_PLL3_Config  stm32h7xx_hal_rcc_ex.o
    0x080091e0   0x080091e0   0x00000016   Code   RO         2009    .text.RED_up        led.o
    0x080091f6   0x080091f6   0x00000002   PAD
    0x080091f8   0x080091f8   0x0000002e   Code   RO         1935    .text.RMotorSet     initialize.o
    0x08009226   0x08009226   0x00000002   PAD
    0x08009228   0x08009228   0x00000056   Code   RO         1939    .text.RSet          initialize.o
    0x0800927e   0x0800927e   0x00000002   PAD
    0x08009280   0x08009280   0x00000056   Code   RO         1716    .text.ReloadTime    hall_encoder.o
    0x080092d6   0x080092d6   0x00000002   PAD
    0x080092d8   0x080092d8   0x00000002   Code   RO          140    .text.SVC_Handler   stm32h7xx_it.o
    0x080092da   0x080092da   0x00000006   PAD
    0x080092e0   0x080092e0   0x000000ac   Code   RO         1983    .text.SpeedToWheelSpeed  kinematics.o
    0x0800938c   0x0800938c   0x00000004   PAD
    0x08009390   0x08009390   0x00000080   Code   RO         1724    .text.StoDis        hall_encoder.o
    0x08009410   0x08009410   0x0000005a   Code   RO          214    .text.SysTick_Config  stm32h7xx_hal_cortex.o
    0x0800946a   0x0800946a   0x00000006   PAD
    0x08009470   0x08009470   0x00000008   Code   RO          146    .text.SysTick_Handler  stm32h7xx_it.o
    0x08009478   0x08009478   0x00000162   Code   RO            6    .text.SystemClock_Config  main.o
    0x080095da   0x080095da   0x00000006   PAD
    0x080095e0   0x080095e0   0x0000015a   Code   RO         1634    .text.SystemInit    system_stm32h7xx.o
    0x0800973a   0x0800973a   0x00000006   PAD
    0x08009740   0x08009740   0x00000010   Code   RO          148    .text.TIM1_UP_IRQHandler  stm32h7xx_it.o
    0x08009750   0x08009750   0x00000010   Code   RO          150    .text.TIM3_IRQHandler  stm32h7xx_it.o
    0x08009760   0x08009760   0x00000010   Code   RO          158    .text.TIM7_IRQHandler  stm32h7xx_it.o
    0x08009770   0x08009770   0x000001a2   Code   RO         1093    .text.TIM_Base_SetConfig  stm32h7xx_hal_tim.o
    0x08009912   0x08009912   0x00000006   PAD
    0x08009918   0x08009918   0x0000004a   Code   RO         1127    .text.TIM_CCxChannelCmd  stm32h7xx_hal_tim.o
    0x08009962   0x08009962   0x00000006   PAD
    0x08009968   0x08009968   0x0000004a   Code   RO         1283    .text.TIM_ETR_SetConfig  stm32h7xx_hal_tim.o
    0x080099b2   0x080099b2   0x00000006   PAD
    0x080099b8   0x080099b8   0x00000038   Code   RO         1289    .text.TIM_ITRx_SetConfig  stm32h7xx_hal_tim.o
    0x080099f0   0x080099f0   0x00000158   Code   RO         1237    .text.TIM_OC1_SetConfig  stm32h7xx_hal_tim.o
    0x08009b48   0x08009b48   0x0000017a   Code   RO         1239    .text.TIM_OC2_SetConfig  stm32h7xx_hal_tim.o
    0x08009cc2   0x08009cc2   0x00000006   PAD
    0x08009cc8   0x08009cc8   0x00000178   Code   RO         1241    .text.TIM_OC3_SetConfig  stm32h7xx_hal_tim.o
    0x08009e40   0x08009e40   0x000000e2   Code   RO         1243    .text.TIM_OC4_SetConfig  stm32h7xx_hal_tim.o
    0x08009f22   0x08009f22   0x00000006   PAD
    0x08009f28   0x08009f28   0x000000d8   Code   RO         1245    .text.TIM_OC5_SetConfig  stm32h7xx_hal_tim.o
    0x0800a000   0x0800a000   0x000000da   Code   RO         1247    .text.TIM_OC6_SetConfig  stm32h7xx_hal_tim.o
    0x0800a0da   0x0800a0da   0x00000006   PAD
    0x0800a0e0   0x0800a0e0   0x00000062   Code   RO         1287    .text.TIM_TI1_ConfigInputStage  stm32h7xx_hal_tim.o
    0x0800a142   0x0800a142   0x00000006   PAD
    0x0800a148   0x0800a148   0x00000064   Code   RO         1291    .text.TIM_TI2_ConfigInputStage  stm32h7xx_hal_tim.o
    0x0800a1ac   0x0800a1ac   0x00000004   PAD
    0x0800a1b0   0x0800a1b0   0x00000090   Code   RO         1608    .text.UARTEx_SetNbDataToProcess  stm32h7xx_hal_uart_ex.o
    0x0800a240   0x0800a240   0x0000013e   Code   RO         1445    .text.UART_AdvFeatureConfig  stm32h7xx_hal_uart.o
    0x0800a37e   0x0800a37e   0x00000002   PAD
    0x0800a380   0x0800a380   0x0000014e   Code   RO         1447    .text.UART_CheckIdleState  stm32h7xx_hal_uart.o
    0x0800a4ce   0x0800a4ce   0x00000002   PAD
    0x0800a4d0   0x0800a4d0   0x00000028   Code   RO         1529    .text.UART_DMAAbortOnError  stm32h7xx_hal_uart.o
    0x0800a4f8   0x0800a4f8   0x000000a2   Code   RO         1499    .text.UART_EndRxTransfer  stm32h7xx_hal_uart.o
    0x0800a59a   0x0800a59a   0x00000006   PAD
    0x0800a5a0   0x0800a5a0   0x00000048   Code   RO         1535    .text.UART_EndTransmit_IT  stm32h7xx_hal_uart.o
    0x0800a5e8   0x0800a5e8   0x00000188   Code   RO         1571    .text.UART_RxISR_16BIT  stm32h7xx_hal_uart.o
    0x0800a770   0x0800a770   0x0000031c   Code   RO         1567    .text.UART_RxISR_16BIT_FIFOEN  stm32h7xx_hal_uart.o
    0x0800aa8c   0x0800aa8c   0x00000004   PAD
    0x0800aa90   0x0800aa90   0x00000184   Code   RO         1573    .text.UART_RxISR_8BIT  stm32h7xx_hal_uart.o
    0x0800ac14   0x0800ac14   0x00000004   PAD
    0x0800ac18   0x0800ac18   0x00000318   Code   RO         1569    .text.UART_RxISR_8BIT_FIFOEN  stm32h7xx_hal_uart.o
    0x0800af30   0x0800af30   0x0000093c   Code   RO         1443    .text.UART_SetConfig  stm32h7xx_hal_uart.o
    0x0800b86c   0x0800b86c   0x00000004   PAD
    0x0800b870   0x0800b870   0x00000244   Code   RO         1477    .text.UART_Start_Receive_IT  stm32h7xx_hal_uart.o
    0x0800bab4   0x0800bab4   0x00000004   PAD
    0x0800bab8   0x0800bab8   0x0000011a   Code   RO         1461    .text.UART_WaitOnFlagUntilTimeout  stm32h7xx_hal_uart.o
    0x0800bbd2   0x0800bbd2   0x00000006   PAD
    0x0800bbd8   0x0800bbd8   0x00000010   Code   RO          152    .text.USART1_IRQHandler  stm32h7xx_it.o
    0x0800bbe8   0x0800bbe8   0x00000014   Code   RO          154    .text.USART2_IRQHandler  stm32h7xx_it.o
    0x0800bbfc   0x0800bbfc   0x00000004   PAD
    0x0800bc00   0x0800bc00   0x00000010   Code   RO          156    .text.USART3_IRQHandler  stm32h7xx_it.o
    0x0800bc10   0x0800bc10   0x00000010   Code   RO          160    .text.USART6_IRQHandler  stm32h7xx_it.o
    0x0800bc20   0x0800bc20   0x00000038   Code   RO         1726    .text.UpdateAllSpeed  hall_encoder.o
    0x0800bc58   0x0800bc58   0x000000d0   Code   RO         1949    .text.UpdateData    initialize.o
    0x0800bd28   0x0800bd28   0x0000002c   Code   RO         1951    .text.UpdateData_Car  initialize.o
    0x0800bd54   0x0800bd54   0x00000004   PAD
    0x0800bd58   0x0800bd58   0x000000e2   Code   RO         1722    .text.UpdateSpeed   hall_encoder.o
    0x0800be3a   0x0800be3a   0x00000006   PAD
    0x0800be40   0x0800be40   0x00000004   Code   RO          138    .text.UsageFault_Handler  stm32h7xx_it.o
    0x0800be44   0x0800be44   0x00000004   PAD
    0x0800be48   0x0800be48   0x0000005c   Code   RO         2051    .text.WriteCmd      oled.o
    0x0800bea4   0x0800bea4   0x00000004   PAD
    0x0800bea8   0x0800bea8   0x00000036   Code   RO          202    .text.__NVIC_EnableIRQ  stm32h7xx_hal_cortex.o
    0x0800bede   0x0800bede   0x00000002   PAD
    0x0800bee0   0x0800bee0   0x00000010   Code   RO          194    .text.__NVIC_GetPriorityGrouping  stm32h7xx_hal_cortex.o
    0x0800bef0   0x0800bef0   0x0000004a   Code   RO          196    .text.__NVIC_SetPriority  stm32h7xx_hal_cortex.o
    0x0800bf3a   0x0800bf3a   0x00000006   PAD
    0x0800bf40   0x0800bf40   0x00000040   Code   RO          190    .text.__NVIC_SetPriorityGrouping  stm32h7xx_hal_cortex.o
    0x0800bf80   0x0800bf80   0x00000086   Code   RO         1911    .text.analyze_initial_stability  visual.o
    0x0800c006   0x0800c006   0x00000002   PAD
    0x0800c008   0x0800c008   0x0000009c   Code   RO         1909    .text.analyze_nav_stability  visual.o
    0x0800c0a4   0x0800c0a4   0x00000004   PAD
    0x0800c0a8   0x0800c0a8   0x000000d8   Code   RO         1657    .text.atk_ms601m_get_attitude  atk_ms601m.o
    0x0800c180   0x0800c180   0x0000027e   Code   RO         1651    .text.atk_ms601m_get_frame_by_id  atk_ms601m.o
    0x0800c3fe   0x0800c3fe   0x00000002   PAD
    0x0800c400   0x0800c400   0x000001f8   Code   RO         1661    .text.atk_ms601m_get_gyro_accelerometer  atk_ms601m.o
    0x0800c5f8   0x0800c5f8   0x0000006e   Code   RO         1655    .text.atk_ms601m_init  atk_ms601m.o
    0x0800c666   0x0800c666   0x00000002   PAD
    0x0800c668   0x0800c668   0x000000e2   Code   RO         1649    .text.atk_ms601m_read_reg_by_id  atk_ms601m.o
    0x0800c74a   0x0800c74a   0x00000006   PAD
    0x0800c750   0x0800c750   0x00000066   Code   RO         1700    .text.atk_ms601m_uart_init  atk_ms601m_uart.o
    0x0800c7b6   0x0800c7b6   0x00000002   PAD
    0x0800c7b8   0x0800c7b8   0x000000cc   Code   RO         1694    .text.atk_ms601m_uart_rx_fifo_read  atk_ms601m_uart.o
    0x0800c884   0x0800c884   0x00000004   PAD
    0x0800c888   0x0800c888   0x00000066   Code   RO         1692    .text.atk_ms601m_uart_rx_fifo_write  atk_ms601m_uart.o
    0x0800c8ee   0x0800c8ee   0x00000002   PAD
    0x0800c8f0   0x0800c8f0   0x0000003a   Code   RO         1698    .text.atk_ms601m_uart_send  atk_ms601m_uart.o
    0x0800c92a   0x0800c92a   0x00000006   PAD
    0x0800c930   0x0800c930   0x0000004a   Code   RO         1732    .text.cSpeed        hall_encoder.o
    0x0800c97a   0x0800c97a   0x00000006   PAD
    0x0800c980   0x0800c980   0x0000004c   Code   RO           10    .text.delay_us_hal  main.o
    0x0800c9cc   0x0800c9cc   0x00000004   PAD
    0x0800c9d0   0x0800c9d0   0x000000f4   Code   RO         1913    .text.find_most_frequent_sequence  visual.o
    0x0800cac4   0x0800cac4   0x00000004   PAD
    0x0800cac8   0x0800cac8   0x00000068   Code   RO         1728    .text.getSpeed      hall_encoder.o
    0x0800cb30   0x0800cb30   0x00000018   Code   RO         1945    .text.getWz         initialize.o
    0x0800cb48   0x0800cb48   0x00000016   Code   RO         1943    .text.getYaw        initialize.o
    0x0800cb5e   0x0800cb5e   0x00000002   PAD
    0x0800cb60   0x0800cb60   0x000001ac   Code   RO            2    .text.main          main.o
    0x0800cd0c   0x0800cd0c   0x00000004   PAD
    0x0800cd10   0x0800cd10   0x000001bc   Code   RO         1989    .text.runCircle     kinematics.o
    0x0800cecc   0x0800cecc   0x00000004   PAD
    0x0800ced0   0x0800ced0   0x00000094   Code   RO         1981    .text.sumTheta      kinematics.o
    0x0800cf64   0x0800cf64   0x00000004   PAD
    0x0800cf68   0x0800cf68   0x00000022   Code   RO         1905    .text.visual_full_reset  visual.o
    0x0800cf8a   0x0800cf8a   0x00000006   PAD
    0x0800cf90   0x0800cf90   0x000002c8   Code   RO         1907    .text.visual_process_command  visual.o
    0x0800d258   0x0800d258   0x00000068   Code   RO         1903    .text.visual_reset_sampling_status  visual.o
    0x0800d2c0   0x0800d2c0   0x00000030   Code   RO         2266    i.__ARM_fpclassify  m_wv.l(fpclassify.o)
    0x0800d2f0   0x0800d2f0   0x000000b0   Code   RO         2092    i.__hardfp_cos      m_wv.l(cos.o)
    0x0800d3a0   0x0800d3a0   0x00000014   Code   RO         2104    i.__hardfp_fabs     m_wv.l(fabs.o)
    0x0800d3b4   0x0800d3b4   0x00000004   PAD
    0x0800d3b8   0x0800d3b8   0x000000b0   Code   RO         2110    i.__hardfp_sin      m_wv.l(sin.o)
    0x0800d468   0x0800d468   0x00000308   Code   RO         2210    i.__ieee754_rem_pio2  m_wv.l(rred.o)
    0x0800d770   0x0800d770   0x000000c4   Code   RO         2193    i.__kernel_cos      m_wv.l(cos_i.o)
    0x0800d834   0x0800d834   0x00000070   Code   RO         2268    i.__kernel_poly     m_wv.l(poly.o)
    0x0800d8a4   0x0800d8a4   0x00000004   PAD
    0x0800d8a8   0x0800d8a8   0x000000a0   Code   RO         2215    i.__kernel_sin      m_wv.l(sin_i.o)
    0x0800d948   0x0800d948   0x00000018   Code   RO         2199    i.__mathlib_dbl_invalid  m_wv.l(dunder.o)
    0x0800d960   0x0800d960   0x00000018   Code   RO         2202    i.__mathlib_dbl_underflow  m_wv.l(dunder.o)
    0x0800d978   0x0800d978   0x0000000e   Code   RO         2280    i.__scatterload_copy  mc_w.l(handlers.o)
    0x0800d986   0x0800d986   0x00000002   Code   RO         2281    i.__scatterload_null  mc_w.l(handlers.o)
    0x0800d988   0x0800d988   0x0000000e   Code   RO         2282    i.__scatterload_zeroinit  mc_w.l(handlers.o)
    0x0800d996   0x0800d996   0x00000002   PAD
    0x0800d998   0x0800d998   0x0000000c   Code   RO         2250    i.__set_errno       mc_w.l(errno.o)
    0x0800d9a4   0x0800d9a4   0x00000018   Code   RO         2106    i.fabs              m_wv.l(fabs.o)
    0x0800d9bc   0x0800d9bc   0x00000004   PAD
    0x0800d9c0   0x0800d9c0   0x00000030   Data   RO         2194    .constdata          m_wv.l(cos_i.o)
    0x0800d9f0   0x0800d9f0   0x000000c8   Data   RO         2212    .constdata          m_wv.l(rred.o)
    0x0800dab8   0x0800dab8   0x00000028   Data   RO         2216    .constdata          m_wv.l(sin_i.o)
    0x0800dae0   0x0800dae0   0x00000010   Data   RO         1640    .rodata.D1CorePrescTable  system_stm32h7xx.o
    0x0800daf0   0x0800daf0   0x00000008   Data   RO         1625    .rodata.UARTEx_SetNbDataToProcess.denominator  stm32h7xx_hal_uart_ex.o
    0x0800daf8   0x0800daf8   0x00000008   Data   RO         1624    .rodata.UARTEx_SetNbDataToProcess.numerator  stm32h7xx_hal_uart_ex.o
    0x0800db00   0x0800db00   0x00000018   Data   RO         1579    .rodata.UARTPrescTable  stm32h7xx_hal_uart.o
    0x0800db18   0x0800db18   0x00000004   Data   RO         1683    .rodata.g_atk_ms601m_accelerometer_fsr_table  atk_ms601m.o
    0x0800db1c   0x0800db1c   0x00000008   Data   RO         1682    .rodata.g_atk_ms601m_gyro_fsr_table  atk_ms601m.o
    0x0800db24   0x0800db24   0x00000020   Data   RO         2279    Region$$Table       anon$$obj.o


    Execution Region RW_IRAM1 (Exec base: 0x20000000, Load base: 0x0800db44, Size: 0x00000000, Max: 0x00020000, ABSOLUTE)

    **** No section assigned to this execution region ****


    Execution Region RW_IRAM2 (Exec base: 0x24000000, Load base: 0x0800db48, Size: 0x000080c8, Max: 0x00080000, ABSOLUTE)

    Exec Addr    Load Addr    Size         Type   Attr      Idx    E Section Name        Object

    0x24000000   0x0800db48   0x00000004   Data   RW         2251    .data               mc_w.l(errno.o)
    0x24000004   0x0800db4c   0x0000001b   Data   RW         2083    .data.CMD_Data      oled.o
    0x2400001f   0x0800db67   0x00000001   Data   RW           24    .data.Sampling_Begin  main.o
    0x24000020   0x0800db68   0x00000004   Data   RW         1638    .data.SystemCoreClock  system_stm32h7xx.o
    0x24000024   0x0800db6c   0x00000004   Data   RW         1639    .data.SystemD2Clock  system_stm32h7xx.o
    0x24000028   0x0800db70   0x00000001   Data   RW         1961    .data.UpdateData.first_run  initialize.o
    0x24000029   0x0800db71   0x00000003   PAD
    0x2400002c   0x0800db74   0x00000018   Data   RW           22    .data.mode          main.o
    0x24000044   0x0800db8c   0x00000004   Data   RW         1998    .data.runCircle.first_run  kinematics.o
    0x24000048   0x0800db90   0x00000004   Data   RW         1921    .data.s_initial_digit  visual.o
    0x2400004c   0x0800db94   0x00000001   Data   RW          863    .data.uwTickFreq    stm32h7xx_hal.o
    0x2400004d   0x0800db95   0x00000003   PAD
    0x24000050   0x0800db98   0x00000004   Data   RW          862    .data.uwTickPrio    stm32h7xx_hal.o
    0x24000054   0x0800db9c   0x00000004   PAD
    0x24000058        -       0x00000004   Zero   RW         1743    .bss.LRFlag         hall_encoder.o
    0x2400005c   0x0800db9c   0x00000004   PAD
    0x24000060        -       0x00000038   Zero   RW         1957    .bss.Le             initialize.o
    0x24000098        -       0x00000008   Zero   RW         1993    .bss.PID_Move.last_target  kinematics.o
    0x240000a0        -       0x0000000c   Zero   RW         1992    .bss.PID_Move.pidAngular  kinematics.o
    0x240000ac        -       0x0000000c   Zero   RW         1991    .bss.PID_Move.pidSpeed  kinematics.o
    0x240000b8        -       0x00000038   Zero   RW         1958    .bss.Ri             initialize.o
    0x240000f0        -       0x00000004   Zero   RW         1960    .bss.UpdateData.last_time  initialize.o
    0x240000f4        -       0x00000019   Zero   RW           31    .bss.Visual_Data    main.o
    0x2400010d        -       0x00000019   Zero   RW           30    .bss.Visual_Rx_Buff  main.o
    0x24000126   0x0800db9c   0x00000002   PAD
    0x24000128        -       0x00000020   Zero   RW         1959    .bss.car            initialize.o
    0x24000148        -       0x00000010   Zero   RW         1962    .bss.current_data   initialize.o
    0x24000158        -       0x00000140   Zero   RW         1744    .bss.encoders       hall_encoder.o
    0x24000298        -       0x00000002   Zero   RW         1681    .bss.g_atk_ms601m_fsr  atk_ms601m.o
    0x2400029a   0x0800db9c   0x00000002   PAD
    0x2400029c        -       0x00000094   Zero   RW         1705    .bss.g_uart_handle  atk_ms601m_uart.o
    0x24000330        -       0x00000086   Zero   RW         1704    .bss.g_uart_rx_fifo  atk_ms601m_uart.o
    0x240003b6   0x0800db9c   0x00000002   PAD
    0x240003b8        -       0x00000054   Zero   RW           63    .bss.hi2c1          i2c.o
    0x2400040c        -       0x00000054   Zero   RW           64    .bss.hi2c2          i2c.o
    0x24000460        -       0x0000004c   Zero   RW           93    .bss.htim1          tim.o
    0x240004ac        -       0x0000004c   Zero   RW           94    .bss.htim3          tim.o
    0x240004f8        -       0x0000004c   Zero   RW           95    .bss.htim5          tim.o
    0x24000544        -       0x0000004c   Zero   RW           96    .bss.htim6          tim.o
    0x24000590        -       0x0000004c   Zero   RW           97    .bss.htim7          tim.o
    0x240005dc        -       0x00000094   Zero   RW          118    .bss.huart1         usart.o
    0x24000670        -       0x00000094   Zero   RW          119    .bss.huart2         usart.o
    0x24000704        -       0x00000094   Zero   RW          120    .bss.huart3         usart.o
    0x24000798        -       0x00000094   Zero   RW          121    .bss.huart6         usart.o
    0x2400082c        -       0x00000004   Zero   RW         1742    .bss.numEncoders    hall_encoder.o
    0x24000830        -       0x00000004   Zero   RW         2000    .bss.runCircle.last_time  kinematics.o
    0x24000834        -       0x00000004   Zero   RW         1999    .bss.runCircle.start_yaw  kinematics.o
    0x24000838        -       0x00000004   Zero   RW         1915    .bss.s_initial_sample_count  visual.o
    0x2400083c        -       0x0000001e   Zero   RW         1917    .bss.s_initial_sample_lengths  visual.o
    0x2400085a        -       0x00000078   Zero   RW         1916    .bss.s_initial_samples  visual.o
    0x240008d2   0x0800db9c   0x00000002   PAD
    0x240008d4        -       0x00000004   Zero   RW         1918    .bss.s_nav_sample_count  visual.o
    0x240008d8        -       0x000000c8   Zero   RW         1920    .bss.s_nav_sample_lengths  visual.o
    0x240009a0        -       0x00000320   Zero   RW         1919    .bss.s_nav_samples  visual.o
    0x24000cc0        -       0x00000001   Zero   RW         1922    .bss.s_previous_sampling_command  visual.o
    0x24000cc1   0x0800db9c   0x00000003   PAD
    0x24000cc4        -       0x00000004   Zero   RW          864    .bss.uwTick         stm32h7xx_hal.o
    0x24000cc8        -       0x00007400   Zero   RW          178    STACK               startup_stm32h743xx.o


==============================================================================

Image component sizes


      Code (inc. data)   RO Data    RW Data    ZI Data      Debug   Object Name

      1694         36         12          0          2       8310   atk_ms601m.o
       596          0          0          0        282       5244   atk_ms601m_uart.o
       414          0          0          0          0       3032   gpio.o
      1130         32          0          0        328       8663   hall_encoder.o
       564          0          0          0        168       8276   i2c.o
      1042          4          0          1        164       8142   initialize.o
      1924         80          0          4         40       4433   kinematics.o
        22          0          0          0          0       1735   led.o
      1206          8          0         25         50      14475   main.o
       334          0          0         27          0       3628   oled.o
        36          8        664          0      29696        812   startup_stm32h743xx.o
       402          0          0          5          4      13875   stm32h7xx_hal.o
       796          0          0          0          0      11376   stm32h7xx_hal_cortex.o
      4194          0          0          0          0      12852   stm32h7xx_hal_dma.o
      1052          0          0          0          0       6993   stm32h7xx_hal_gpio.o
      2494          0          0          0          0      36288   stm32h7xx_hal_i2c.o
       330          0          0          0          0       7318   stm32h7xx_hal_i2c_ex.o
        38          0          0          0          0       2200   stm32h7xx_hal_msp.o
       170          0          0          0          0      10376   stm32h7xx_hal_pwr_ex.o
      5152         66          0          0          0      11932   stm32h7xx_hal_rcc.o
      6744         96          0          0          0      19298   stm32h7xx_hal_rcc_ex.o
      6246         22          0          0          0      37731   stm32h7xx_hal_tim.o
       388          0          0          0          0      17578   stm32h7xx_hal_tim_ex.o
      9328        258         24          0          0      29220   stm32h7xx_hal_uart.o
       802          0         16          0          0       8875   stm32h7xx_hal_uart_ex.o
       150          0          0          0          0       1677   stm32h7xx_it.o
       346          0         16          8          0       5779   system_stm32h7xx.o
       768          6          0          0          0       6377   tb6612fng.o
      1350          0          0          0        380      12348   tim.o
      1282          0          0          0        592      12267   usart.o
      1384          4          0          4       1159       3249   visual.o

    ----------------------------------------------------------------------
     52972        656        764         80      32884     334359   Object Totals
         0          0         32          0          0          0   (incl. Generated)
       594         36          0          6         19          0   (incl. Padding)

    ----------------------------------------------------------------------

      Code (inc. data)   RO Data    RW Data    ZI Data      Debug   Library Member Name

       176         18          0          0          0        156   cos.o
       196         14         48          0          0        176   cos_i.o
        48         28          0          0          0        232   dunder.o
        44          0          0          0          0        248   fabs.o
        48          0          0          0          0        124   fpclassify.o
       112          0          0          0          0        116   poly.o
       776        130        200          0          0        172   rred.o
       176         18          0          0          0        160   sin.o
       160         16         40          0          0        196   sin_i.o
         0          0          0          0          0          0   entry.o
         0          0          0          0          0          0   entry10a.o
         0          0          0          0          0          0   entry11a.o
         8          4          0          0          0          0   entry2.o
         4          0          0          0          0          0   entry5.o
         0          0          0          0          0          0   entry7b.o
         0          0          0          0          0          0   entry8b.o
         8          4          0          0          0          0   entry9a.o
        12          6          0          4          0         68   errno.o
        30          0          0          0          0          0   handlers.o
        36          8          0          0          0         68   init.o
         0          0          0          0          0          0   iusefp.o
        30          0          0          0          0         68   llshl.o
        32          0          0          0          0         68   llushr.o
        26          0          0          0          0         80   memcmp.o
        36          0          0          0          0         68   memcpya.o
        36          0          0          0          0        108   memseta.o
        98          0          0          0          0         92   uldiv.o

    ----------------------------------------------------------------------
      2108        246        288          4          0       2200   Library Totals
        16          0          0          0          0          0   (incl. Padding)

    ----------------------------------------------------------------------

      Code (inc. data)   RO Data    RW Data    ZI Data      Debug   Library Name

      1736        224        288          0          0       1580   m_wv.l
       356         22          0          4          0        620   mc_w.l

    ----------------------------------------------------------------------
      2108        246        288          4          0       2200   Library Totals

    ----------------------------------------------------------------------

==============================================================================


      Code (inc. data)   RO Data    RW Data    ZI Data      Debug   

     55080        902       1052         84      32884     335091   Grand Totals
     55080        902       1052         84      32884     335091   ELF Image Totals
     55080        902       1052         84          0          0   ROM Totals

==============================================================================

    Total RO  Size (Code + RO Data)                56132 (  54.82kB)
    Total RW  Size (RW Data + ZI Data)             32968 (  32.20kB)
    Total ROM Size (Code + RO Data + RW Data)      56216 (  54.90kB)

==============================================================================

